../Core/Src/mystruct.c:29:7:getSetpoint	4	static
../Core/Src/mystruct.c:33:6:setSetpoint	16	static
../Core/Src/mystruct.c:61:7:getCurrent	4	static
../Core/Src/mystruct.c:65:6:setCurrent	40	static
../Core/Src/mystruct.c:133:7:getBatteryVoltage	4	static
../Core/Src/mystruct.c:137:6:setBatteryVoltage	40	static
../Core/Src/mystruct.c:161:7:getDacOutput	4	static
../Core/Src/mystruct.c:165:6:setDacOutput	24	static
../Core/Src/mystruct.c:175:7:getParameter	4	static
../Core/Src/mystruct.c:179:6:setParameter	24	static
../Core/Src/mystruct.c:192:9:getMode	4	static
../Core/Src/mystruct.c:196:6:setMode	16	static
../Core/Src/mystruct.c:200:9:getOnOff	4	static
../Core/Src/mystruct.c:204:6:setOnOff	16	static
../Core/Src/mystruct.c:211:9:getLogging	4	static
../Core/Src/mystruct.c:215:6:setLogging	16	static
../Core/Src/mystruct.c:223:10:getLoggingBufferSize	4	static
../Core/Src/mystruct.c:227:6:setLoggingBufferSize	16	static
../Core/Src/mystruct.c:231:10:getLoggingSpeed	4	static
../Core/Src/mystruct.c:235:6:setLoggingSpeed	16	static
../Core/Src/mystruct.c:239:6:measureTemp_1	8	static
../Core/Src/mystruct.c:246:6:setTemp_1	32	static
../Core/Src/mystruct.c:265:7:getTemp_1	4	static
../Core/Src/mystruct.c:269:6:measureTemp_2	8	static
../Core/Src/mystruct.c:276:6:setTemp_2	32	static
../Core/Src/mystruct.c:295:7:getTemp_2	4	static
../Core/Src/mystruct.c:299:6:measureTemp_3	8	static
../Core/Src/mystruct.c:306:6:setTemp_3	32	static
../Core/Src/mystruct.c:325:7:getTemp_3	4	static
../Core/Src/mystruct.c:329:6:delay_us	16	static
../Core/Src/mystruct.c:334:19:wire_reset_1	16	static
../Core/Src/mystruct.c:349:6:write_bit_1	16	static
../Core/Src/mystruct.c:365:5:read_bit_1	16	static
../Core/Src/mystruct.c:377:6:wire_write_1	24	static
../Core/Src/mystruct.c:386:9:wire_read_1	16	static
../Core/Src/mystruct.c:399:19:wire_reset_2	16	static
../Core/Src/mystruct.c:414:6:write_bit_2	16	static
../Core/Src/mystruct.c:430:5:read_bit_2	16	static
../Core/Src/mystruct.c:442:6:wire_write_2	24	static
../Core/Src/mystruct.c:451:9:wire_read_2	16	static
../Core/Src/mystruct.c:464:19:wire_reset_3	16	static
../Core/Src/mystruct.c:479:6:write_bit_3	16	static
../Core/Src/mystruct.c:495:5:read_bit_3	16	static
../Core/Src/mystruct.c:507:6:wire_write_3	24	static
../Core/Src/mystruct.c:516:9:wire_read_3	16	static
