Archive member included to satisfy reference by file (symbol)

/home/majg__/.local/share/stm32cube/bundles/gnu-tools-for-stm32/14.3.1+st.2/bin/../lib/gcc/arm-none-eabi/14.3.1/../../../../arm-none-eabi/lib/thumb/v7-m/nofp/libm.a(libm_a-sf_round.o)
                              CMakeFiles/active-load.dir/Modules/state/src/app_state.c.obj (roundf)
/home/majg__/.local/share/stm32cube/bundles/gnu-tools-for-stm32/14.3.1+st.2/bin/../lib/gcc/arm-none-eabi/14.3.1/thumb/v7-m/nofp/libgcc.a(_arm_mulsf3.o)
                              CMakeFiles/active-load.dir/Modules/control/src/load_output.c.obj (__aeabi_fmul)
/home/majg__/.local/share/stm32cube/bundles/gnu-tools-for-stm32/14.3.1+st.2/bin/../lib/gcc/arm-none-eabi/14.3.1/thumb/v7-m/nofp/libgcc.a(_arm_addsubdf3.o)
                              CMakeFiles/active-load.dir/Modules/logger/src/logger_sd.c.obj (__aeabi_f2d)
/home/majg__/.local/share/stm32cube/bundles/gnu-tools-for-stm32/14.3.1+st.2/bin/../lib/gcc/arm-none-eabi/14.3.1/thumb/v7-m/nofp/libgcc.a(_arm_addsubsf3.o)
                              CMakeFiles/active-load.dir/Modules/control/src/regulator.c.obj (__aeabi_fsub)
/home/majg__/.local/share/stm32cube/bundles/gnu-tools-for-stm32/14.3.1+st.2/bin/../lib/gcc/arm-none-eabi/14.3.1/thumb/v7-m/nofp/libgcc.a(_arm_muldivsf3.o)
                              CMakeFiles/active-load.dir/Modules/control/src/load_output.c.obj (__aeabi_fdiv)
/home/majg__/.local/share/stm32cube/bundles/gnu-tools-for-stm32/14.3.1+st.2/bin/../lib/gcc/arm-none-eabi/14.3.1/thumb/v7-m/nofp/libgcc.a(_arm_cmpsf2.o)
                              CMakeFiles/active-load.dir/Modules/control/src/regulator.c.obj (__aeabi_fcmpeq)
/home/majg__/.local/share/stm32cube/bundles/gnu-tools-for-stm32/14.3.1+st.2/bin/../lib/gcc/arm-none-eabi/14.3.1/thumb/v7-m/nofp/libgcc.a(_arm_fixsfsi.o)
                              CMakeFiles/active-load.dir/Modules/control/src/regulator.c.obj (__aeabi_f2iz)
/home/majg__/.local/share/stm32cube/bundles/gnu-tools-for-stm32/14.3.1+st.2/bin/../lib/gcc/arm-none-eabi/14.3.1/thumb/v7-m/nofp/libgcc.a(_arm_fixunssfsi.o)
                              CMakeFiles/active-load.dir/Modules/control/src/regulator.c.obj (__aeabi_f2uiz)
/home/majg__/.local/share/stm32cube/bundles/gnu-tools-for-stm32/14.3.1+st.2/bin/../lib/gcc/arm-none-eabi/14.3.1/thumb/v7-m/nofp/libgcc.a(_aeabi_uldivmod.o)
                              cmake/stm32cubemx/CMakeFiles/STM32_Drivers.dir/__/__/Drivers/STM32L1xx_HAL_Driver/Src/stm32l1xx_hal_rcc.c.obj (__aeabi_uldivmod)
/home/majg__/.local/share/stm32cube/bundles/gnu-tools-for-stm32/14.3.1+st.2/bin/../lib/gcc/arm-none-eabi/14.3.1/thumb/v7-m/nofp/libgcc.a(_udivmoddi4.o)
                              /home/majg__/.local/share/stm32cube/bundles/gnu-tools-for-stm32/14.3.1+st.2/bin/../lib/gcc/arm-none-eabi/14.3.1/thumb/v7-m/nofp/libgcc.a(_aeabi_uldivmod.o) (__udivmoddi4)
/home/majg__/.local/share/stm32cube/bundles/gnu-tools-for-stm32/14.3.1+st.2/bin/../lib/gcc/arm-none-eabi/14.3.1/thumb/v7-m/nofp/libgcc.a(_dvmd_tls.o)
                              /home/majg__/.local/share/stm32cube/bundles/gnu-tools-for-stm32/14.3.1+st.2/bin/../lib/gcc/arm-none-eabi/14.3.1/thumb/v7-m/nofp/libgcc.a(_aeabi_uldivmod.o) (__aeabi_ldiv0)
/home/majg__/.local/share/stm32cube/bundles/gnu-tools-for-stm32/14.3.1+st.2/bin/../lib/gcc/arm-none-eabi/14.3.1/../../../../arm-none-eabi/lib/thumb/v7-m/nofp/libg_nano.a(libc_a-exit.o)
                              /home/majg__/.local/share/stm32cube/bundles/gnu-tools-for-stm32/14.3.1+st.2/bin/../lib/gcc/arm-none-eabi/14.3.1/../../../../arm-none-eabi/lib/thumb/v7-m/nofp/crt0.o (exit)
/home/majg__/.local/share/stm32cube/bundles/gnu-tools-for-stm32/14.3.1+st.2/bin/../lib/gcc/arm-none-eabi/14.3.1/../../../../arm-none-eabi/lib/thumb/v7-m/nofp/libg_nano.a(libc_a-findfp.o)
                              /home/majg__/.local/share/stm32cube/bundles/gnu-tools-for-stm32/14.3.1+st.2/bin/../lib/gcc/arm-none-eabi/14.3.1/../../../../arm-none-eabi/lib/thumb/v7-m/nofp/libg_nano.a(libc_a-exit.o) (__stdio_exit_handler)
/home/majg__/.local/share/stm32cube/bundles/gnu-tools-for-stm32/14.3.1+st.2/bin/../lib/gcc/arm-none-eabi/14.3.1/../../../../arm-none-eabi/lib/thumb/v7-m/nofp/libg_nano.a(libc_a-fwalk.o)
                              /home/majg__/.local/share/stm32cube/bundles/gnu-tools-for-stm32/14.3.1+st.2/bin/../lib/gcc/arm-none-eabi/14.3.1/../../../../arm-none-eabi/lib/thumb/v7-m/nofp/libg_nano.a(libc_a-findfp.o) (_fwalk_sglue)
/home/majg__/.local/share/stm32cube/bundles/gnu-tools-for-stm32/14.3.1+st.2/bin/../lib/gcc/arm-none-eabi/14.3.1/../../../../arm-none-eabi/lib/thumb/v7-m/nofp/libg_nano.a(libc_a-snprintf.o)
                              CMakeFiles/active-load.dir/Modules/logger/src/logger_sd.c.obj (snprintf)
/home/majg__/.local/share/stm32cube/bundles/gnu-tools-for-stm32/14.3.1+st.2/bin/../lib/gcc/arm-none-eabi/14.3.1/../../../../arm-none-eabi/lib/thumb/v7-m/nofp/libg_nano.a(libc_a-stdio.o)
[...]
Memory Configuration

Name             Origin             Length             Attributes
RAM              0x20000000         0x00014000         xrw
FLASH            0x08000000         0x00080000         xr
*default*        0x00000000         0xffffffff

Linker script and memory map

LOAD /home/majg__/.local/share/stm32cube/bundles/gnu-tools-for-stm32/14.3.1+st.2/bin/../lib/gcc/arm-none-eabi/14.3.1/thumb/v7-m/nofp/crti.o
LOAD /home/majg__/.local/share/stm32cube/bundles/gnu-tools-for-stm32/14.3.1+st.2/bin/../lib/gcc/arm-none-eabi/14.3.1/thumb/v7-m/nofp/crtbegin.o
LOAD /home/majg__/.local/share/stm32cube/bundles/gnu-tools-for-stm32/14.3.1+st.2/bin/../lib/gcc/arm-none-eabi/14.3.1/../../../../arm-none-eabi/lib/thumb/v7-m/nofp/crt0.o
LOAD cmake/stm32cubemx/CMakeFiles/STM32_Drivers.dir/__/__/Core/Src/system_stm32l1xx.c.obj
LOAD cmake/stm32cubemx/CMakeFiles/STM32_Drivers.dir/__/__/Drivers/STM32L1xx_HAL_Driver/Src/stm32l1xx_hal.c.obj
LOAD cmake/stm32cubemx/CMakeFiles/STM32_Drivers.dir/__/__/Drivers/STM32L1xx_HAL_Driver/Src/stm32l1xx_hal_rcc.c.obj
LOAD cmake/stm32cubemx/CMakeFiles/STM32_Drivers.dir/__/__/Drivers/STM32L1xx_HAL_Driver/Src/stm32l1xx_hal_rcc_ex.c.obj
LOAD cmake/stm32cubemx/CMakeFiles/STM32_Drivers.dir/__/__/Drivers/STM32L1xx_HAL_Driver/Src/stm32l1xx_hal_flash.c.obj
LOAD cmake/stm32cubemx/CMakeFiles/STM32_Drivers.dir/__/__/Drivers/STM32L1xx_HAL_Driver/Src/stm32l1xx_hal_flash_ex.c.obj
LOAD cmake/stm32cubemx/CMakeFiles/STM32_Drivers.dir/__/__/Drivers/STM32L1xx_HAL_Driver/Src/stm32l1xx_hal_flash_ramfunc.c.obj
LOAD cmake/stm32cubemx/CMakeFiles/STM32_Drivers.dir/__/__/Drivers/STM32L1xx_HAL_Driver/Src/stm32l1xx_hal_gpio.c.obj
LOAD cmake/stm32cubemx/CMakeFiles/STM32_Drivers.dir/__/__/Drivers/STM32L1xx_HAL_Driver/Src/stm32l1xx_hal_dma.c.obj
LOAD cmake/stm32cubemx/CMakeFiles/STM32_Drivers.dir/__/__/Drivers/STM32L1xx_HAL_Driver/Src/stm32l1xx_hal_pwr.c.obj
LOAD cmake/stm32cubemx/CMakeFiles/STM32_Drivers.dir/__/__/Drivers/STM32L1xx_HAL_Driver/Src/stm32l1xx_hal_pwr_ex.c.obj
LOAD cmake/stm32cubemx/CMakeFiles/STM32_Drivers.dir/__/__/Drivers/STM32L1xx_HAL_Driver/Src/stm32l1xx_hal_cortex.c.obj
LOAD cmake/stm32cubemx/CMakeFiles/STM32_Drivers.dir/__/__/Drivers/STM32L1xx_HAL_Driver/Src/stm32l1xx_hal_exti.c.obj
LOAD cmake/stm32cubemx/CMakeFiles/STM32_Drivers.dir/__/__/Drivers/STM32L1xx_HAL_Driver/Src/stm32l1xx_hal_rtc.c.obj
LOAD cmake/stm32cubemx/CMakeFiles/STM32_Drivers.dir/__/__/Drivers/STM32L1xx_HAL_Driver/Src/stm32l1xx_hal_rtc_ex.c.obj
LOAD cmake/stm32cubemx/CMakeFiles/STM32_Drivers.dir/__/__/Drivers/STM32L1xx_HAL_Driver/Src/stm32l1xx_hal_spi.c.obj
LOAD cmake/stm32cubemx/CMakeFiles/STM32_Drivers.dir/__/__/Drivers/STM32L1xx_HAL_Driver/Src/stm32l1xx_hal_tim.c.obj
LOAD cmake/stm32cubemx/CMakeFiles/STM32_Drivers.dir/__/__/Drivers/STM32L1xx_HAL_Driver/Src/stm32l1xx_hal_tim_ex.c.obj
LOAD cmake/stm32cubemx/CMakeFiles/STM32_Drivers.dir/__/__/Drivers/STM32L1xx_HAL_Driver/Src/stm32l1xx_hal_uart.c.obj
LOAD cmake/stm32cubemx/CMakeFiles/FatFs.dir/__/__/Middlewares/Third_Party/FatFs/src/diskio.c.obj
LOAD cmake/stm32cubemx/CMakeFiles/FatFs.dir/__/__/FATFS/Target/user_diskio_spi.c.obj
LOAD cmake/stm32cubemx/CMakeFiles/FatFs.dir/__/__/Middlewares/Third_Party/FatFs/src/ff.c.obj
LOAD cmake/stm32cubemx/CMakeFiles/FatFs.dir/__/__/Middlewares/Third_Party/FatFs/src/ff_gen_drv.c.obj
LOAD cmake/stm32cubemx/CMakeFiles/FatFs.dir/__/__/Middlewares/Third_Party/FatFs/src/option/syscall.c.obj
LOAD CMakeFiles/active-load.dir/FATFS/App/fatfs.c.obj
LOAD CMakeFiles/active-load.dir/FATFS/Target/user_diskio.c.obj
LOAD CMakeFiles/active-load.dir/Core/Src/main.c.obj
LOAD CMakeFiles/active-load.dir/Core/Src/gpio.c.obj
LOAD CMakeFiles/active-load.dir/Core/Src/rtc.c.obj
LOAD CMakeFiles/active-load.dir/Core/Src/spi.c.obj
LOAD CMakeFiles/active-load.dir/Core/Src/tim.c.obj
LOAD CMakeFiles/active-load.dir/Core/Src/usart.c.obj
LOAD CMakeFiles/active-load.dir/Core/Src/stm32l1xx_it.c.obj
LOAD CMakeFiles/active-load.dir/Core/Src/stm32l1xx_hal_msp.c.obj
LOAD CMakeFiles/active-load.dir/Core/Src/sysmem.c.obj
LOAD CMakeFiles/active-load.dir/Core/Src/syscalls.c.obj
LOAD CMakeFiles/active-load.dir/startup_stm32l152xe.s.obj
LOAD CMakeFiles/active-load.dir/Modules/app/src/app_init.c.obj
LOAD CMakeFiles/active-load.dir/Modules/comms/src/comms_pc.c.obj
LOAD CMakeFiles/active-load.dir/Modules/control/src/load_output.c.obj
LOAD CMakeFiles/active-load.dir/Modules/control/src/regulator.c.obj
LOAD CMakeFiles/active-load.dir/Modules/control/src/safety.c.obj
LOAD CMakeFiles/active-load.dir/Modules/logger/src/logger_sd.c.obj
LOAD CMakeFiles/active-load.dir/Modules/logger/src/logger_uart.c.obj
LOAD CMakeFiles/active-load.dir/Modules/measurement/src/measurement.c.obj
LOAD CMakeFiles/active-load.dir/Modules/measurement/src/adc_current_config.c.obj
LOAD CMakeFiles/active-load.dir/Modules/measurement/src/adc_voltage_config.c.obj
LOAD CMakeFiles/active-load.dir/Modules/measurement/src/temp_sensor.c.obj
LOAD CMakeFiles/active-load.dir/Modules/param_table/src/param_table.c.obj
LOAD CMakeFiles/active-load.dir/Modules/state/src/app_state.c.obj
LOAD CMakeFiles/active-load.dir/Modules/storage/src/config_store.c.obj
LOAD CMakeFiles/active-load.dir/Modules/ui/src/lcd_ui.c.obj
LOAD CMakeFiles/active-load.dir/AdDrivers/MCP3561T/src/mcp3561t_init.c.obj
LOAD CMakeFiles/active-load.dir/AdDrivers/MCP3561T/src/mcp3561t_runtime.c.obj
LOAD CMakeFiles/active-load.dir/AdDrivers/DAC8830/src/dac8830.c.obj
LOAD /home/majg__/.local/share/stm32cube/bundles/gnu-tools-for-stm32/14.3.1+st.2/bin/../lib/gcc/arm-none-eabi/14.3.1/../../../../arm-none-eabi/lib/thumb/v7-m/nofp/libm.a
START GROUP
LOAD /home/majg__/.local/share/stm32cube/bundles/gnu-tools-for-stm32/14.3.1+st.2/bin/../lib/gcc/arm-none-eabi/14.3.1/thumb/v7-m/nofp/libgcc.a
LOAD /home/majg__/.local/share/stm32cube/bundles/gnu-tools-for-stm32/14.3.1+st.2/bin/../lib/gcc/arm-none-eabi/14.3.1/../../../../arm-none-eabi/lib/thumb/v7-m/nofp/libg_nano.a
LOAD /home/majg__/.local/share/stm32cube/bundles/gnu-tools-for-stm32/14.3.1+st.2/bin/../lib/gcc/arm-none-eabi/14.3.1/../../../../arm-none-eabi/lib/thumb/v7-m/nofp/libc_nano.a
END GROUP
START GROUP
LOAD /home/majg__/.local/share/stm32cube/bundles/gnu-tools-for-stm32/14.3.1+st.2/bin/../lib/gcc/arm-none-eabi/14.3.1/thumb/v7-m/nofp/libgcc.a
LOAD /home/majg__/.local/share/stm32cube/bundles/gnu-tools-for-stm32/14.3.1+st.2/bin/../lib/gcc/arm-none-eabi/14.3.1/../../../../arm-none-eabi/lib/thumb/v7-m/nofp/libc_nano.a
END GROUP
LOAD /home/majg__/.local/share/stm32cube/bundles/gnu-tools-for-stm32/14.3.1+st.2/bin/../lib/gcc/arm-none-eabi/14.3.1/thumb/v7-m/nofp/crtend.o
LOAD /home/majg__/.local/share/stm32cube/bundles/gnu-tools-for-stm32/14.3.1+st.2/bin/../lib/gcc/arm-none-eabi/14.3.1/thumb/v7-m/nofp/crtn.o
                0x20014000                        _estack = (ORIGIN (RAM) + LENGTH (RAM))
                0x00000200                        _Min_Heap_Size = 0x200
                0x00000400                        _Min_Stack_Size = 0x400

.isr_vector     0x08000000      0x13c
                0x08000000                        . = ALIGN (0x4)
 *(.isr_vector)
 .isr_vector    0x08000000      0x13c CMakeFiles/active-load.dir/startup_stm32l152xe.s.obj
                0x08000000                g_pfnVectors
                0x0800013c                        . = ALIGN (0x4)

.text           0x0800013c     0x7f80
                0x0800013c                        . = ALIGN (0x4)
 *(.text)
 .text          0x0800013c       0x40 /home/majg__/.local/share/stm32cube/bundles/gnu-tools-for-stm32/14.3.1+st.2/bin/../lib/gcc/arm-none-eabi/14.3.1/thumb/v7-m/nofp/crtbegin.o
 .text          0x0800017c      0x378 /home/majg__/.local/share/stm32cube/bundles/gnu-tools-for-stm32/14.3.1+st.2/bin/../lib/gcc/arm-none-eabi/14.3.1/thumb/v7-m/nofp/libgcc.a(_arm_addsubdf3.o)
                0x0800017c                __aeabi_drsub
                0x08000184                __aeabi_dsub
                0x08000184                __subdf3
                0x08000188                __adddf3
                0x08000188                __aeabi_dadd
                0x08000400                __aeabi_ui2d
                0x08000400                __floatunsidf
                0x08000420                __floatsidf
                0x08000420                __aeabi_i2d
                0x08000444                __extendsfdf2
                0x08000444                __aeabi_f2d
                0x08000488                __aeabi_ul2d
                0x08000488                __floatundidf
                0x08000498                __floatdidf
                0x08000498                __aeabi_l2d
 .text          0x080004f4      0x21c /home/majg__/.local/share/stm32cube/bundles/gnu-tools-for-stm32/14.3.1+st.2/bin/../lib/gcc/arm-none-eabi/14.3.1/thumb/v7-m/nofp/libgcc.a(_arm_addsubsf3.o)
                0x080004f4                __aeabi_frsub
                0x080004fc                __subsf3
                0x080004fc                __aeabi_fsub
                0x08000500                __aeabi_fadd
                0x08000500                __addsf3
                0x08000660                __aeabi_ui2f
                0x08000660                __floatunsisf
                0x08000668                __aeabi_i2f
                0x08000668                __floatsisf
                0x08000684                __floatundisf
                0x08000684                __aeabi_ul2f
                0x08000694                __floatdisf
                0x08000694                __aeabi_l2f
 .text          0x08000710      0x2a0 /home/majg__/.local/share/stm32cube/bundles/gnu-tools-for-stm32/14.3.1+st.2/bin/../lib/gcc/arm-none-eabi/14.3.1/thumb/v7-m/nofp/libgcc.a(_arm_muldivsf3.o)
                0x08000710                __mulsf3
                0x08000710                __aeabi_fmul
                0x08000878                __divsf3
                0x08000878                __aeabi_fdiv
 .text          0x080009b0       0xec /home/majg__/.local/share/stm32cube/bundles/gnu-tools-for-stm32/14.3.1+st.2/bin/../lib/gcc/arm-none-eabi/14.3.1/thumb/v7-m/nofp/libgcc.a(_arm_cmpsf2.o)
                0x080009b0                __gtsf2
                0x080009b0                __gesf2
                0x080009b8                __lesf2
                0x080009b8                __ltsf2
                0x080009c0                __nesf2
                0x080009c0                __eqsf2
                0x080009c0                __cmpsf2
                0x08000a20                __aeabi_cfrcmple
                0x08000a28                __aeabi_cfcmple
                0x08000a28                __aeabi_cfcmpeq
                0x08000a38                __aeabi_fcmpeq
                0x08000a4c                __aeabi_fcmplt
                0x08000a60                __aeabi_fcmple
                0x08000a74                __aeabi_fcmpge
                0x08000a88                __aeabi_fcmpgt
 .text          0x08000a9c       0x4c /home/majg__/.local/share/stm32cube/bundles/gnu-tools-for-stm32/14.3.1+st.2/bin/../lib/gcc/arm-none-eabi/14.3.1/thumb/v7-m/nofp/libgcc.a(_arm_fixsfsi.o)
                0x08000a9c                __fixsfsi
                0x08000a9c                __aeabi_f2iz
 .text          0x08000ae8       0x40 /home/majg__/.local/share/stm32cube/bundles/gnu-tools-for-stm32/14.3.1+st.2/bin/../lib/gcc/arm-none-eabi/14.3.1/thumb/v7-m/nofp/libgcc.a(_arm_fixunssfsi.o)
                0x08000ae8                __aeabi_f2uiz
                0x08000ae8                __fixunssfsi
 .text          0x08000b28       0x30 /home/majg__/.local/share/stm32cube/bundles/gnu-tools-for-stm32/14.3.1+st.2/bin/../lib/gcc/arm-none-eabi/14.3.1/thumb/v7-m/nofp/libgcc.a(_aeabi_uldivmod.o)
                0x08000b28                __aeabi_uldivmod
 .text          0x08000b58      0x2f4 /home/majg__/.local/share/stm32cube/bundles/gnu-tools-for-stm32/14.3.1+st.2/bin/../lib/gcc/arm-none-eabi/14.3.1/thumb/v7-m/nofp/libgcc.a(_udivmoddi4.o)
                0x08000b58                __udivmoddi4
 .text          0x08000e4c        0x4 /home/majg__/.local/share/stm32cube/bundles/gnu-tools-for-stm32/14.3.1+st.2/bin/../lib/gcc/arm-none-eabi/14.3.1/thumb/v7-m/nofp/libgcc.a(_dvmd_tls.o)
                0x08000e4c                __aeabi_ldiv0
                0x08000e4c                __aeabi_idiv0
 .text          0x08000e50       0x10 /home/majg__/.local/share/stm32cube/bundles/gnu-tools-for-stm32/14.3.1+st.2/bin/../lib/gcc/arm-none-eabi/14.3.1/../../../../arm-none-eabi/lib/thumb/v7-m/nofp/libg_nano.a(libc_a-strlen.o)
                0x08000e50                strlen
 *(.text*)
 .text.SystemInit
                0x08000e60        0x2 cmake/stm32cubemx/CMakeFiles/STM32_Drivers.dir/__/__/Core/Src/system_stm32l1xx.c.obj
                0x08000e60                SystemInit
 *fill*         0x08000e62        0x2 
 .text.HAL_InitTick
                0x08000e64       0x4c cmake/stm32cubemx/CMakeFiles/STM32_Drivers.dir/__/__/Drivers/STM32L1xx_HAL_Driver/Src/stm32l1xx_hal.c.obj
                0x08000e64                HAL_InitTick
 .text.HAL_Init
                0x08000eb0       0x1e cmake/stm32cubemx/CMakeFiles/STM32_Drivers.dir/__/__/Drivers/STM32L1xx_HAL_Driver/Src/stm32l1xx_hal.c.obj
                0x08000eb0                HAL_Init
 *fill*         0x08000ece        0x2 
 .text.HAL_IncTick
                0x08000ed0       0x18 cmake/stm32cubemx/CMakeFiles/STM32_Drivers.dir/__/__/Drivers/STM32L1xx_HAL_Driver/Src/stm32l1xx_hal.c.obj
                0x08000ed0                HAL_IncTick
 .text.HAL_GetTick
                0x08000ee8        0xc cmake/stm32cubemx/CMakeFiles/STM32_Drivers.dir/__/__/Drivers/STM32L1xx_HAL_Driver/Src/stm32l1xx_hal.c.obj
                0x08000ee8                HAL_GetTick
 .text.HAL_Delay
                0x08000ef4       0x24 cmake/stm32cubemx/CMakeFiles/STM32_Drivers.dir/__/__/Drivers/STM32L1xx_HAL_Driver/Src/stm32l1xx_hal.c.obj
                0x08000ef4                HAL_Delay
 .text.RCC_SetFlashLatencyFromMSIRange
                0x08000f18       0x80 cmake/stm32cubemx/CMakeFiles/STM32_Drivers.dir/__/__/Drivers/STM32L1xx_HAL_Driver/Src/stm32l1xx_hal_rcc.c.obj
 .text.HAL_RCC_OscConfig
                0x08000f98      0x438 cmake/stm32cubemx/CMakeFiles/STM32_Drivers.dir/__/__/Drivers/STM32L1xx_HAL_Driver/Src/stm32l1xx_hal_rcc.c.obj
                0x08000f98                HAL_RCC_OscConfig
 .text.HAL_RCC_GetSysClockFreq
                0x080013d0       0x68 cmake/stm32cubemx/CMakeFiles/STM32_Drivers.dir/__/__/Drivers/STM32L1xx_HAL_Driver/Src/stm32l1xx_hal_rcc.c.obj
                0x080013d0                HAL_RCC_GetSysClockFreq
 .text.HAL_RCC_ClockConfig
                0x08001438      0x184 cmake/stm32cubemx/CMakeFiles/STM32_Drivers.dir/__/__/Drivers/STM32L1xx_HAL_Driver/Src/stm32l1xx_hal_rcc.c.obj
                0x08001438                HAL_RCC_ClockConfig
 .text.HAL_RCC_GetPCLK1Freq
                0x080015bc       0x20 cmake/stm32cubemx/CMakeFiles/STM32_Drivers.dir/__/__/Drivers/STM32L1xx_HAL_Driver/Src/stm32l1xx_hal_rcc.c.obj
                0x080015bc                HAL_RCC_GetPCLK1Freq
 .text.HAL_RCC_GetPCLK2Freq
                0x080015dc       0x20 cmake/stm32cubemx/CMakeFiles/STM32_Drivers.dir/__/__/Drivers/STM32L1xx_HAL_Driver/Src/stm32l1xx_hal_rcc.c.obj
                0x080015dc                HAL_RCC_GetPCLK2Freq
 .text.HAL_RCCEx_PeriphCLKConfig
                0x080015fc      0x154 cmake/stm32cubemx/CMakeFiles/STM32_Drivers.dir/__/__/Drivers/STM32L1xx_HAL_Driver/Src/stm32l1xx_hal_rcc_ex.c.obj
                0x080015fc                HAL_RCCEx_PeriphCLKConfig
 .text.FLASH_SetErrorCode
                0x08001750       0x78 cmake/stm32cubemx/CMakeFiles/STM32_Drivers.dir/__/__/Drivers/STM32L1xx_HAL_Driver/Src/stm32l1xx_hal_flash.c.obj
 .text.FLASH_WaitForLastOperation
                0x080017c8       0x60 cmake/stm32cubemx/CMakeFiles/STM32_Drivers.dir/__/__/Drivers/STM32L1xx_HAL_Driver/Src/stm32l1xx_hal_flash.c.obj
                0x080017c8                FLASH_WaitForLastOperation
 .text.HAL_FLASHEx_DATAEEPROM_Unlock
                0x08001828       0x24 cmake/stm32cubemx/CMakeFiles/STM32_Drivers.dir/__/__/Drivers/STM32L1xx_HAL_Driver/Src/stm32l1xx_hal_flash_ex.c.obj
                0x08001828                HAL_FLASHEx_DATAEEPROM_Unlock
 .text.HAL_FLASHEx_DATAEEPROM_Lock
                0x0800184c       0x14 cmake/stm32cubemx/CMakeFiles/STM32_Drivers.dir/__/__/Drivers/STM32L1xx_HAL_Driver/Src/stm32l1xx_hal_flash_ex.c.obj
                0x0800184c                HAL_FLASHEx_DATAEEPROM_Lock
 .text.HAL_FLASHEx_DATAEEPROM_Program
                0x08001860       0xcc cmake/stm32cubemx/CMakeFiles/STM32_Drivers.dir/__/__/Drivers/STM32L1xx_HAL_Driver/Src/stm32l1xx_hal_flash_ex.c.obj
                0x08001860                HAL_FLASHEx_DATAEEPROM_Program
 .text.HAL_GPIO_Init
                0x0800192c      0x1a4 cmake/stm32cubemx/CMakeFiles/STM32_Drivers.dir/__/__/Drivers/STM32L1xx_HAL_Driver/Src/stm32l1xx_hal_gpio.c.obj
                0x0800192c                HAL_GPIO_Init
 .text.HAL_GPIO_ReadPin
                0x08001ad0        0xc cmake/stm32cubemx/CMakeFiles/STM32_Drivers.dir/__/__/Drivers/STM32L1xx_HAL_Driver/Src/stm32l1xx_hal_gpio.c.obj
                0x08001ad0                HAL_GPIO_ReadPin
 .text.HAL_GPIO_WritePin
                0x08001adc        0xa cmake/stm32cubemx/CMakeFiles/STM32_Drivers.dir/__/__/Drivers/STM32L1xx_HAL_Driver/Src/stm32l1xx_hal_gpio.c.obj
                0x08001adc                HAL_GPIO_WritePin
 *fill*         0x08001ae6        0x2 
 .text.HAL_GPIO_EXTI_IRQHandler
                0x08001ae8       0x18 cmake/stm32cubemx/CMakeFiles/STM32_Drivers.dir/__/__/Drivers/STM32L1xx_HAL_Driver/Src/stm32l1xx_hal_gpio.c.obj
                0x08001ae8                HAL_GPIO_EXTI_IRQHandler
 .text.HAL_DMA_Start_IT
                0x08001b00       0x7c cmake/stm32cubemx/CMakeFiles/STM32_Drivers.dir/__/__/Drivers/STM32L1xx_HAL_Driver/Src/stm32l1xx_hal_dma.c.obj
                0x08001b00                HAL_DMA_Start_IT
 .text.HAL_DMA_Abort
                0x08001b7c       0x42 cmake/stm32cubemx/CMakeFiles/STM32_Drivers.dir/__/__/Drivers/STM32L1xx_HAL_Driver/Src/stm32l1xx_hal_dma.c.obj
                0x08001b7c                HAL_DMA_Abort
 .text.HAL_DMA_Abort_IT
                0x08001bbe       0x48 cmake/stm32cubemx/CMakeFiles/STM32_Drivers.dir/__/__/Drivers/STM32L1xx_HAL_Driver/Src/stm32l1xx_hal_dma.c.obj
                0x08001bbe                HAL_DMA_Abort_IT
 *fill*         0x08001c06        0x2 
 .text.HAL_NVIC_SetPriorityGrouping
                0x08001c08       0x24 cmake/stm32cubemx/CMakeFiles/STM32_Drivers.dir/__/__/Drivers/STM32L1xx_HAL_Driver/Src/stm32l1xx_hal_cortex.c.obj
                0x08001c08                HAL_NVIC_SetPriorityGrouping
 .text.HAL_NVIC_SetPriority
                0x08001c2c       0x60 cmake/stm32cubemx/CMakeFiles/STM32_Drivers.dir/__/__/Drivers/STM32L1xx_HAL_Driver/Src/stm32l1xx_hal_cortex.c.obj
                0x08001c2c                HAL_NVIC_SetPriority
 .text.HAL_NVIC_EnableIRQ
                0x08001c8c       0x1c cmake/stm32cubemx/CMakeFiles/STM32_Drivers.dir/__/__/Drivers/STM32L1xx_HAL_Driver/Src/stm32l1xx_hal_cortex.c.obj
                0x08001c8c                HAL_NVIC_EnableIRQ
 .text.HAL_SYSTICK_Config
                0x08001ca8       0x28 cmake/stm32cubemx/CMakeFiles/STM32_Drivers.dir/__/__/Drivers/STM32L1xx_HAL_Driver/Src/stm32l1xx_hal_cortex.c.obj
                0x08001ca8                HAL_SYSTICK_Config
 .text.HAL_RTC_WaitForSynchro
                0x08001cd0       0x2e cmake/stm32cubemx/CMakeFiles/STM32_Drivers.dir/__/__/Drivers/STM32L1xx_HAL_Driver/Src/stm32l1xx_hal_rtc.c.obj
                0x08001cd0                HAL_RTC_WaitForSynchro
 .text.RTC_EnterInitMode
                0x08001cfe       0x42 cmake/stm32cubemx/CMakeFiles/STM32_Drivers.dir/__/__/Drivers/STM32L1xx_HAL_Driver/Src/stm32l1xx_hal_rtc.c.obj
                0x08001cfe                RTC_EnterInitMode
 .text.RTC_ExitInitMode
                0x08001d40       0x28 cmake/stm32cubemx/CMakeFiles/STM32_Drivers.dir/__/__/Drivers/STM32L1xx_HAL_Driver/Src/stm32l1xx_hal_rtc.c.obj
                0x08001d40                RTC_ExitInitMode
 .text.HAL_RTC_Init
                0x08001d68       0x94 cmake/stm32cubemx/CMakeFiles/STM32_Drivers.dir/__/__/Drivers/STM32L1xx_HAL_Driver/Src/stm32l1xx_hal_rtc.c.obj
                0x08001d68                HAL_RTC_Init
 .text.RTC_ByteToBcd2
                0x08001dfc       0x16 cmake/stm32cubemx/CMakeFiles/STM32_Drivers.dir/__/__/Drivers/STM32L1xx_HAL_Driver/Src/stm32l1xx_hal_rtc.c.obj
                0x08001dfc                RTC_ByteToBcd2
 .text.HAL_RTC_SetTime
                0x08001e12       0xb6 cmake/stm32cubemx/CMakeFiles/STM32_Drivers.dir/__/__/Drivers/STM32L1xx_HAL_Driver/Src/stm32l1xx_hal_rtc.c.obj
                0x08001e12                HAL_RTC_SetTime
 .text.HAL_RTC_SetDate
                0x08001ec8       0x92 cmake/stm32cubemx/CMakeFiles/STM32_Drivers.dir/__/__/Drivers/STM32L1xx_HAL_Driver/Src/stm32l1xx_hal_rtc.c.obj
                0x08001ec8                HAL_RTC_SetDate
 .text.RTC_Bcd2ToByte
                0x08001f5a       0x10 cmake/stm32cubemx/CMakeFiles/STM32_Drivers.dir/__/__/Drivers/STM32L1xx_HAL_Driver/Src/stm32l1xx_hal_rtc.c.obj
                0x08001f5a                RTC_Bcd2ToByte
 .text.HAL_RTC_GetTime
                0x08001f6a       0x46 cmake/stm32cubemx/CMakeFiles/STM32_Drivers.dir/__/__/Drivers/STM32L1xx_HAL_Driver/Src/stm32l1xx_hal_rtc.c.obj
                0x08001f6a                HAL_RTC_GetTime
 .text.HAL_RTC_GetDate
                0x08001fb0       0x3a cmake/stm32cubemx/CMakeFiles/STM32_Drivers.dir/__/__/Drivers/STM32L1xx_HAL_Driver/Src/stm32l1xx_hal_rtc.c.obj
                0x08001fb0                HAL_RTC_GetDate
 .text.HAL_RTCEx_SetWakeUpTimer
                0x08001fea       0xa8 cmake/stm32cubemx/CMakeFiles/STM32_Drivers.dir/__/__/Drivers/STM32L1xx_HAL_Driver/Src/stm32l1xx_hal_rtc_ex.c.obj
                0x08001fea                HAL_RTCEx_SetWakeUpTimer
 *fill*         0x08002092        0x2 
 .text.SPI_WaitFlagStateUntilTimeout
                0x08002094       0xb8 cmake/stm32cubemx/CMakeFiles/STM32_Drivers.dir/__/__/Drivers/STM32L1xx_HAL_Driver/Src/stm32l1xx_hal_spi.c.obj
 .text.SPI_EndRxTxTransaction
                0x0800214c       0x78 cmake/stm32cubemx/CMakeFiles/STM32_Drivers.dir/__/__/Drivers/STM32L1xx_HAL_Driver/Src/stm32l1xx_hal_spi.c.obj
 .text.SPI_EndRxTransaction
                0x080021c4       0x5c cmake/stm32cubemx/CMakeFiles/STM32_Drivers.dir/__/__/Drivers/STM32L1xx_HAL_Driver/Src/stm32l1xx_hal_spi.c.obj
 .text.HAL_SPI_Init
                0x08002220       0xb8 cmake/stm32cubemx/CMakeFiles/STM32_Drivers.dir/__/__/Drivers/STM32L1xx_HAL_Driver/Src/stm32l1xx_hal_spi.c.obj
                0x08002220                HAL_SPI_Init
 .text.HAL_SPI_Transmit
                0x080022d8      0x160 cmake/stm32cubemx/CMakeFiles/STM32_Drivers.dir/__/__/Drivers/STM32L1xx_HAL_Driver/Src/stm32l1xx_hal_spi.c.obj
                0x080022d8                HAL_SPI_Transmit
 .text.HAL_SPI_TransmitReceive
                0x08002438      0x1f8 cmake/stm32cubemx/CMakeFiles/STM32_Drivers.dir/__/__/Drivers/STM32L1xx_HAL_Driver/Src/stm32l1xx_hal_spi.c.obj
                0x08002438                HAL_SPI_TransmitReceive
 .text.HAL_SPI_Receive
                0x08002630      0x144 cmake/stm32cubemx/CMakeFiles/STM32_Drivers.dir/__/__/Drivers/STM32L1xx_HAL_Driver/Src/stm32l1xx_hal_spi.c.obj
                0x08002630                HAL_SPI_Receive
 .text.HAL_SPI_ErrorCallback
                0x08002774        0x2 cmake/stm32cubemx/CMakeFiles/STM32_Drivers.dir/__/__/Drivers/STM32L1xx_HAL_Driver/Src/stm32l1xx_hal_spi.c.obj
                0x08002774                HAL_SPI_ErrorCallback
 *fill*         0x08002776        0x2 
 .text.HAL_SPI_IRQHandler
                0x08002778      0x10c cmake/stm32cubemx/CMakeFiles/STM32_Drivers.dir/__/__/Drivers/STM32L1xx_HAL_Driver/Src/stm32l1xx_hal_spi.c.obj
                0x08002778                HAL_SPI_IRQHandler
 .text.SPI_DMAAbortOnError
                0x08002884       0x10 cmake/stm32cubemx/CMakeFiles/STM32_Drivers.dir/__/__/Drivers/STM32L1xx_HAL_Driver/Src/stm32l1xx_hal_spi.c.obj
 .text.TIM_Base_SetConfig
                0x08002894       0x70 cmake/stm32cubemx/CMakeFiles/STM32_Drivers.dir/__/__/Drivers/STM32L1xx_HAL_Driver/Src/stm32l1xx_hal_tim.c.obj
 .text.HAL_TIM_Base_Init
                0x08002904       0x48 cmake/stm32cubemx/CMakeFiles/STM32_Drivers.dir/__/__/Drivers/STM32L1xx_HAL_Driver/Src/stm32l1xx_hal_tim.c.obj
                0x08002904                HAL_TIM_Base_Init
 .text.HAL_TIM_Base_Start
                0x0800294c       0x4c cmake/stm32cubemx/CMakeFiles/STM32_Drivers.dir/__/__/Drivers/STM32L1xx_HAL_Driver/Src/stm32l1xx_hal_tim.c.obj
                0x0800294c                HAL_TIM_Base_Start
 .text.HAL_TIM_Base_Start_IT
                0x08002998       0x54 cmake/stm32cubemx/CMakeFiles/STM32_Drivers.dir/__/__/Drivers/STM32L1xx_HAL_Driver/Src/stm32l1xx_hal_tim.c.obj
                0x08002998                HAL_TIM_Base_Start_IT
 .text.HAL_TIM_ConfigClockSource
                0x080029ec      0x14a cmake/stm32cubemx/CMakeFiles/STM32_Drivers.dir/__/__/Drivers/STM32L1xx_HAL_Driver/Src/stm32l1xx_hal_tim.c.obj
                0x080029ec                HAL_TIM_ConfigClockSource
 .text.HAL_TIM_OC_DelayElapsedCallback
                0x08002b36        0x2 cmake/stm32cubemx/CMakeFiles/STM32_Drivers.dir/__/__/Drivers/STM32L1xx_HAL_Driver/Src/stm32l1xx_hal_tim.c.obj
                0x08002b36                HAL_TIM_OC_DelayElapsedCallback
 .text.HAL_TIM_IC_CaptureCallback
                0x08002b38        0x2 cmake/stm32cubemx/CMakeFiles/STM32_Drivers.dir/__/__/Drivers/STM32L1xx_HAL_Driver/Src/stm32l1xx_hal_tim.c.obj
                0x08002b38                HAL_TIM_IC_CaptureCallback
 .text.HAL_TIM_PWM_PulseFinishedCallback
                0x08002b3a        0x2 cmake/stm32cubemx/CMakeFiles/STM32_Drivers.dir/__/__/Drivers/STM32L1xx_HAL_Driver/Src/stm32l1xx_hal_tim.c.obj
                0x08002b3a                HAL_TIM_PWM_PulseFinishedCallback
 .text.HAL_TIM_TriggerCallback
                0x08002b3c        0x2 cmake/stm32cubemx/CMakeFiles/STM32_Drivers.dir/__/__/Drivers/STM32L1xx_HAL_Driver/Src/stm32l1xx_hal_tim.c.obj
                0x08002b3c                HAL_TIM_TriggerCallback
 .text.HAL_TIM_IRQHandler
                0x08002b3e       0xf8 cmake/stm32cubemx/CMakeFiles/STM32_Drivers.dir/__/__/Drivers/STM32L1xx_HAL_Driver/Src/stm32l1xx_hal_tim.c.obj
                0x08002b3e                HAL_TIM_IRQHandler
 *fill*         0x08002c36        0x2 
 .text.HAL_TIMEx_MasterConfigSynchronization
                0x08002c38       0x5c cmake/stm32cubemx/CMakeFiles/STM32_Drivers.dir/__/__/Drivers/STM32L1xx_HAL_Driver/Src/stm32l1xx_hal_tim_ex.c.obj
                0x08002c38                HAL_TIMEx_MasterConfigSynchronization
 .text.UART_EndRxTransfer
                0x08002c94       0x5c cmake/stm32cubemx/CMakeFiles/STM32_Drivers.dir/__/__/Drivers/STM32L1xx_HAL_Driver/Src/stm32l1xx_hal_uart.c.obj
 .text.UART_SetConfig
                0x08002cf0       0xa8 cmake/stm32cubemx/CMakeFiles/STM32_Drivers.dir/__/__/Drivers/STM32L1xx_HAL_Driver/Src/stm32l1xx_hal_uart.c.obj
 .text.HAL_UART_Init
                0x08002d98       0x5e cmake/stm32cubemx/CMakeFiles/STM32_Drivers.dir/__/__/Drivers/STM32L1xx_HAL_Driver/Src/stm32l1xx_hal_uart.c.obj
                0x08002d98                HAL_UART_Init
 *fill*         0x08002df6        0x2 
 .text.HAL_UART_Transmit_DMA
                0x08002df8       0x80 cmake/stm32cubemx/CMakeFiles/STM32_Drivers.dir/__/__/Drivers/STM32L1xx_HAL_Driver/Src/stm32l1xx_hal_uart.c.obj
                0x08002df8                HAL_UART_Transmit_DMA
 .text.UART_DMATransmitCplt
                0x08002e78       0x4c cmake/stm32cubemx/CMakeFiles/STM32_Drivers.dir/__/__/Drivers/STM32L1xx_HAL_Driver/Src/stm32l1xx_hal_uart.c.obj
 .text.HAL_UART_TxHalfCpltCallback
                0x08002ec4        0x2 cmake/stm32cubemx/CMakeFiles/STM32_Drivers.dir/__/__/Drivers/STM32L1xx_HAL_Driver/Src/stm32l1xx_hal_uart.c.obj
                0x08002ec4                HAL_UART_TxHalfCpltCallback
 .text.UART_DMATxHalfCplt
                0x08002ec6        0xa cmake/stm32cubemx/CMakeFiles/STM32_Drivers.dir/__/__/Drivers/STM32L1xx_HAL_Driver/Src/stm32l1xx_hal_uart.c.obj
 .text.HAL_UART_ErrorCallback
                0x08002ed0        0x2 cmake/stm32cubemx/CMakeFiles/STM32_Drivers.dir/__/__/Drivers/STM32L1xx_HAL_Driver/Src/stm32l1xx_hal_uart.c.obj
                0x08002ed0                HAL_UART_ErrorCallback
 .text.UART_DMAError
                0x08002ed2       0x5a cmake/stm32cubemx/CMakeFiles/STM32_Drivers.dir/__/__/Drivers/STM32L1xx_HAL_Driver/Src/stm32l1xx_hal_uart.c.obj
 .text.UART_DMAAbortOnError
                0x08002f2c        0xe cmake/stm32cubemx/CMakeFiles/STM32_Drivers.dir/__/__/Drivers/STM32L1xx_HAL_Driver/Src/stm32l1xx_hal_uart.c.obj
 .text.HAL_UARTEx_RxEventCallback
                0x08002f3a        0x2 cmake/stm32cubemx/CMakeFiles/STM32_Drivers.dir/__/__/Drivers/STM32L1xx_HAL_Driver/Src/stm32l1xx_hal_uart.c.obj
                0x08002f3a                HAL_UARTEx_RxEventCallback
 .text.UART_Receive_IT.isra.0
                0x08002f3c       0xb4 cmake/stm32cubemx/CMakeFiles/STM32_Drivers.dir/__/__/Drivers/STM32L1xx_HAL_Driver/Src/stm32l1xx_hal_uart.c.obj
 .text.HAL_UART_IRQHandler
                0x08002ff0      0x29c cmake/stm32cubemx/CMakeFiles/STM32_Drivers.dir/__/__/Drivers/STM32L1xx_HAL_Driver/Src/stm32l1xx_hal_uart.c.obj
                0x08002ff0                HAL_UART_IRQHandler
 .text.UART_Start_Receive_IT
                0x0800328c       0x32 cmake/stm32cubemx/CMakeFiles/STM32_Drivers.dir/__/__/Drivers/STM32L1xx_HAL_Driver/Src/stm32l1xx_hal_uart.c.obj
                0x0800328c                UART_Start_Receive_IT
 .text.HAL_UART_Receive_IT
                0x080032be       0x22 cmake/stm32cubemx/CMakeFiles/STM32_Drivers.dir/__/__/Drivers/STM32L1xx_HAL_Driver/Src/stm32l1xx_hal_uart.c.obj
                0x080032be                HAL_UART_Receive_IT
 .text.disk_status
                0x080032e0       0x14 cmake/stm32cubemx/CMakeFiles/FatFs.dir/__/__/Middlewares/Third_Party/FatFs/src/diskio.c.obj
                0x080032e0                disk_status
 .text.disk_initialize
                0x080032f4       0x20 cmake/stm32cubemx/CMakeFiles/FatFs.dir/__/__/Middlewares/Third_Party/FatFs/src/diskio.c.obj
                0x080032f4                disk_initialize
 .text.disk_read
                0x08003314       0x1c cmake/stm32cubemx/CMakeFiles/FatFs.dir/__/__/Middlewares/Third_Party/FatFs/src/diskio.c.obj
                0x08003314                disk_read
 .text.disk_write
                0x08003330       0x1c cmake/stm32cubemx/CMakeFiles/FatFs.dir/__/__/Middlewares/Third_Party/FatFs/src/diskio.c.obj
                0x08003330                disk_write
 .text.disk_ioctl
                0x0800334c       0x18 cmake/stm32cubemx/CMakeFiles/FatFs.dir/__/__/Middlewares/Third_Party/FatFs/src/diskio.c.obj
                0x0800334c                disk_ioctl
 .text.xchg_spi
                0x08003364       0x28 cmake/stm32cubemx/CMakeFiles/FatFs.dir/__/__/FATFS/Target/user_diskio_spi.c.obj
 .text.wait_ready
                0x0800338c       0x2a cmake/stm32cubemx/CMakeFiles/FatFs.dir/__/__/FATFS/Target/user_diskio_spi.c.obj
 *fill*         0x080033b6        0x2 
 .text.despiselect
                0x080033b8       0x1c cmake/stm32cubemx/CMakeFiles/FatFs.dir/__/__/FATFS/Target/user_diskio_spi.c.obj
 .text.spiselect
                0x080033d4       0x2c cmake/stm32cubemx/CMakeFiles/FatFs.dir/__/__/FATFS/Target/user_diskio_spi.c.obj
 .text.send_cmd
                0x08003400       0x82 cmake/stm32cubemx/CMakeFiles/FatFs.dir/__/__/FATFS/Target/user_diskio_spi.c.obj
 *fill*         0x08003482        0x2 
 .text.xmit_datablock
                0x08003484       0x50 cmake/stm32cubemx/CMakeFiles/FatFs.dir/__/__/FATFS/Target/user_diskio_spi.c.obj
 .text.SPI_Timer_On
                0x080034d4       0x1c cmake/stm32cubemx/CMakeFiles/FatFs.dir/__/__/FATFS/Target/user_diskio_spi.c.obj
                0x080034d4                SPI_Timer_On
 .text.SPI_Timer_Status
                0x080034f0       0x24 cmake/stm32cubemx/CMakeFiles/FatFs.dir/__/__/FATFS/Target/user_diskio_spi.c.obj
                0x080034f0                SPI_Timer_Status
 .text.rcvr_datablock
                0x08003514       0x48 cmake/stm32cubemx/CMakeFiles/FatFs.dir/__/__/FATFS/Target/user_diskio_spi.c.obj
 .text.USER_SPI_initialize
                0x0800355c      0x148 cmake/stm32cubemx/CMakeFiles/FatFs.dir/__/__/FATFS/Target/user_diskio_spi.c.obj
                0x0800355c                USER_SPI_initialize
 .text.USER_SPI_status
                0x080036a4       0x14 cmake/stm32cubemx/CMakeFiles/FatFs.dir/__/__/FATFS/Target/user_diskio_spi.c.obj
                0x080036a4                USER_SPI_status
 .text.USER_SPI_read
                0x080036b8       0x7c cmake/stm32cubemx/CMakeFiles/FatFs.dir/__/__/FATFS/Target/user_diskio_spi.c.obj
                0x080036b8                USER_SPI_read
 .text.USER_SPI_write
                0x08003734       0xa0 cmake/stm32cubemx/CMakeFiles/FatFs.dir/__/__/FATFS/Target/user_diskio_spi.c.obj
                0x08003734                USER_SPI_write
 .text.USER_SPI_ioctl
                0x080037d4      0x238 cmake/stm32cubemx/CMakeFiles/FatFs.dir/__/__/FATFS/Target/user_diskio_spi.c.obj
                0x080037d4                USER_SPI_ioctl
 .text.ld_dword
                0x08003a0c        0x4 cmake/stm32cubemx/CMakeFiles/FatFs.dir/__/__/Middlewares/Third_Party/FatFs/src/ff.c.obj
 .text.st_dword
                0x08003a10       0x10 cmake/stm32cubemx/CMakeFiles/FatFs.dir/__/__/Middlewares/Third_Party/FatFs/src/ff.c.obj
 .text.mem_set  0x08003a20        0xc cmake/stm32cubemx/CMakeFiles/FatFs.dir/__/__/Middlewares/Third_Party/FatFs/src/ff.c.obj
 .text.chk_lock
                0x08003a2c       0x74 cmake/stm32cubemx/CMakeFiles/FatFs.dir/__/__/Middlewares/Third_Party/FatFs/src/ff.c.obj
 .text.inc_lock
                0x08003aa0       0x84 cmake/stm32cubemx/CMakeFiles/FatFs.dir/__/__/Middlewares/Third_Party/FatFs/src/ff.c.obj
 .text.dec_lock
                0x08003b24       0x3c cmake/stm32cubemx/CMakeFiles/FatFs.dir/__/__/Middlewares/Third_Party/FatFs/src/ff.c.obj
 .text.clear_lock
                0x08003b60       0x1c cmake/stm32cubemx/CMakeFiles/FatFs.dir/__/__/Middlewares/Third_Party/FatFs/src/ff.c.obj
 .text.clust2sect
                0x08003b7c       0x16 cmake/stm32cubemx/CMakeFiles/FatFs.dir/__/__/Middlewares/Third_Party/FatFs/src/ff.c.obj
 .text.clmt_clust
                0x08003b92       0x22 cmake/stm32cubemx/CMakeFiles/FatFs.dir/__/__/Middlewares/Third_Party/FatFs/src/ff.c.obj
 .text.get_ldnumber
                0x08003bb4       0x30 cmake/stm32cubemx/CMakeFiles/FatFs.dir/__/__/Middlewares/Third_Party/FatFs/src/ff.c.obj
 .text.validate
                0x08003be4       0x34 cmake/stm32cubemx/CMakeFiles/FatFs.dir/__/__/Middlewares/Third_Party/FatFs/src/ff.c.obj
 .text.sync_window
                0x08003c18       0x4a cmake/stm32cubemx/CMakeFiles/FatFs.dir/__/__/Middlewares/Third_Party/FatFs/src/ff.c.obj
 .text.sync_fs  0x08003c62       0x96 cmake/stm32cubemx/CMakeFiles/FatFs.dir/__/__/Middlewares/Third_Party/FatFs/src/ff.c.obj
 .text.mem_cpy.part.0
                0x08003cf8       0x12 cmake/stm32cubemx/CMakeFiles/FatFs.dir/__/__/Middlewares/Third_Party/FatFs/src/ff.c.obj
 .text.st_clust
                0x08003d0a       0x18 cmake/stm32cubemx/CMakeFiles/FatFs.dir/__/__/Middlewares/Third_Party/FatFs/src/ff.c.obj
 .text.move_window
                0x08003d22       0x30 cmake/stm32cubemx/CMakeFiles/FatFs.dir/__/__/Middlewares/Third_Party/FatFs/src/ff.c.obj
 *fill*         0x08003d52        0x2 
 .text.check_fs
                0x08003d54       0x78 cmake/stm32cubemx/CMakeFiles/FatFs.dir/__/__/Middlewares/Third_Party/FatFs/src/ff.c.obj
 .text.find_volume
                0x08003dcc      0x244 cmake/stm32cubemx/CMakeFiles/FatFs.dir/__/__/Middlewares/Third_Party/FatFs/src/ff.c.obj
 .text.put_fat  0x08004010       0xf0 cmake/stm32cubemx/CMakeFiles/FatFs.dir/__/__/Middlewares/Third_Party/FatFs/src/ff.c.obj
 .text.ld_clust.isra.0
                0x08004100       0x10 cmake/stm32cubemx/CMakeFiles/FatFs.dir/__/__/Middlewares/Third_Party/FatFs/src/ff.c.obj
 .text.get_fat.isra.0
                0x08004110       0xac cmake/stm32cubemx/CMakeFiles/FatFs.dir/__/__/Middlewares/Third_Party/FatFs/src/ff.c.obj
 .text.dir_sdi.constprop.0
                0x080041bc       0x70 cmake/stm32cubemx/CMakeFiles/FatFs.dir/__/__/Middlewares/Third_Party/FatFs/src/ff.c.obj
 .text.remove_chain
                0x0800422c       0x6e cmake/stm32cubemx/CMakeFiles/FatFs.dir/__/__/Middlewares/Third_Party/FatFs/src/ff.c.obj
 .text.create_chain
                0x0800429a       0xb0 cmake/stm32cubemx/CMakeFiles/FatFs.dir/__/__/Middlewares/Third_Party/FatFs/src/ff.c.obj
 .text.dir_next
                0x0800434a       0xec cmake/stm32cubemx/CMakeFiles/FatFs.dir/__/__/Middlewares/Third_Party/FatFs/src/ff.c.obj
 *fill*         0x08004436        0x2 
 .text.follow_path
                0x08004438      0x180 cmake/stm32cubemx/CMakeFiles/FatFs.dir/__/__/Middlewares/Third_Party/FatFs/src/ff.c.obj
 .text.dir_register
                0x080045b8       0x68 cmake/stm32cubemx/CMakeFiles/FatFs.dir/__/__/Middlewares/Third_Party/FatFs/src/ff.c.obj
 .text.f_mount  0x08004620       0x4c cmake/stm32cubemx/CMakeFiles/FatFs.dir/__/__/Middlewares/Third_Party/FatFs/src/ff.c.obj
                0x08004620                f_mount
 .text.f_open   0x0800466c      0x214 cmake/stm32cubemx/CMakeFiles/FatFs.dir/__/__/Middlewares/Third_Party/FatFs/src/ff.c.obj
                0x0800466c                f_open
 .text.f_write  0x08004880      0x19c cmake/stm32cubemx/CMakeFiles/FatFs.dir/__/__/Middlewares/Third_Party/FatFs/src/ff.c.obj
                0x08004880                f_write
 .text.f_sync   0x08004a1c       0x96 cmake/stm32cubemx/CMakeFiles/FatFs.dir/__/__/Middlewares/Third_Party/FatFs/src/ff.c.obj
                0x08004a1c                f_sync
 .text.f_close  0x08004ab2       0x2a cmake/stm32cubemx/CMakeFiles/FatFs.dir/__/__/Middlewares/Third_Party/FatFs/src/ff.c.obj
                0x08004ab2                f_close
 .text.f_mkdir  0x08004adc      0x152 cmake/stm32cubemx/CMakeFiles/FatFs.dir/__/__/Middlewares/Third_Party/FatFs/src/ff.c.obj
                0x08004adc                f_mkdir
 *fill*         0x08004c2e        0x2 
 .text.FATFS_LinkDriverEx
                0x08004c30       0x40 cmake/stm32cubemx/CMakeFiles/FatFs.dir/__/__/Middlewares/Third_Party/FatFs/src/ff_gen_drv.c.obj
                0x08004c30                FATFS_LinkDriverEx
 .text.FATFS_LinkDriver
                0x08004c70        0x6 cmake/stm32cubemx/CMakeFiles/FatFs.dir/__/__/Middlewares/Third_Party/FatFs/src/ff_gen_drv.c.obj
                0x08004c70                FATFS_LinkDriver
 *fill*         0x08004c76        0x2 
 .text.MX_FATFS_Init
                0x08004c78       0x1c CMakeFiles/active-load.dir/FATFS/App/fatfs.c.obj
                0x08004c78                MX_FATFS_Init
 .text.get_fattime
                0x08004c94        0x4 CMakeFiles/active-load.dir/FATFS/App/fatfs.c.obj
                0x08004c94                get_fattime
 .text.USER_initialize
                0x08004c98        0x4 CMakeFiles/active-load.dir/FATFS/Target/user_diskio.c.obj
                0x08004c98                USER_initialize
 .text.USER_status
                0x08004c9c        0x4 CMakeFiles/active-load.dir/FATFS/Target/user_diskio.c.obj
                0x08004c9c                USER_status
 .text.USER_read
                0x08004ca0        0x4 CMakeFiles/active-load.dir/FATFS/Target/user_diskio.c.obj
                0x08004ca0                USER_read
 .text.USER_write
                0x08004ca4        0x4 CMakeFiles/active-load.dir/FATFS/Target/user_diskio.c.obj
                0x08004ca4                USER_write
 .text.USER_ioctl
                0x08004ca8        0x4 CMakeFiles/active-load.dir/FATFS/Target/user_diskio.c.obj
                0x08004ca8                USER_ioctl
 .text.SystemClock_Config
                0x08004cac       0x94 CMakeFiles/active-load.dir/Core/Src/main.c.obj
                0x08004cac                SystemClock_Config
 .text.startup.main
                0x08004d40       0x6c CMakeFiles/active-load.dir/Core/Src/main.c.obj
                0x08004d40                main
 .text.HAL_TIM_PeriodElapsedCallback
                0x08004dac        0xe CMakeFiles/active-load.dir/Core/Src/main.c.obj
                0x08004dac                HAL_TIM_PeriodElapsedCallback
 .text.Error_Handler
                0x08004dba        0x4 CMakeFiles/active-load.dir/Core/Src/main.c.obj
                0x08004dba                Error_Handler
 *fill*         0x08004dbe        0x2 
 .text.MX_GPIO_Init
                0x08004dc0      0x1a8 CMakeFiles/active-load.dir/Core/Src/gpio.c.obj
                0x08004dc0                MX_GPIO_Init
 .text.MX_RTC_Init
                0x08004f68       0x88 CMakeFiles/active-load.dir/Core/Src/rtc.c.obj
                0x08004f68                MX_RTC_Init
 .text.HAL_RTC_MspInit
                0x08004ff0       0x1c CMakeFiles/active-load.dir/Core/Src/rtc.c.obj
                0x08004ff0                HAL_RTC_MspInit
 .text.MX_SPI2_Init
                0x0800500c       0x48 CMakeFiles/active-load.dir/Core/Src/spi.c.obj
                0x0800500c                MX_SPI2_Init
 .text.MX_SPI3_Init
                0x08005054       0x48 CMakeFiles/active-load.dir/Core/Src/spi.c.obj
                0x08005054                MX_SPI3_Init
 .text.HAL_SPI_MspInit
                0x0800509c       0xf8 CMakeFiles/active-load.dir/Core/Src/spi.c.obj
                0x0800509c                HAL_SPI_MspInit
 .text.MX_TIM2_Init
                0x08005194       0x68 CMakeFiles/active-load.dir/Core/Src/tim.c.obj
                0x08005194                MX_TIM2_Init
 .text.MX_TIM6_Init
                0x080051fc       0x48 CMakeFiles/active-load.dir/Core/Src/tim.c.obj
                0x080051fc                MX_TIM6_Init
 .text.HAL_TIM_Base_MspInit
                0x08005244       0x5c CMakeFiles/active-load.dir/Core/Src/tim.c.obj
                0x08005244                HAL_TIM_Base_MspInit
 .text.MX_USART2_UART_Init
                0x080052a0       0x38 CMakeFiles/active-load.dir/Core/Src/usart.c.obj
                0x080052a0                MX_USART2_UART_Init
 .text.HAL_UART_MspInit
                0x080052d8       0x74 CMakeFiles/active-load.dir/Core/Src/usart.c.obj
                0x080052d8                HAL_UART_MspInit
 .text.NMI_Handler
                0x0800534c        0x2 CMakeFiles/active-load.dir/Core/Src/stm32l1xx_it.c.obj
                0x0800534c                NMI_Handler
 .text.HardFault_Handler
                0x0800534e        0x2 CMakeFiles/active-load.dir/Core/Src/stm32l1xx_it.c.obj
                0x0800534e                HardFault_Handler
 .text.MemManage_Handler
                0x08005350        0x2 CMakeFiles/active-load.dir/Core/Src/stm32l1xx_it.c.obj
                0x08005350                MemManage_Handler
 .text.BusFault_Handler
                0x08005352        0x2 CMakeFiles/active-load.dir/Core/Src/stm32l1xx_it.c.obj
                0x08005352                BusFault_Handler
 .text.UsageFault_Handler
                0x08005354        0x2 CMakeFiles/active-load.dir/Core/Src/stm32l1xx_it.c.obj
                0x08005354                UsageFault_Handler
 .text.SVC_Handler
                0x08005356        0x2 CMakeFiles/active-load.dir/Core/Src/stm32l1xx_it.c.obj
                0x08005356                SVC_Handler
 .text.DebugMon_Handler
                0x08005358        0x2 CMakeFiles/active-load.dir/Core/Src/stm32l1xx_it.c.obj
                0x08005358                DebugMon_Handler
 .text.PendSV_Handler
                0x0800535a        0x2 CMakeFiles/active-load.dir/Core/Src/stm32l1xx_it.c.obj
                0x0800535a                PendSV_Handler
 .text.SysTick_Handler
                0x0800535c        0x4 CMakeFiles/active-load.dir/Core/Src/stm32l1xx_it.c.obj
                0x0800535c                SysTick_Handler
 .text.EXTI9_5_IRQHandler
                0x08005360        0x6 CMakeFiles/active-load.dir/Core/Src/stm32l1xx_it.c.obj
                0x08005360                EXTI9_5_IRQHandler
 *fill*         0x08005366        0x2 
 .text.TIM2_IRQHandler
                0x08005368        0xc CMakeFiles/active-load.dir/Core/Src/stm32l1xx_it.c.obj
                0x08005368                TIM2_IRQHandler
 .text.USART2_IRQHandler
                0x08005374        0xc CMakeFiles/active-load.dir/Core/Src/stm32l1xx_it.c.obj
                0x08005374                USART2_IRQHandler
 .text.EXTI15_10_IRQHandler
                0x08005380       0x16 CMakeFiles/active-load.dir/Core/Src/stm32l1xx_it.c.obj
                0x08005380                EXTI15_10_IRQHandler
 *fill*         0x08005396        0x2 
 .text.SPI3_IRQHandler
                0x08005398        0xc CMakeFiles/active-load.dir/Core/Src/stm32l1xx_it.c.obj
                0x08005398                SPI3_IRQHandler
 .text.HAL_MspInit
                0x080053a4       0x48 CMakeFiles/active-load.dir/Core/Src/stm32l1xx_hal_msp.c.obj
                0x080053a4                HAL_MspInit
 .text._sbrk    0x080053ec       0x3c CMakeFiles/active-load.dir/Core/Src/sysmem.c.obj
                0x080053ec                _sbrk
 .text.Reset_Handler
                0x08005428       0x48 CMakeFiles/active-load.dir/startup_stm32l152xe.s.obj
                0x08005428                Reset_Handler
 .text.Default_Handler
                0x08005470        0x2 CMakeFiles/active-load.dir/startup_stm32l152xe.s.obj
                0x08005470                RTC_Alarm_IRQHandler
                0x08005470                EXTI2_IRQHandler
                0x08005470                COMP_ACQ_IRQHandler
                0x08005470                TIM10_IRQHandler
                0x08005470                USB_HP_IRQHandler
                0x08005470                TIM6_IRQHandler
                0x08005470                PVD_IRQHandler
                0x08005470                EXTI3_IRQHandler
                0x08005470                EXTI0_IRQHandler
                0x08005470                I2C2_EV_IRQHandler
                0x08005470                SPI1_IRQHandler
                0x08005470                USB_FS_WKUP_IRQHandler
                0x08005470                DMA2_Channel2_IRQHandler
                0x08005470                DMA1_Channel4_IRQHandler
                0x08005470                ADC1_IRQHandler
                0x08005470                USART3_IRQHandler
                0x08005470                DMA1_Channel7_IRQHandler
                0x08005470                LCD_IRQHandler
                0x08005470                UART5_IRQHandler
                0x08005470                TIM4_IRQHandler
                0x08005470                DMA2_Channel1_IRQHandler
                0x08005470                I2C1_EV_IRQHandler
                0x08005470                DMA1_Channel6_IRQHandler
                0x08005470                UART4_IRQHandler
                0x08005470                DMA2_Channel4_IRQHandler
                0x08005470                TIM3_IRQHandler
                0x08005470                RCC_IRQHandler
                0x08005470                DMA1_Channel1_IRQHandler
                0x08005470                Default_Handler
                0x08005470                TIM7_IRQHandler
                0x08005470                TIM5_IRQHandler
                0x08005470                TIM9_IRQHandler
                0x08005470                TAMPER_STAMP_IRQHandler
                0x08005470                RTC_WKUP_IRQHandler
                0x08005470                SPI2_IRQHandler
                0x08005470                DMA2_Channel5_IRQHandler
                0x08005470                DMA1_Channel5_IRQHandler
                0x08005470                USB_LP_IRQHandler
                0x08005470                EXTI4_IRQHandler
                0x08005470                DMA1_Channel3_IRQHandler
                0x08005470                COMP_IRQHandler
                0x08005470                WWDG_IRQHandler
                0x08005470                DAC_IRQHandler
                0x08005470                EXTI1_IRQHandler
                0x08005470                TIM11_IRQHandler
                0x08005470                I2C2_ER_IRQHandler
                0x08005470                DMA1_Channel2_IRQHandler
                0x08005470                FLASH_IRQHandler
                0x08005470                USART1_IRQHandler
                0x08005470                I2C1_ER_IRQHandler
                0x08005470                DMA2_Channel3_IRQHandler
 *fill*         0x08005472        0x2 
 .text.app_Init
                0x08005474       0xb4 CMakeFiles/active-load.dir/Modules/app/src/app_init.c.obj
                0x08005474                app_Init
 .text.app_Notify50msFromIsr
                0x08005528        0xc CMakeFiles/active-load.dir/Modules/app/src/app_init.c.obj
                0x08005528                app_Notify50msFromIsr
 .text.app_Process
                0x08005534       0x34 CMakeFiles/active-load.dir/Modules/app/src/app_init.c.obj
                0x08005534                app_Process
 .text.COMMS_StartRx
                0x08005568       0x4c CMakeFiles/active-load.dir/Modules/comms/src/comms_pc.c.obj
                0x08005568                COMMS_StartRx
 .text.COMMS_Process
                0x080055b4      0x100 CMakeFiles/active-load.dir/Modules/comms/src/comms_pc.c.obj
                0x080055b4                COMMS_Process
 .text.HAL_UART_RxCpltCallback
                0x080056b4       0x4c CMakeFiles/active-load.dir/Modules/comms/src/comms_pc.c.obj
                0x080056b4                HAL_UART_RxCpltCallback
 .text.LoadOutput_Init
                0x08005700       0x24 CMakeFiles/active-load.dir/Modules/control/src/load_output.c.obj
                0x08005700                LoadOutput_Init
 .text.LoadOutput_SetDacCode
                0x08005724       0x3c CMakeFiles/active-load.dir/Modules/control/src/load_output.c.obj
                0x08005724                LoadOutput_SetDacCode
 .text.LoadOutput_SetZero
                0x08005760        0x6 CMakeFiles/active-load.dir/Modules/control/src/load_output.c.obj
                0x08005760                LoadOutput_SetZero
 *fill*         0x08005766        0x2 
 .text.Regulator_Compensate
                0x08005768      0x16c CMakeFiles/active-load.dir/Modules/control/src/regulator.c.obj
                0x08005768                Regulator_Compensate
 .text.Regulator_Run50ms
                0x080058d4      0x17c CMakeFiles/active-load.dir/Modules/control/src/regulator.c.obj
                0x080058d4                Regulator_Run50ms
 .text.stop_regulation
                0x08005a50       0x18 CMakeFiles/active-load.dir/Modules/control/src/safety.c.obj
 .text.Safety_Init
                0x08005a68       0x34 CMakeFiles/active-load.dir/Modules/control/src/safety.c.obj
                0x08005a68                Safety_Init
 .text.Safety_Process
                0x08005a9c       0xe4 CMakeFiles/active-load.dir/Modules/control/src/safety.c.obj
                0x08005a9c                Safety_Process
 .text.sd_detach
                0x08005b80       0x10 CMakeFiles/active-load.dir/Modules/logger/src/logger_sd.c.obj
 .text.write_buffer_to_csv.isra.0
                0x08005b90       0xe8 CMakeFiles/active-load.dir/Modules/logger/src/logger_sd.c.obj
 .text.create_folder_with_csv
                0x08005c78      0x150 CMakeFiles/active-load.dir/Modules/logger/src/logger_sd.c.obj
 .text.log_sd_Init
                0x08005dc8       0x4c CMakeFiles/active-load.dir/Modules/logger/src/logger_sd.c.obj
                0x08005dc8                log_sd_Init
 .text.log_sd_Process50ms
                0x08005e14      0x1e8 CMakeFiles/active-load.dir/Modules/logger/src/logger_sd.c.obj
                0x08005e14                log_sd_Process50ms
 .text.rb_kick  0x08005ffc       0x80 CMakeFiles/active-load.dir/Modules/logger/src/logger_uart.c.obj
 .text.HAL_UART_TxCpltCallback
                0x0800607c       0x3c CMakeFiles/active-load.dir/Modules/logger/src/logger_uart.c.obj
                0x0800607c                HAL_UART_TxCpltCallback
 .text.log_Init
                0x080060b8       0x60 CMakeFiles/active-load.dir/Modules/logger/src/logger_uart.c.obj
                0x080060b8                log_Init
 .text.log_Write
                0x08006118      0x114 CMakeFiles/active-load.dir/Modules/logger/src/logger_uart.c.obj
                0x08006118                log_Write
 .text.current_setpoint_equivalent
                0x0800622c       0x44 CMakeFiles/active-load.dir/Modules/measurement/src/measurement.c.obj
 .text.MEAS_ReadCurrent.part.0
                0x08006270       0xc4 CMakeFiles/active-load.dir/Modules/measurement/src/measurement.c.obj
 .text.MEAS_ReadVoltage.part.0
                0x08006334       0x64 CMakeFiles/active-load.dir/Modules/measurement/src/measurement.c.obj
 .text.MEAS_CurrentInit
                0x08006398       0x38 CMakeFiles/active-load.dir/Modules/measurement/src/measurement.c.obj
                0x08006398                MEAS_CurrentInit
 .text.MEAS_VoltageInit
                0x080063d0       0x38 CMakeFiles/active-load.dir/Modules/measurement/src/measurement.c.obj
                0x080063d0                MEAS_VoltageInit
 .text.MEAS_Poll
                0x08006408       0xb4 CMakeFiles/active-load.dir/Modules/measurement/src/measurement.c.obj
                0x08006408                MEAS_Poll
 .text.MEAS_GetChargeCoulombs
                0x080064bc        0xc CMakeFiles/active-load.dir/Modules/measurement/src/measurement.c.obj
                0x080064bc                MEAS_GetChargeCoulombs
 .text.adc_current_config
                0x080064c8       0x1c CMakeFiles/active-load.dir/Modules/measurement/src/adc_current_config.c.obj
                0x080064c8                adc_current_config
 .text.adc_voltage_config
                0x080064e4       0x1c CMakeFiles/active-load.dir/Modules/measurement/src/adc_voltage_config.c.obj
                0x080064e4                adc_voltage_config
 .text.delay_us
                0x08006500       0x14 CMakeFiles/active-load.dir/Modules/measurement/src/temp_sensor.c.obj
 .text.one_wire_write_byte
                0x08006514       0x54 CMakeFiles/active-load.dir/Modules/measurement/src/temp_sensor.c.obj
 .text.one_wire_reset
                0x08006568       0x40 CMakeFiles/active-load.dir/Modules/measurement/src/temp_sensor.c.obj
 .text.start_conversion
                0x080065a8       0x20 CMakeFiles/active-load.dir/Modules/measurement/src/temp_sensor.c.obj
 .text.read_temperature
                0x080065c8       0xb4 CMakeFiles/active-load.dir/Modules/measurement/src/temp_sensor.c.obj
 .text.TempSensor_Init
                0x0800667c       0x14 CMakeFiles/active-load.dir/Modules/measurement/src/temp_sensor.c.obj
                0x0800667c                TempSensor_Init
 .text.TempSensor_Process
                0x08006690       0x54 CMakeFiles/active-load.dir/Modules/measurement/src/temp_sensor.c.obj
                0x08006690                TempSensor_Process
 .text.AppState_Frame
                0x080066e4        0x8 CMakeFiles/active-load.dir/Modules/state/src/app_state.c.obj
                0x080066e4                AppState_Frame
 .text.AppState_FrameConst
                0x080066ec        0x8 CMakeFiles/active-load.dir/Modules/state/src/app_state.c.obj
                0x080066ec                AppState_FrameConst
 .text.AppState_CalculateCrc
                0x080066f4       0x20 CMakeFiles/active-load.dir/Modules/state/src/app_state.c.obj
                0x080066f4                AppState_CalculateCrc
 .text.AppState_UpdateCrc
                0x08006714       0x10 CMakeFiles/active-load.dir/Modules/state/src/app_state.c.obj
                0x08006714                AppState_UpdateCrc
 .text.AppState_GetFloat
                0x08006724       0x18 CMakeFiles/active-load.dir/Modules/state/src/app_state.c.obj
                0x08006724                AppState_GetFloat
 .text.AppState_SetFloat
                0x0800673c       0x10 CMakeFiles/active-load.dir/Modules/state/src/app_state.c.obj
                0x0800673c                AppState_SetFloat
 .text.AppState_GetSetpoint
                0x0800674c        0x6 CMakeFiles/active-load.dir/Modules/state/src/app_state.c.obj
                0x0800674c                AppState_GetSetpoint
 *fill*         0x08006752        0x2 
 .text.AppState_SetSetpoint
                0x08006754       0x94 CMakeFiles/active-load.dir/Modules/state/src/app_state.c.obj
                0x08006754                AppState_SetSetpoint
 .text.AppState_InitDefaults
                0x080067e8       0x54 CMakeFiles/active-load.dir/Modules/state/src/app_state.c.obj
                0x080067e8                AppState_InitDefaults
 .text.AppState_GetCurrent
                0x0800683c        0x6 CMakeFiles/active-load.dir/Modules/state/src/app_state.c.obj
                0x0800683c                AppState_GetCurrent
 *fill*         0x08006842        0x2 
 .text.AppState_SetCurrentValue
                0x08006844        0xc CMakeFiles/active-load.dir/Modules/state/src/app_state.c.obj
                0x08006844                AppState_SetCurrentValue
 .text.AppState_GetBatteryVoltage
                0x08006850        0x6 CMakeFiles/active-load.dir/Modules/state/src/app_state.c.obj
                0x08006850                AppState_GetBatteryVoltage
 *fill*         0x08006856        0x2 
 .text.AppState_SetBatteryVoltageValue
                0x08006858        0xc CMakeFiles/active-load.dir/Modules/state/src/app_state.c.obj
                0x08006858                AppState_SetBatteryVoltageValue
 .text.AppState_GetDacOutput
                0x08006864        0x6 CMakeFiles/active-load.dir/Modules/state/src/app_state.c.obj
                0x08006864                AppState_GetDacOutput
 *fill*         0x0800686a        0x2 
 .text.AppState_SetDacOutputValue
                0x0800686c        0xc CMakeFiles/active-load.dir/Modules/state/src/app_state.c.obj
                0x0800686c                AppState_SetDacOutputValue
 .text.AppState_GetParameter
                0x08006878        0x6 CMakeFiles/active-load.dir/Modules/state/src/app_state.c.obj
                0x08006878                AppState_GetParameter
 *fill*         0x0800687e        0x2 
 .text.AppState_UpdateParameter
                0x08006880       0x4c CMakeFiles/active-load.dir/Modules/state/src/app_state.c.obj
                0x08006880                AppState_UpdateParameter
 .text.AppState_GetMode
                0x080068cc        0xc CMakeFiles/active-load.dir/Modules/state/src/app_state.c.obj
                0x080068cc                AppState_GetMode
 .text.AppState_SetMode
                0x080068d8        0xc CMakeFiles/active-load.dir/Modules/state/src/app_state.c.obj
                0x080068d8                AppState_SetMode
 .text.AppState_GetOnOff
                0x080068e4        0xc CMakeFiles/active-load.dir/Modules/state/src/app_state.c.obj
                0x080068e4                AppState_GetOnOff
 .text.AppState_SetOnOff
                0x080068f0        0xc CMakeFiles/active-load.dir/Modules/state/src/app_state.c.obj
                0x080068f0                AppState_SetOnOff
 .text.AppState_GetLogging
                0x080068fc        0xc CMakeFiles/active-load.dir/Modules/state/src/app_state.c.obj
                0x080068fc                AppState_GetLogging
 .text.AppState_SetLogging
                0x08006908        0xc CMakeFiles/active-load.dir/Modules/state/src/app_state.c.obj
                0x08006908                AppState_SetLogging
 .text.AppState_GetLoggingBufferSize
                0x08006914        0xc CMakeFiles/active-load.dir/Modules/state/src/app_state.c.obj
                0x08006914                AppState_GetLoggingBufferSize
 .text.AppState_SetLoggingBufferSize
                0x08006920        0xc CMakeFiles/active-load.dir/Modules/state/src/app_state.c.obj
                0x08006920                AppState_SetLoggingBufferSize
 .text.AppState_GetLoggingSpeed
                0x0800692c        0xc CMakeFiles/active-load.dir/Modules/state/src/app_state.c.obj
                0x0800692c                AppState_GetLoggingSpeed
 .text.AppState_SetLoggingSpeed
                0x08006938        0xc CMakeFiles/active-load.dir/Modules/state/src/app_state.c.obj
                0x08006938                AppState_SetLoggingSpeed
 .text.write_word
                0x08006944        0xa CMakeFiles/active-load.dir/Modules/storage/src/config_store.c.obj
 *fill*         0x0800694e        0x2 
 .text.ConfigStore_SavePartial
                0x08006950      0x11c CMakeFiles/active-load.dir/Modules/storage/src/config_store.c.obj
                0x08006950                ConfigStore_SavePartial
 .text.ConfigStore_LoadPartial
                0x08006a6c       0x74 CMakeFiles/active-load.dir/Modules/storage/src/config_store.c.obj
                0x08006a6c                ConfigStore_LoadPartial
 .text.lcd_send_4bits
                0x08006ae0       0x68 CMakeFiles/active-load.dir/Modules/ui/src/lcd_ui.c.obj
 .text.lcd_send_data
                0x08006b48       0x34 CMakeFiles/active-load.dir/Modules/ui/src/lcd_ui.c.obj
 .text.lcd_send_string
                0x08006b7c       0x12 CMakeFiles/active-load.dir/Modules/ui/src/lcd_ui.c.obj
 *fill*         0x08006b8e        0x2 
 .text.lcd_send_cmd
                0x08006b90       0x44 CMakeFiles/active-load.dir/Modules/ui/src/lcd_ui.c.obj
 .text.lcd_display_measurement
                0x08006bd4       0x5c CMakeFiles/active-load.dir/Modules/ui/src/lcd_ui.c.obj
 .text.lcd_display_setpoint
                0x08006c30       0x50 CMakeFiles/active-load.dir/Modules/ui/src/lcd_ui.c.obj
 .text.lcd_display_mode
                0x08006c80       0x38 CMakeFiles/active-load.dir/Modules/ui/src/lcd_ui.c.obj
 .text.redraw_current_view.constprop.0
                0x08006cb8      0x170 CMakeFiles/active-load.dir/Modules/ui/src/lcd_ui.c.obj
 .text.LcdUi_Init
                0x08006e28       0xdc CMakeFiles/active-load.dir/Modules/ui/src/lcd_ui.c.obj
                0x08006e28                LcdUi_Init
 .text.HAL_GPIO_EXTI_Callback
                0x08006f04      0x168 CMakeFiles/active-load.dir/Modules/ui/src/lcd_ui.c.obj
                0x08006f04                HAL_GPIO_EXTI_Callback
 .text.LcdUi_Process
                0x0800706c      0x21c CMakeFiles/active-load.dir/Modules/ui/src/lcd_ui.c.obj
                0x0800706c                LcdUi_Process
 .text.mcp3561t_Init
                0x08007288       0x34 CMakeFiles/active-load.dir/AdDrivers/MCP3561T/src/mcp3561t_init.c.obj
                0x08007288                mcp3561t_Init
 .text.mcp3561t_SaveConfig
                0x080072bc       0x80 CMakeFiles/active-load.dir/AdDrivers/MCP3561T/src/mcp3561t_init.c.obj
                0x080072bc                mcp3561t_SaveConfig
 .text.write_reg
                0x0800733c       0x76 CMakeFiles/active-load.dir/AdDrivers/MCP3561T/src/mcp3561t_runtime.c.obj
 .text.read_reg
                0x080073b2       0x76 CMakeFiles/active-load.dir/AdDrivers/MCP3561T/src/mcp3561t_runtime.c.obj
 .text.mcp3561t_WriteConfig
                0x08007428      0x160 CMakeFiles/active-load.dir/AdDrivers/MCP3561T/src/mcp3561t_runtime.c.obj
                0x08007428                mcp3561t_WriteConfig
 .text.mcp3561t_ReadAdcRaw
                0x08007588       0x54 CMakeFiles/active-load.dir/AdDrivers/MCP3561T/src/mcp3561t_runtime.c.obj
                0x08007588                mcp3561t_ReadAdcRaw
 .text.dac8830_SetCode
                0x080075dc       0x42 CMakeFiles/active-load.dir/AdDrivers/DAC8830/src/dac8830.c.obj
                0x080075dc                dac8830_SetCode
 .text.dac8830_Init
                0x0800761e       0x2e CMakeFiles/active-load.dir/AdDrivers/DAC8830/src/dac8830.c.obj
                0x0800761e                dac8830_Init
 .text.roundf   0x0800764c       0x48 /home/majg__/.local/share/stm32cube/bundles/gnu-tools-for-stm32/14.3.1+st.2/bin/../lib/gcc/arm-none-eabi/14.3.1/../../../../arm-none-eabi/lib/thumb/v7-m/nofp/libm.a(libm_a-sf_round.o)
                0x0800764c                roundf
 .text.snprintf
                0x08007694       0x6c /home/majg__/.local/share/stm32cube/bundles/gnu-tools-for-stm32/14.3.1+st.2/bin/../lib/gcc/arm-none-eabi/14.3.1/../../../../arm-none-eabi/lib/thumb/v7-m/nofp/libg_nano.a(libc_a-snprintf.o)
                0x08007694                snprintf
                0x08007694                sniprintf
 .text._vsnprintf_r
                0x08007700       0x5c /home/majg__/.local/share/stm32cube/bundles/gnu-tools-for-stm32/14.3.1+st.2/bin/../lib/gcc/arm-none-eabi/14.3.1/../../../../arm-none-eabi/lib/thumb/v7-m/nofp/libg_nano.a(libc_a-vsnprintf.o)
                0x08007700                _vsnprintf_r
                0x08007700                _vsniprintf_r
 .text.vsnprintf
                0x0800775c       0x1c /home/majg__/.local/share/stm32cube/bundles/gnu-tools-for-stm32/14.3.1+st.2/bin/../lib/gcc/arm-none-eabi/14.3.1/../../../../arm-none-eabi/lib/thumb/v7-m/nofp/libg_nano.a(libc_a-vsnprintf.o)
                0x0800775c                vsnprintf
                0x0800775c                vsniprintf
 .text.memset   0x08007778       0x10 /home/majg__/.local/share/stm32cube/bundles/gnu-tools-for-stm32/14.3.1+st.2/bin/../lib/gcc/arm-none-eabi/14.3.1/../../../../arm-none-eabi/lib/thumb/v7-m/nofp/libg_nano.a(libc_a-memset.o)
                0x08007778                memset
 .text.__errno  0x08007788        0xc /home/majg__/.local/share/stm32cube/bundles/gnu-tools-for-stm32/14.3.1+st.2/bin/../lib/gcc/arm-none-eabi/14.3.1/../../../../arm-none-eabi/lib/thumb/v7-m/nofp/libg_nano.a(libc_a-errno.o)
                0x08007788                __errno
 .text.__libc_init_array
                0x08007794       0x48 /home/majg__/.local/share/stm32cube/bundles/gnu-tools-for-stm32/14.3.1+st.2/bin/../lib/gcc/arm-none-eabi/14.3.1/../../../../arm-none-eabi/lib/thumb/v7-m/nofp/libg_nano.a(libc_a-init.o)
                0x08007794                __libc_init_array
 .text.__retarget_lock_acquire_recursive
                0x080077dc        0x2 /home/majg__/.local/share/stm32cube/bundles/gnu-tools-for-stm32/14.3.1+st.2/bin/../lib/gcc/arm-none-eabi/14.3.1/../../../../arm-none-eabi/lib/thumb/v7-m/nofp/libg_nano.a(libc_a-lock.o)
                0x080077dc                __retarget_lock_acquire_recursive
 .text.__retarget_lock_release_recursive
                0x080077de        0x2 /home/majg__/.local/share/stm32cube/bundles/gnu-tools-for-stm32/14.3.1+st.2/bin/../lib/gcc/arm-none-eabi/14.3.1/../../../../arm-none-eabi/lib/thumb/v7-m/nofp/libg_nano.a(libc_a-lock.o)
                0x080077de                __retarget_lock_release_recursive
 .text.memcpy   0x080077e0       0x1c /home/majg__/.local/share/stm32cube/bundles/gnu-tools-for-stm32/14.3.1+st.2/bin/../lib/gcc/arm-none-eabi/14.3.1/../../../../arm-none-eabi/lib/thumb/v7-m/nofp/libg_nano.a(libc_a-memcpy-stub.o)
                0x080077e0                memcpy
 .text._free_r  0x080077fc       0x90 /home/majg__/.local/share/stm32cube/bundles/gnu-tools-for-stm32/14.3.1+st.2/bin/../lib/gcc/arm-none-eabi/14.3.1/../../../../arm-none-eabi/lib/thumb/v7-m/nofp/libg_nano.a(libc_a-freer.o)
                0x080077fc                _free_r
 .text.sbrk_aligned
                0x0800788c       0x44 /home/majg__/.local/share/stm32cube/bundles/gnu-tools-for-stm32/14.3.1+st.2/bin/../lib/gcc/arm-none-eabi/14.3.1/../../../../arm-none-eabi/lib/thumb/v7-m/nofp/libg_nano.a(libc_a-mallocr.o)
 .text._malloc_r
                0x080078d0      0x100 /home/majg__/.local/share/stm32cube/bundles/gnu-tools-for-stm32/14.3.1+st.2/bin/../lib/gcc/arm-none-eabi/14.3.1/../../../../arm-none-eabi/lib/thumb/v7-m/nofp/libg_nano.a(libc_a-mallocr.o)
                0x080078d0                _malloc_r
 .text.__malloc_lock
                0x080079d0        0xc /home/majg__/.local/share/stm32cube/bundles/gnu-tools-for-stm32/14.3.1+st.2/bin/../lib/gcc/arm-none-eabi/14.3.1/../../../../arm-none-eabi/lib/thumb/v7-m/nofp/libg_nano.a(libc_a-mlock.o)
                0x080079d0                __malloc_lock
 .text.__malloc_unlock
                0x080079dc        0xc /home/majg__/.local/share/stm32cube/bundles/gnu-tools-for-stm32/14.3.1+st.2/bin/../lib/gcc/arm-none-eabi/14.3.1/../../../../arm-none-eabi/lib/thumb/v7-m/nofp/libg_nano.a(libc_a-mlock.o)
                0x080079dc                __malloc_unlock
 .text.__ssputs_r
                0x080079e8       0xc0 /home/majg__/.local/share/stm32cube/bundles/gnu-tools-for-stm32/14.3.1+st.2/bin/../lib/gcc/arm-none-eabi/14.3.1/../../../../arm-none-eabi/lib/thumb/v7-m/nofp/libg_nano.a(libc_a-nano-svfprintf.o)
                0x080079e8                __ssputs_r
 .text._svfprintf_r
                0x08007aa8      0x1f0 /home/majg__/.local/share/stm32cube/bundles/gnu-tools-for-stm32/14.3.1+st.2/bin/../lib/gcc/arm-none-eabi/14.3.1/../../../../arm-none-eabi/lib/thumb/v7-m/nofp/libg_nano.a(libc_a-nano-svfprintf.o)
                0x08007aa8                _svfprintf_r
                0x08007aa8                _svfiprintf_r
 .text._printf_common
                0x08007c98       0xe4 /home/majg__/.local/share/stm32cube/bundles/gnu-tools-for-stm32/14.3.1+st.2/bin/../lib/gcc/arm-none-eabi/14.3.1/../../../../arm-none-eabi/lib/thumb/v7-m/nofp/libg_nano.a(libc_a-nano-vfprintf_i.o)
                0x08007c98                _printf_common
 .text._printf_i
                0x08007d7c      0x24c /home/majg__/.local/share/stm32cube/bundles/gnu-tools-for-stm32/14.3.1+st.2/bin/../lib/gcc/arm-none-eabi/14.3.1/../../../../arm-none-eabi/lib/thumb/v7-m/nofp/libg_nano.a(libc_a-nano-vfprintf_i.o)
                0x08007d7c                _printf_i
 .text.memmove  0x08007fc8       0x32 /home/majg__/.local/share/stm32cube/bundles/gnu-tools-for-stm32/14.3.1+st.2/bin/../lib/gcc/arm-none-eabi/14.3.1/../../../../arm-none-eabi/lib/thumb/v7-m/nofp/libg_nano.a(libc_a-memmove.o)
                0x08007fc8                memmove
 *fill*         0x08007ffa        0x2 
 .text._sbrk_r  0x08007ffc       0x20 /home/majg__/.local/share/stm32cube/bundles/gnu-tools-for-stm32/14.3.1+st.2/bin/../lib/gcc/arm-none-eabi/14.3.1/../../../../arm-none-eabi/lib/thumb/v7-m/nofp/libg_nano.a(libc_a-sbrkr.o)
                0x08007ffc                _sbrk_r
 .text.memchr   0x0800801c       0x1c /home/majg__/.local/share/stm32cube/bundles/gnu-tools-for-stm32/14.3.1+st.2/bin/../lib/gcc/arm-none-eabi/14.3.1/../../../../arm-none-eabi/lib/thumb/v7-m/nofp/libg_nano.a(libc_a-memchr-stub.o)
                0x0800801c                memchr
 .text._realloc_r
                0x08008038       0x5c /home/majg__/.local/share/stm32cube/bundles/gnu-tools-for-stm32/14.3.1+st.2/bin/../lib/gcc/arm-none-eabi/14.3.1/../../../../arm-none-eabi/lib/thumb/v7-m/nofp/libg_nano.a(libc_a-reallocr.o)
                0x08008038                _realloc_r
 .text._malloc_usable_size_r
                0x08008094       0x10 /home/majg__/.local/share/stm32cube/bundles/gnu-tools-for-stm32/14.3.1+st.2/bin/../lib/gcc/arm-none-eabi/14.3.1/../../../../arm-none-eabi/lib/thumb/v7-m/nofp/libg_nano.a(libc_a-msizer.o)
                0x08008094                _malloc_usable_size_r
 *(.glue_7)
 .glue_7        0x080080a4        0x0 linker stubs
 *(.glue_7t)
 .glue_7t       0x080080a4        0x0 linker stubs
 *(.eh_frame)
 .eh_frame      0x080080a4        0x0 /home/majg__/.local/share/stm32cube/bundles/gnu-tools-for-stm32/14.3.1+st.2/bin/../lib/gcc/arm-none-eabi/14.3.1/thumb/v7-m/nofp/crtbegin.o
 *(.init)
 .init          0x080080a4        0x4 /home/majg__/.local/share/stm32cube/bundles/gnu-tools-for-stm32/14.3.1+st.2/bin/../lib/gcc/arm-none-eabi/14.3.1/thumb/v7-m/nofp/crti.o
                0x080080a4                _init
 .init          0x080080a8        0x8 /home/majg__/.local/share/stm32cube/bundles/gnu-tools-for-stm32/14.3.1+st.2/bin/../lib/gcc/arm-none-eabi/14.3.1/thumb/v7-m/nofp/crtn.o
 *(.fini)
 .fini          0x080080b0        0x4 /home/majg__/.local/share/stm32cube/bundles/gnu-tools-for-stm32/14.3.1+st.2/bin/../lib/gcc/arm-none-eabi/14.3.1/thumb/v7-m/nofp/crti.o
                0x080080b0                _fini
 .fini          0x080080b4        0x8 /home/majg__/.local/share/stm32cube/bundles/gnu-tools-for-stm32/14.3.1+st.2/bin/../lib/gcc/arm-none-eabi/14.3.1/thumb/v7-m/nofp/crtn.o
                0x080080bc                        . = ALIGN (0x4)
                0x080080bc                        _etext = .

.vfp11_veneer   0x080080bc        0x0
 .vfp11_veneer  0x080080bc        0x0 linker stubs

.v4_bx          0x080080bc        0x0
 .v4_bx         0x080080bc        0x0 linker stubs

.iplt           0x080080bc        0x0
 .iplt          0x080080bc        0x0 /home/majg__/.local/share/stm32cube/bundles/gnu-tools-for-stm32/14.3.1+st.2/bin/../lib/gcc/arm-none-eabi/14.3.1/thumb/v7-m/nofp/crtbegin.o

.rodata         0x080080bc      0x420
                0x080080bc                        . = ALIGN (0x4)
 *(.rodata)
 .rodata        0x080080bc       0xc0 CMakeFiles/active-load.dir/Modules/control/src/regulator.c.obj
 .rodata        0x0800817c       0x18 CMakeFiles/active-load.dir/Modules/measurement/src/adc_current_config.c.obj
 .rodata        0x08008194       0x18 CMakeFiles/active-load.dir/Modules/measurement/src/adc_voltage_config.c.obj
 *(.rodata*)
 .rodata.APBPrescTable
                0x080081ac        0x8 cmake/stm32cubemx/CMakeFiles/STM32_Drivers.dir/__/__/Core/Src/system_stm32l1xx.c.obj
                0x080081ac                APBPrescTable
 .rodata.AHBPrescTable
                0x080081b4       0x10 cmake/stm32cubemx/CMakeFiles/STM32_Drivers.dir/__/__/Core/Src/system_stm32l1xx.c.obj
                0x080081b4                AHBPrescTable
 .rodata.PLLMulTable
                0x080081c4        0x9 cmake/stm32cubemx/CMakeFiles/STM32_Drivers.dir/__/__/Core/Src/system_stm32l1xx.c.obj
                0x080081c4                PLLMulTable
 .rodata.follow_path.str1.1
                0x080081cd      0x26c cmake/stm32cubemx/CMakeFiles/FatFs.dir/__/__/Middlewares/Third_Party/FatFs/src/ff.c.obj
                                  0xf (size before relaxing)
 .rodata.ExCvt  0x08008439       0x80 cmake/stm32cubemx/CMakeFiles/FatFs.dir/__/__/Middlewares/Third_Party/FatFs/src/ff.c.obj
 .rodata.app_Init.str1.1
                0x080084b9       0xc5 CMakeFiles/active-load.dir/Modules/app/src/app_init.c.obj
 .rodata.write_buffer_to_csv.isra.0.str1.1
                0x080084b9       0x19 CMakeFiles/active-load.dir/Modules/logger/src/logger_sd.c.obj
 .rodata.create_folder_with_csv.str1.1
                0x080084b9       0xca CMakeFiles/active-load.dir/Modules/logger/src/logger_sd.c.obj
 .rodata.log_sd_Process50ms.str1.1
                0x080084b9       0x47 CMakeFiles/active-load.dir/Modules/logger/src/logger_sd.c.obj
 .rodata.log_Write.str1.1
                0x080084b9       0x18 CMakeFiles/active-load.dir/Modules/logger/src/logger_uart.c.obj
 *fill*         0x080084b9        0x3 
 .rodata.s_temp_3
                0x080084bc       0x10 CMakeFiles/active-load.dir/Modules/measurement/src/temp_sensor.c.obj
 .rodata.s_temp_1
                0x080084cc       0x10 CMakeFiles/active-load.dir/Modules/measurement/src/temp_sensor.c.obj
 .rodata.lcd_display_measurement.str1.1
                0x080084dc        0x7 CMakeFiles/active-load.dir/Modules/ui/src/lcd_ui.c.obj
 .rodata.lcd_display_mode.str1.1
                0x080084dc        0x8 CMakeFiles/active-load.dir/Modules/ui/src/lcd_ui.c.obj
 .rodata.redraw_current_view.constprop.0.str1.1
                0x080084dc       0x1b CMakeFiles/active-load.dir/Modules/ui/src/lcd_ui.c.obj
 .rodata._svfprintf_r.str1.1
                0x080084dc       0x11 /home/majg__/.local/share/stm32cube/bundles/gnu-tools-for-stm32/14.3.1+st.2/bin/../lib/gcc/arm-none-eabi/14.3.1/../../../../arm-none-eabi/lib/thumb/v7-m/nofp/libg_nano.a(libc_a-nano-svfprintf.o)
 .rodata._printf_i.str1.1
                0x080084dc       0x22 /home/majg__/.local/share/stm32cube/bundles/gnu-tools-for-stm32/14.3.1+st.2/bin/../lib/gcc/arm-none-eabi/14.3.1/../../../../arm-none-eabi/lib/thumb/v7-m/nofp/libg_nano.a(libc_a-nano-vfprintf_i.o)
                0x08008500                        . = ALIGN (0x4)

.ARM.extab      0x080084dc        0x0
                0x080084dc                        . = ALIGN (0x4)
 *(.ARM.extab* .gnu.linkonce.armextab.*)
                0x080084dc                        . = ALIGN (0x4)

.ARM            0x080084dc        0x8
                0x080084dc                        . = ALIGN (0x4)
                0x080084dc                        __exidx_start = .
 *(.ARM.exidx*)
 .ARM.exidx     0x080084dc        0x8 /home/majg__/.local/share/stm32cube/bundles/gnu-tools-for-stm32/14.3.1+st.2/bin/../lib/gcc/arm-none-eabi/14.3.1/thumb/v7-m/nofp/libgcc.a(_udivmoddi4.o)
 .ARM.exidx     0x080084e4        0x0 /home/majg__/.local/share/stm32cube/bundles/gnu-tools-for-stm32/14.3.1+st.2/bin/../lib/gcc/arm-none-eabi/14.3.1/../../../../arm-none-eabi/lib/thumb/v7-m/nofp/libg_nano.a(libc_a-strlen.o)
                                  0x8 (size before relaxing)
                0x080084e4                        __exidx_end = .
                0x080084e4                        . = ALIGN (0x4)

.preinit_array  0x080084e4        0x0
                0x080084e4                        . = ALIGN (0x4)
                0x080084e4                        PROVIDE (__preinit_array_start = .)
 *(.preinit_array*)
                0x080084e4                        PROVIDE (__preinit_array_end = .)
                0x080084e4                        . = ALIGN (0x4)

.init_array     0x080084e4        0x4
                0x080084e4                        . = ALIGN (0x4)
                0x080084e4                        PROVIDE (__init_array_start = .)
 *(SORT_BY_NAME(.init_array.*))
 *(.init_array*)
 .init_array    0x080084e4        0x4 /home/majg__/.local/share/stm32cube/bundles/gnu-tools-for-stm32/14.3.1+st.2/bin/../lib/gcc/arm-none-eabi/14.3.1/thumb/v7-m/nofp/crtbegin.o
                0x080084e8                        PROVIDE (__init_array_end = .)
                0x080084e8                        . = ALIGN (0x4)

.fini_array     0x080084e8        0x4
                0x080084e8                        . = ALIGN (0x4)
                [!provide]                        PROVIDE (__fini_array_start = .)
 *(SORT_BY_NAME(.fini_array.*))
 *(.fini_array*)
 .fini_array    0x080084e8        0x4 /home/majg__/.local/share/stm32cube/bundles/gnu-tools-for-stm32/14.3.1+st.2/bin/../lib/gcc/arm-none-eabi/14.3.1/thumb/v7-m/nofp/crtbegin.o
                [!provide]                        PROVIDE (__fini_array_end = .)
                0x080084ec                        . = ALIGN (0x4)
                0x080084ec                        _sidata = LOADADDR (.data)

.rel.dyn        0x080084ec        0x0
 .rel.iplt      0x080084ec        0x0 /home/majg__/.local/share/stm32cube/bundles/gnu-tools-for-stm32/14.3.1+st.2/bin/../lib/gcc/arm-none-eabi/14.3.1/thumb/v7-m/nofp/crtbegin.o

.data           0x20000000       0x78 load address 0x080084ec
                0x20000000                        . = ALIGN (0x4)
                0x20000000                        _sdata = .
 *(.data)
 *(.data*)
 .data.SystemCoreClock
                0x20000000        0x4 cmake/stm32cubemx/CMakeFiles/STM32_Drivers.dir/__/__/Core/Src/system_stm32l1xx.c.obj
                0x20000000                SystemCoreClock
 .data.uwTickFreq
                0x20000004        0x4 cmake/stm32cubemx/CMakeFiles/STM32_Drivers.dir/__/__/Drivers/STM32L1xx_HAL_Driver/Src/stm32l1xx_hal.c.obj
                0x20000004                uwTickFreq
 .data.uwTickPrio
                0x20000008        0x4 cmake/stm32cubemx/CMakeFiles/STM32_Drivers.dir/__/__/Drivers/STM32L1xx_HAL_Driver/Src/stm32l1xx_hal.c.obj
                0x20000008                uwTickPrio
 .data.Stat     0x2000000c        0x1 cmake/stm32cubemx/CMakeFiles/FatFs.dir/__/__/FATFS/Target/user_diskio_spi.c.obj
 *fill*         0x2000000d        0x3 
 .data.USER_Driver
                0x20000010       0x14 CMakeFiles/active-load.dir/FATFS/Target/user_diskio.c.obj
                0x20000010                USER_Driver
 .data.prev_mode.4
                0x20000024        0x1 CMakeFiles/active-load.dir/Modules/ui/src/lcd_ui.c.obj
 *fill*         0x20000025        0x1 
 .data.multiplier.7
                0x20000026        0x2 CMakeFiles/active-load.dir/Modules/ui/src/lcd_ui.c.obj
 .data._impure_ptr
                0x20000028        0x4 /home/majg__/.local/share/stm32cube/bundles/gnu-tools-for-stm32/14.3.1+st.2/bin/../lib/gcc/arm-none-eabi/14.3.1/../../../../arm-none-eabi/lib/thumb/v7-m/nofp/libg_nano.a(libc_a-impure.o)
                0x20000028                _impure_ptr
 .data._impure_data
                0x2000002c       0x4c /home/majg__/.local/share/stm32cube/bundles/gnu-tools-for-stm32/14.3.1+st.2/bin/../lib/gcc/arm-none-eabi/14.3.1/../../../../arm-none-eabi/lib/thumb/v7-m/nofp/libg_nano.a(libc_a-impure.o)
                0x2000002c                _impure_data
 *(.RamFunc)
 *(.RamFunc*)
                0x20000078                        . = ALIGN (0x4)

.igot.plt       0x20000078        0x0 load address 0x08008564
 .igot.plt      0x20000078        0x0 /home/majg__/.local/share/stm32cube/bundles/gnu-tools-for-stm32/14.3.1+st.2/bin/../lib/gcc/arm-none-eabi/14.3.1/thumb/v7-m/nofp/crtbegin.o

.tdata          0x20000078        0x0 load address 0x08008564
 *(.tdata .tdata.* .gnu.linkonce.td.*)
                0x20000078                        . = ALIGN (0x4)
                0x20000078                        _edata = .
                [!provide]                        PROVIDE (__data_end = .)
                [!provide]                        PROVIDE (__tdata_end = .)
                [!provide]                        PROVIDE (__tdata_start = ADDR (.tdata))
                [!provide]                        PROVIDE (__tdata_size = (__tdata_end - __tdata_start))
                [!provide]                        PROVIDE (__data_start = ADDR (.data))
                [!provide]                        PROVIDE (__data_size = (__data_end - __data_start))
                [!provide]                        PROVIDE (__tdata_source = LOADADDR (.tdata))
                [!provide]                        PROVIDE (__tdata_source_end = (LOADADDR (.tdata) + SIZEOF (.tdata)))
                [!provide]                        PROVIDE (__tdata_source_size = (__tdata_source_end - __tdata_source))
                [!provide]                        PROVIDE (__data_source = LOADADDR (.data))
                [!provide]                        PROVIDE (__data_source_end = __tdata_source_end)
                [!provide]                        PROVIDE (__data_source_size = (__data_source_end - __data_source))

.tbss           0x20000078        0x0 load address 0x08008564
                0x20000078                        _sbss = .
                0x20000078                        __bss_start__ = _sbss
 *(.tbss .tbss.*)
                0x20000078                        . = ALIGN (0x4)
                [!provide]                        PROVIDE (__tbss_end = .)
                [!provide]                        PROVIDE (__tbss_start = ADDR (.tbss))
                [!provide]                        PROVIDE (__tbss_size = (__tbss_end - __tbss_start))
                [!provide]                        PROVIDE (__tbss_offset = (ADDR (.tbss) - ADDR (.tdata)))
                [!provide]                        PROVIDE (__tls_base = __tdata_start)
                [!provide]                        PROVIDE (__tls_end = __tbss_end)
                [!provide]                        PROVIDE (__tls_size = (__tls_end - __tls_base))
                [!provide]                        PROVIDE (__tls_align = MAX (ALIGNOF (.tdata), ALIGNOF (.tbss)))
                [!provide]                        PROVIDE (__tls_size_align = (((__tls_size + __tls_align) - 0x1) & ~ ((__tls_align - 0x1))))
                [!provide]                        PROVIDE (__arm32_tls_tcb_offset = MAX (0x8, __tls_align))
                [!provide]                        PROVIDE (__arm64_tls_tcb_offset = MAX (0x10, __tls_align))

.bss            0x20000078     0x5014 load address 0x08008564
 *(.bss)
 .bss           0x20000078       0x1c /home/majg__/.local/share/stm32cube/bundles/gnu-tools-for-stm32/14.3.1+st.2/bin/../lib/gcc/arm-none-eabi/14.3.1/thumb/v7-m/nofp/crtbegin.o
 *(.bss*)
 .bss.uwTick    0x20000094        0x4 cmake/stm32cubemx/CMakeFiles/STM32_Drivers.dir/__/__/Drivers/STM32L1xx_HAL_Driver/Src/stm32l1xx_hal.c.obj
                0x20000094                uwTick
 .bss.pFlash    0x20000098       0x18 cmake/stm32cubemx/CMakeFiles/STM32_Drivers.dir/__/__/Drivers/STM32L1xx_HAL_Driver/Src/stm32l1xx_hal_flash.c.obj
                0x20000098                pFlash
 .bss.spiTimerTickDelay
                0x200000b0        0x4 cmake/stm32cubemx/CMakeFiles/FatFs.dir/__/__/FATFS/Target/user_diskio_spi.c.obj
                0x200000b0                spiTimerTickDelay
 .bss.spiTimerTickStart
                0x200000b4        0x4 cmake/stm32cubemx/CMakeFiles/FatFs.dir/__/__/FATFS/Target/user_diskio_spi.c.obj
                0x200000b4                spiTimerTickStart
 .bss.CardType  0x200000b8        0x1 cmake/stm32cubemx/CMakeFiles/FatFs.dir/__/__/FATFS/Target/user_diskio_spi.c.obj
 *fill*         0x200000b9        0x3 
 .bss.Files     0x200000bc       0x20 cmake/stm32cubemx/CMakeFiles/FatFs.dir/__/__/Middlewares/Third_Party/FatFs/src/ff.c.obj
 .bss.Fsid      0x200000dc        0x2 cmake/stm32cubemx/CMakeFiles/FatFs.dir/__/__/Middlewares/Third_Party/FatFs/src/ff.c.obj
 *fill*         0x200000de        0x2 
 .bss.FatFs     0x200000e0        0x4 cmake/stm32cubemx/CMakeFiles/FatFs.dir/__/__/Middlewares/Third_Party/FatFs/src/ff.c.obj
 .bss.disk      0x200000e4        0xc cmake/stm32cubemx/CMakeFiles/FatFs.dir/__/__/Middlewares/Third_Party/FatFs/src/ff_gen_drv.c.obj
                0x200000e4                disk
 .bss.USERFatFS
                0x200000f0      0x230 CMakeFiles/active-load.dir/FATFS/App/fatfs.c.obj
                0x200000f0                USERFatFS
 .bss.USERPath  0x20000320        0x4 CMakeFiles/active-load.dir/FATFS/App/fatfs.c.obj
                0x20000320                USERPath
 .bss.retUSER   0x20000324        0x1 CMakeFiles/active-load.dir/FATFS/App/fatfs.c.obj
                0x20000324                retUSER
 *fill*         0x20000325        0x3 
 .bss.hrtc      0x20000328       0x20 CMakeFiles/active-load.dir/Core/Src/rtc.c.obj
                0x20000328                hrtc
 .bss.hspi3     0x20000348       0x58 CMakeFiles/active-load.dir/Core/Src/spi.c.obj
                0x20000348                hspi3
 .bss.hspi2     0x200003a0       0x58 CMakeFiles/active-load.dir/Core/Src/spi.c.obj
                0x200003a0                hspi2
 .bss.htim6     0x200003f8       0x40 CMakeFiles/active-load.dir/Core/Src/tim.c.obj
                0x200003f8                htim6
 .bss.htim2     0x20000438       0x40 CMakeFiles/active-load.dir/Core/Src/tim.c.obj
                0x20000438                htim2
 .bss.huart2    0x20000478       0x48 CMakeFiles/active-load.dir/Core/Src/usart.c.obj
                0x20000478                huart2
 .bss.__sbrk_heap_end
                0x200004c0        0x4 CMakeFiles/active-load.dir/Core/Src/sysmem.c.obj
 .bss.s_tick_50ms
                0x200004c4        0x1 CMakeFiles/active-load.dir/Modules/app/src/app_init.c.obj
 *fill*         0x200004c5        0x3 
 .bss.s_rejected_frames
                0x200004c8        0x4 CMakeFiles/active-load.dir/Modules/comms/src/comms_pc.c.obj
 .bss.s_accepted_frames
                0x200004cc        0x4 CMakeFiles/active-load.dir/Modules/comms/src/comms_pc.c.obj
 .bss.s_frame_active
                0x200004d0        0x1 CMakeFiles/active-load.dir/Modules/comms/src/comms_pc.c.obj
 .bss.s_frame_pos
                0x200004d1        0x1 CMakeFiles/active-load.dir/Modules/comms/src/comms_pc.c.obj
 .bss.s_frame   0x200004d2       0x25 CMakeFiles/active-load.dir/Modules/comms/src/comms_pc.c.obj
 .bss.s_rx_buffer
                0x200004f7      0x100 CMakeFiles/active-load.dir/Modules/comms/src/comms_pc.c.obj
 *fill*         0x200005f7        0x1 
 .bss.s_tail    0x200005f8        0x2 CMakeFiles/active-load.dir/Modules/comms/src/comms_pc.c.obj
 .bss.s_head    0x200005fa        0x2 CMakeFiles/active-load.dir/Modules/comms/src/comms_pc.c.obj
 .bss.s_rx_byte
                0x200005fc        0x1 CMakeFiles/active-load.dir/Modules/comms/src/comms_pc.c.obj
 *fill*         0x200005fd        0x3 
 .bss.s_huart   0x20000600        0x4 CMakeFiles/active-load.dir/Modules/comms/src/comms_pc.c.obj
 .bss.s_dac     0x20000604        0xc CMakeFiles/active-load.dir/Modules/control/src/load_output.c.obj
 .bss.s_prev_error
                0x20000610        0x4 CMakeFiles/active-load.dir/Modules/control/src/regulator.c.obj
 .bss.s_integral
                0x20000614        0x4 CMakeFiles/active-load.dir/Modules/control/src/regulator.c.obj
 .bss.s_last_reason
                0x20000618        0x1 CMakeFiles/active-load.dir/Modules/control/src/safety.c.obj
 *fill*         0x20000619        0x3 
 .bss.s_prev_temp_1
                0x2000061c        0x4 CMakeFiles/active-load.dir/Modules/control/src/safety.c.obj
 .bss.s_start_tick
                0x20000620        0x4 CMakeFiles/active-load.dir/Modules/control/src/safety.c.obj
 .bss.s_prev_onoff
                0x20000624        0x1 CMakeFiles/active-load.dir/Modules/control/src/safety.c.obj
 *fill*         0x20000625        0x3 
 .bss.s_time_base_ms
                0x20000628        0x4 CMakeFiles/active-load.dir/Modules/logger/src/logger_sd.c.obj
 .bss.s_file_ready
                0x2000062c        0x1 CMakeFiles/active-load.dir/Modules/logger/src/logger_sd.c.obj
 .bss.s_prev_logging
                0x2000062d        0x1 CMakeFiles/active-load.dir/Modules/logger/src/logger_sd.c.obj
 .bss.s_tick_count
                0x2000062e        0x2 CMakeFiles/active-load.dir/Modules/logger/src/logger_sd.c.obj
 .bss.s_row_count
                0x20000630        0x2 CMakeFiles/active-load.dir/Modules/logger/src/logger_sd.c.obj
 .bss.s_rows    0x20000632     0x4000 CMakeFiles/active-load.dir/Modules/logger/src/logger_sd.c.obj
 .bss.s_file_path
                0x20004632       0x30 CMakeFiles/active-load.dir/Modules/logger/src/logger_sd.c.obj
 *fill*         0x20004662        0x2 
 .bss.s_err_count
                0x20004664        0x4 CMakeFiles/active-load.dir/Modules/logger/src/logger_uart.c.obj
 .bss.s_dropped
                0x20004668        0x4 CMakeFiles/active-load.dir/Modules/logger/src/logger_uart.c.obj
 .bss.s_init    0x2000466c        0x1 CMakeFiles/active-load.dir/Modules/logger/src/logger_uart.c.obj
 .bss.s_busy    0x2000466d        0x1 CMakeFiles/active-load.dir/Modules/logger/src/logger_uart.c.obj
 .bss.s_len     0x2000466e        0x2 CMakeFiles/active-load.dir/Modules/logger/src/logger_uart.c.obj
 .bss.s_tail    0x20004670        0x2 CMakeFiles/active-load.dir/Modules/logger/src/logger_uart.c.obj
 .bss.s_head    0x20004672        0x2 CMakeFiles/active-load.dir/Modules/logger/src/logger_uart.c.obj
 .bss.s_rb      0x20004674      0x800 CMakeFiles/active-load.dir/Modules/logger/src/logger_uart.c.obj
 .bss.s_huart   0x20004e74        0x4 CMakeFiles/active-load.dir/Modules/logger/src/logger_uart.c.obj
 .bss.s_qlmb    0x20004e78        0x4 CMakeFiles/active-load.dir/Modules/measurement/src/measurement.c.obj
 .bss.s_voltage_adc
                0x20004e7c       0x28 CMakeFiles/active-load.dir/Modules/measurement/src/measurement.c.obj
 .bss.s_current_adc
                0x20004ea4       0x28 CMakeFiles/active-load.dir/Modules/measurement/src/measurement.c.obj
 .bss.s_conversion_start_ms
                0x20004ecc        0x4 CMakeFiles/active-load.dir/Modules/measurement/src/temp_sensor.c.obj
 .bss.s_conversion_active
                0x20004ed0        0x1 CMakeFiles/active-load.dir/Modules/measurement/src/temp_sensor.c.obj
 *fill*         0x20004ed1        0x3 
 .bss.s_frame   0x20004ed4       0x4c CMakeFiles/active-load.dir/Modules/state/src/app_state.c.obj
 .bss.prev_logging.0
                0x20004f20        0x1 CMakeFiles/active-load.dir/Modules/ui/src/lcd_ui.c.obj
 *fill*         0x20004f21        0x3 
 .bss.prev_battery_voltage.1
                0x20004f24        0x4 CMakeFiles/active-load.dir/Modules/ui/src/lcd_ui.c.obj
 .bss.prev_current.2
                0x20004f28        0x4 CMakeFiles/active-load.dir/Modules/ui/src/lcd_ui.c.obj
 .bss.prev_onoff.3
                0x20004f2c        0x1 CMakeFiles/active-load.dir/Modules/ui/src/lcd_ui.c.obj
 *fill*         0x20004f2d        0x3 
 .bss.prev_setpoint.5
                0x20004f30        0x4 CMakeFiles/active-load.dir/Modules/ui/src/lcd_ui.c.obj
 .bss.last_change.6
                0x20004f34        0x4 CMakeFiles/active-load.dir/Modules/ui/src/lcd_ui.c.obj
 .bss.last_clk_change.8
                0x20004f38        0x4 CMakeFiles/active-load.dir/Modules/ui/src/lcd_ui.c.obj
 .bss.last_sw_change.9
                0x20004f3c        0x4 CMakeFiles/active-load.dir/Modules/ui/src/lcd_ui.c.obj
 .bss.s_menu_idx
                0x20004f40        0x1 CMakeFiles/active-load.dir/Modules/ui/src/lcd_ui.c.obj
 .bss.s_display
                0x20004f41        0x1 CMakeFiles/active-load.dir/Modules/ui/src/lcd_ui.c.obj
 .bss.s_lcd_display_flag
                0x20004f42        0x1 CMakeFiles/active-load.dir/Modules/ui/src/lcd_ui.c.obj
 .bss.s_lcd_update_flag
                0x20004f43        0x1 CMakeFiles/active-load.dir/Modules/ui/src/lcd_ui.c.obj
 .bss.__sf      0x20004f44      0x138 /home/majg__/.local/share/stm32cube/bundles/gnu-tools-for-stm32/14.3.1+st.2/bin/../lib/gcc/arm-none-eabi/14.3.1/../../../../arm-none-eabi/lib/thumb/v7-m/nofp/libg_nano.a(libc_a-findfp.o)
                0x20004f44                __sf
 .bss.errno     0x2000507c        0x4 /home/majg__/.local/share/stm32cube/bundles/gnu-tools-for-stm32/14.3.1+st.2/bin/../lib/gcc/arm-none-eabi/14.3.1/../../../../arm-none-eabi/lib/thumb/v7-m/nofp/libg_nano.a(libc_a-reent.o)
                0x2000507c                errno
 .bss.__lock___malloc_recursive_mutex
                0x20005080        0x1 /home/majg__/.local/share/stm32cube/bundles/gnu-tools-for-stm32/14.3.1+st.2/bin/../lib/gcc/arm-none-eabi/14.3.1/../../../../arm-none-eabi/lib/thumb/v7-m/nofp/libg_nano.a(libc_a-lock.o)
                0x20005080                __lock___malloc_recursive_mutex
 *fill*         0x20005081        0x3 