Archive member included to satisfy reference by file (symbol)

D:/STMCUBEIDE/STM32CubeIDE_1.19.0/STM32CubeIDE/plugins/com.st.stm32cube.ide.mcu.externaltools.gnu-tools-for-stm32.13.3.rel1.win32_1.0.0.202411081344/tools/bin/../lib/gcc/arm-none-eabi/13.3.1/../../../../arm-none-eabi/lib/thumb/v7-m/nofp\libc_nano.a(libc_a-exit.o)
                              D:/STMCUBEIDE/STM32CubeIDE_1.19.0/STM32CubeIDE/plugins/com.st.stm32cube.ide.mcu.externaltools.gnu-tools-for-stm32.13.3.rel1.win32_1.0.0.202411081344/tools/bin/../lib/gcc/arm-none-eabi/13.3.1/../../../../arm-none-eabi/lib/thumb/v7-m/nofp/crt0.o (exit)
D:/STMCUBEIDE/STM32CubeIDE_1.19.0/STM32CubeIDE/plugins/com.st.stm32cube.ide.mcu.externaltools.gnu-tools-for-stm32.13.3.rel1.win32_1.0.0.202411081344/tools/bin/../lib/gcc/arm-none-eabi/13.3.1/../../../../arm-none-eabi/lib/thumb/v7-m/nofp\libc_nano.a(libc_a-nano-vfprintf_float.o)
                              (_printf_float)
D:/STMCUBEIDE/STM32CubeIDE_1.19.0/STM32CubeIDE/plugins/com.st.stm32cube.ide.mcu.externaltools.gnu-tools-for-stm32.13.3.rel1.win32_1.0.0.202411081344/tools/bin/../lib/gcc/arm-none-eabi/13.3.1/../../../../arm-none-eabi/lib/thumb/v7-m/nofp\libc_nano.a(libc_a-nano-vfprintf_i.o)
                              D:/STMCUBEIDE/STM32CubeIDE_1.19.0/STM32CubeIDE/plugins/com.st.stm32cube.ide.mcu.externaltools.gnu-tools-for-stm32.13.3.rel1.win32_1.0.0.202411081344/tools/bin/../lib/gcc/arm-none-eabi/13.3.1/../../../../arm-none-eabi/lib/thumb/v7-m/nofp\libc_nano.a(libc_a-nano-vfprintf_float.o) (_printf_common)
D:/STMCUBEIDE/STM32CubeIDE_1.19.0/STM32CubeIDE/plugins/com.st.stm32cube.ide.mcu.externaltools.gnu-tools-for-stm32.13.3.rel1.win32_1.0.0.202411081344/tools/bin/../lib/gcc/arm-none-eabi/13.3.1/../../../../arm-none-eabi/lib/thumb/v7-m/nofp\libc_nano.a(libc_a-findfp.o)
                              D:/STMCUBEIDE/STM32CubeIDE_1.19.0/STM32CubeIDE/plugins/com.st.stm32cube.ide.mcu.externaltools.gnu-tools-for-stm32.13.3.rel1.win32_1.0.0.202411081344/tools/bin/../lib/gcc/arm-none-eabi/13.3.1/../../../../arm-none-eabi/lib/thumb/v7-m/nofp\libc_nano.a(libc_a-exit.o) (__stdio_exit_handler)
D:/STMCUBEIDE/STM32CubeIDE_1.19.0/STM32CubeIDE/plugins/com.st.stm32cube.ide.mcu.externaltools.gnu-tools-for-stm32.13.3.rel1.win32_1.0.0.202411081344/tools/bin/../lib/gcc/arm-none-eabi/13.3.1/../../../../arm-none-eabi/lib/thumb/v7-m/nofp\libc_nano.a(libc_a-fwalk.o)
                              D:/STMCUBEIDE/STM32CubeIDE_1.19.0/STM32CubeIDE/plugins/com.st.stm32cube.ide.mcu.externaltools.gnu-tools-for-stm32.13.3.rel1.win32_1.0.0.202411081344/tools/bin/../lib/gcc/arm-none-eabi/13.3.1/../../../../arm-none-eabi/lib/thumb/v7-m/nofp\libc_nano.a(libc_a-findfp.o) (_fwalk_sglue)
D:/STMCUBEIDE/STM32CubeIDE_1.19.0/STM32CubeIDE/plugins/com.st.stm32cube.ide.mcu.externaltools.gnu-tools-for-stm32.13.3.rel1.win32_1.0.0.202411081344/tools/bin/../lib/gcc/arm-none-eabi/13.3.1/../../../../arm-none-eabi/lib/thumb/v7-m/nofp\libc_nano.a(libc_a-snprintf.o)
                              ./Core/Src/sd.o (snprintf)
D:/STMCUBEIDE/STM32CubeIDE_1.19.0/STM32CubeIDE/plugins/com.st.stm32cube.ide.mcu.externaltools.gnu-tools-for-stm32.13.3.rel1.win32_1.0.0.202411081344/tools/bin/../lib/gcc/arm-none-eabi/13.3.1/../../../../arm-none-eabi/lib/thumb/v7-m/nofp\libc_nano.a(libc_a-sprintf.o)
                              ./Core/Src/interface.o (sprintf)
D:/STMCUBEIDE/STM32CubeIDE_1.19.0/STM32CubeIDE/plugins/com.st.stm32cube.ide.mcu.externaltools.gnu-tools-for-stm32.13.3.rel1.win32_1.0.0.202411081344/tools/bin/../lib/gcc/arm-none-eabi/13.3.1/../../../../arm-none-eabi/lib/thumb/v7-m/nofp\libc_nano.a(libc_a-stdio.o)
                              D:/STMCUBEIDE/STM32CubeIDE_1.19.0/STM32CubeIDE/plugins/com.st.stm32cube.ide.mcu.externaltools.gnu-tools-for-stm32.13.3.rel1.win32_1.0.0.202411081344/tools/bin/../lib/gcc/arm-none-eabi/13.3.1/../../../../arm-none-eabi/lib/thumb/v7-m/nofp\libc_nano.a(libc_a-findfp.o) (__sread)
D:/STMCUBEIDE/STM32CubeIDE_1.19.0/STM32CubeIDE/plugins/com.st.stm32cube.ide.mcu.externaltools.gnu-tools-for-stm32.13.3.rel1.win32_1.0.0.202411081344/tools/bin/../lib/gcc/arm-none-eabi/13.3.1/../../../../arm-none-eabi/lib/thumb/v7-m/nofp\libc_nano.a(libc_a-vsnprintf.o)
                              ./Core/Src/komunikacjaPC2.o (vsnprintf)
D:/STMCUBEIDE/STM32CubeIDE_1.19.0/STM32CubeIDE/plugins/com.st.stm32cube.ide.mcu.externaltools.gnu-tools-for-stm32.13.3.rel1.win32_1.0.0.202411081344/tools/bin/../lib/gcc/arm-none-eabi/13.3.1/../../../../arm-none-eabi/lib/thumb/v7-m/nofp\libc_nano.a(libc_a-memset.o)
                              D:/STMCUBEIDE/STM32CubeIDE_1.19.0/STM32CubeIDE/plugins/com.st.stm32cube.ide.mcu.externaltools.gnu-tools-for-stm32.13.3.rel1.win32_1.0.0.202411081344/tools/bin/../lib/gcc/arm-none-eabi/13.3.1/../../../../arm-none-eabi/lib/thumb/v7-m/nofp/crt0.o (memset)
[...]
Memory Configuration

Name             Origin             Length             Attributes
RAM              0x20000000         0x00014000         xrw
FLASH            0x08000000         0x00080000         xr
*default*        0x00000000         0xffffffff

Linker script and memory map

LOAD D:/STMCUBEIDE/STM32CubeIDE_1.19.0/STM32CubeIDE/plugins/com.st.stm32cube.ide.mcu.externaltools.gnu-tools-for-stm32.13.3.rel1.win32_1.0.0.202411081344/tools/bin/../lib/gcc/arm-none-eabi/13.3.1/thumb/v7-m/nofp/crti.o
LOAD D:/STMCUBEIDE/STM32CubeIDE_1.19.0/STM32CubeIDE/plugins/com.st.stm32cube.ide.mcu.externaltools.gnu-tools-for-stm32.13.3.rel1.win32_1.0.0.202411081344/tools/bin/../lib/gcc/arm-none-eabi/13.3.1/thumb/v7-m/nofp/crtbegin.o
LOAD D:/STMCUBEIDE/STM32CubeIDE_1.19.0/STM32CubeIDE/plugins/com.st.stm32cube.ide.mcu.externaltools.gnu-tools-for-stm32.13.3.rel1.win32_1.0.0.202411081344/tools/bin/../lib/gcc/arm-none-eabi/13.3.1/../../../../arm-none-eabi/lib/thumb/v7-m/nofp/crt0.o
LOAD ./Core/Src/gpio.o
LOAD ./Core/Src/interface.o
LOAD ./Core/Src/komunikacjaPC2.o
LOAD ./Core/Src/main.o
LOAD ./Core/Src/mystruct.o
LOAD ./Core/Src/regulator.o
LOAD ./Core/Src/rtc.o
LOAD ./Core/Src/sd.o
LOAD ./Core/Src/spi.o
LOAD ./Core/Src/stm32l1xx_hal_msp.o
LOAD ./Core/Src/stm32l1xx_it.o
LOAD ./Core/Src/syscalls.o
LOAD ./Core/Src/sysmem.o
LOAD ./Core/Src/system_stm32l1xx.o
LOAD ./Core/Src/tim.o
LOAD ./Core/Src/usart.o
LOAD ./Core/Startup/startup_stm32l152retx.o
LOAD ./Drivers/STM32L1xx_HAL_Driver/Src/stm32l1xx_hal.o
LOAD ./Drivers/STM32L1xx_HAL_Driver/Src/stm32l1xx_hal_cortex.o
LOAD ./Drivers/STM32L1xx_HAL_Driver/Src/stm32l1xx_hal_dma.o
LOAD ./Drivers/STM32L1xx_HAL_Driver/Src/stm32l1xx_hal_exti.o
LOAD ./Drivers/STM32L1xx_HAL_Driver/Src/stm32l1xx_hal_flash.o
LOAD ./Drivers/STM32L1xx_HAL_Driver/Src/stm32l1xx_hal_flash_ex.o
LOAD ./Drivers/STM32L1xx_HAL_Driver/Src/stm32l1xx_hal_flash_ramfunc.o
LOAD ./Drivers/STM32L1xx_HAL_Driver/Src/stm32l1xx_hal_gpio.o
LOAD ./Drivers/STM32L1xx_HAL_Driver/Src/stm32l1xx_hal_pwr.o
LOAD ./Drivers/STM32L1xx_HAL_Driver/Src/stm32l1xx_hal_pwr_ex.o
LOAD ./Drivers/STM32L1xx_HAL_Driver/Src/stm32l1xx_hal_rcc.o
LOAD ./Drivers/STM32L1xx_HAL_Driver/Src/stm32l1xx_hal_rcc_ex.o
LOAD ./Drivers/STM32L1xx_HAL_Driver/Src/stm32l1xx_hal_rtc.o
LOAD ./Drivers/STM32L1xx_HAL_Driver/Src/stm32l1xx_hal_rtc_ex.o
LOAD ./Drivers/STM32L1xx_HAL_Driver/Src/stm32l1xx_hal_spi.o
LOAD ./Drivers/STM32L1xx_HAL_Driver/Src/stm32l1xx_hal_tim.o
LOAD ./Drivers/STM32L1xx_HAL_Driver/Src/stm32l1xx_hal_tim_ex.o
LOAD ./Drivers/STM32L1xx_HAL_Driver/Src/stm32l1xx_hal_uart.o
LOAD ./FATFS/App/fatfs.o
LOAD ./FATFS/Target/user_diskio.o
LOAD ./FATFS/Target/user_diskio_spi.o
LOAD ./Middlewares/Third_Party/FatFs/src/diskio.o
LOAD ./Middlewares/Third_Party/FatFs/src/ff.o
LOAD ./Middlewares/Third_Party/FatFs/src/ff_gen_drv.o
LOAD ./Middlewares/Third_Party/FatFs/src/option/syscall.o
START GROUP
LOAD D:/STMCUBEIDE/STM32CubeIDE_1.19.0/STM32CubeIDE/plugins/com.st.stm32cube.ide.mcu.externaltools.gnu-tools-for-stm32.13.3.rel1.win32_1.0.0.202411081344/tools/bin/../lib/gcc/arm-none-eabi/13.3.1/../../../../arm-none-eabi/lib/thumb/v7-m/nofp\libc_nano.a
LOAD D:/STMCUBEIDE/STM32CubeIDE_1.19.0/STM32CubeIDE/plugins/com.st.stm32cube.ide.mcu.externaltools.gnu-tools-for-stm32.13.3.rel1.win32_1.0.0.202411081344/tools/bin/../lib/gcc/arm-none-eabi/13.3.1/../../../../arm-none-eabi/lib/thumb/v7-m/nofp\libm.a
END GROUP
START GROUP
LOAD D:/STMCUBEIDE/STM32CubeIDE_1.19.0/STM32CubeIDE/plugins/com.st.stm32cube.ide.mcu.externaltools.gnu-tools-for-stm32.13.3.rel1.win32_1.0.0.202411081344/tools/bin/../lib/gcc/arm-none-eabi/13.3.1/thumb/v7-m/nofp\libgcc.a
LOAD D:/STMCUBEIDE/STM32CubeIDE_1.19.0/STM32CubeIDE/plugins/com.st.stm32cube.ide.mcu.externaltools.gnu-tools-for-stm32.13.3.rel1.win32_1.0.0.202411081344/tools/bin/../lib/gcc/arm-none-eabi/13.3.1/../../../../arm-none-eabi/lib/thumb/v7-m/nofp\libc_nano.a
END GROUP
START GROUP
LOAD D:/STMCUBEIDE/STM32CubeIDE_1.19.0/STM32CubeIDE/plugins/com.st.stm32cube.ide.mcu.externaltools.gnu-tools-for-stm32.13.3.rel1.win32_1.0.0.202411081344/tools/bin/../lib/gcc/arm-none-eabi/13.3.1/thumb/v7-m/nofp\libgcc.a
LOAD D:/STMCUBEIDE/STM32CubeIDE_1.19.0/STM32CubeIDE/plugins/com.st.stm32cube.ide.mcu.externaltools.gnu-tools-for-stm32.13.3.rel1.win32_1.0.0.202411081344/tools/bin/../lib/gcc/arm-none-eabi/13.3.1/../../../../arm-none-eabi/lib/thumb/v7-m/nofp\libc_nano.a
LOAD D:/STMCUBEIDE/STM32CubeIDE_1.19.0/STM32CubeIDE/plugins/com.st.stm32cube.ide.mcu.externaltools.gnu-tools-for-stm32.13.3.rel1.win32_1.0.0.202411081344/tools/bin/../lib/gcc/arm-none-eabi/13.3.1/../../../../arm-none-eabi/lib/thumb/v7-m/nofp\libnosys.a
END GROUP
START GROUP
LOAD D:/STMCUBEIDE/STM32CubeIDE_1.19.0/STM32CubeIDE/plugins/com.st.stm32cube.ide.mcu.externaltools.gnu-tools-for-stm32.13.3.rel1.win32_1.0.0.202411081344/tools/bin/../lib/gcc/arm-none-eabi/13.3.1/thumb/v7-m/nofp\libgcc.a
LOAD D:/STMCUBEIDE/STM32CubeIDE_1.19.0/STM32CubeIDE/plugins/com.st.stm32cube.ide.mcu.externaltools.gnu-tools-for-stm32.13.3.rel1.win32_1.0.0.202411081344/tools/bin/../lib/gcc/arm-none-eabi/13.3.1/../../../../arm-none-eabi/lib/thumb/v7-m/nofp\libc_nano.a
LOAD D:/STMCUBEIDE/STM32CubeIDE_1.19.0/STM32CubeIDE/plugins/com.st.stm32cube.ide.mcu.externaltools.gnu-tools-for-stm32.13.3.rel1.win32_1.0.0.202411081344/tools/bin/../lib/gcc/arm-none-eabi/13.3.1/../../../../arm-none-eabi/lib/thumb/v7-m/nofp\libnosys.a
END GROUP
LOAD D:/STMCUBEIDE/STM32CubeIDE_1.19.0/STM32CubeIDE/plugins/com.st.stm32cube.ide.mcu.externaltools.gnu-tools-for-stm32.13.3.rel1.win32_1.0.0.202411081344/tools/bin/../lib/gcc/arm-none-eabi/13.3.1/thumb/v7-m/nofp/crtend.o
LOAD D:/STMCUBEIDE/STM32CubeIDE_1.19.0/STM32CubeIDE/plugins/com.st.stm32cube.ide.mcu.externaltools.gnu-tools-for-stm32.13.3.rel1.win32_1.0.0.202411081344/tools/bin/../lib/gcc/arm-none-eabi/13.3.1/thumb/v7-m/nofp/crtn.o
                0x20014000                        _estack = (ORIGIN (RAM) + LENGTH (RAM))
                0x00000200                        _Min_Heap_Size = 0x200
                0x00000400                        _Min_Stack_Size = 0x400

.isr_vector     0x08000000      0x13c
                0x08000000                        . = ALIGN (0x4)
 *(.isr_vector)
 .isr_vector    0x08000000      0x13c ./Core/Startup/startup_stm32l152retx.o
                0x08000000                g_pfnVectors
                0x0800013c                        . = ALIGN (0x4)

.text           0x08000140     0xf12c
                0x08000140                        . = ALIGN (0x4)
 *(.text)
 .text          0x08000140       0x40 D:/STMCUBEIDE/STM32CubeIDE_1.19.0/STM32CubeIDE/plugins/com.st.stm32cube.ide.mcu.externaltools.gnu-tools-for-stm32.13.3.rel1.win32_1.0.0.202411081344/tools/bin/../lib/gcc/arm-none-eabi/13.3.1/thumb/v7-m/nofp/crtbegin.o
 .text          0x08000180       0x10 D:/STMCUBEIDE/STM32CubeIDE_1.19.0/STM32CubeIDE/plugins/com.st.stm32cube.ide.mcu.externaltools.gnu-tools-for-stm32.13.3.rel1.win32_1.0.0.202411081344/tools/bin/../lib/gcc/arm-none-eabi/13.3.1/../../../../arm-none-eabi/lib/thumb/v7-m/nofp\libc_nano.a(libc_a-strlen.o)
                0x08000180                strlen
 .text          0x08000190      0x378 D:/STMCUBEIDE/STM32CubeIDE_1.19.0/STM32CubeIDE/plugins/com.st.stm32cube.ide.mcu.externaltools.gnu-tools-for-stm32.13.3.rel1.win32_1.0.0.202411081344/tools/bin/../lib/gcc/arm-none-eabi/13.3.1/thumb/v7-m/nofp\libgcc.a(_arm_addsubdf3.o)
                0x08000190                __aeabi_drsub
                0x08000198                __aeabi_dsub
                0x08000198                __subdf3
                0x0800019c                __aeabi_dadd
                0x0800019c                __adddf3
                0x08000414                __floatunsidf
                0x08000414                __aeabi_ui2d
                0x08000434                __floatsidf
                0x08000434                __aeabi_i2d
                0x08000458                __aeabi_f2d
                0x08000458                __extendsfdf2
                0x0800049c                __floatundidf
                0x0800049c                __aeabi_ul2d
                0x080004ac                __floatdidf
                0x080004ac                __aeabi_l2d
 .text          0x08000508      0x424 D:/STMCUBEIDE/STM32CubeIDE_1.19.0/STM32CubeIDE/plugins/com.st.stm32cube.ide.mcu.externaltools.gnu-tools-for-stm32.13.3.rel1.win32_1.0.0.202411081344/tools/bin/../lib/gcc/arm-none-eabi/13.3.1/thumb/v7-m/nofp\libgcc.a(_arm_muldivdf3.o)
                0x08000508                __aeabi_dmul
                0x08000508                __muldf3
                0x0800075c                __divdf3
                0x0800075c                __aeabi_ddiv
 .text          0x0800092c      0x110 D:/STMCUBEIDE/STM32CubeIDE_1.19.0/STM32CubeIDE/plugins/com.st.stm32cube.ide.mcu.externaltools.gnu-tools-for-stm32.13.3.rel1.win32_1.0.0.202411081344/tools/bin/../lib/gcc/arm-none-eabi/13.3.1/thumb/v7-m/nofp\libgcc.a(_arm_cmpdf2.o)
                0x0800092c                __gtdf2
                0x0800092c                __gedf2
                0x08000934                __ltdf2
                0x08000934                __ledf2
                0x0800093c                __nedf2
                0x0800093c                __eqdf2
                0x0800093c                __cmpdf2
                0x080009b8                __aeabi_cdrcmple
                0x080009c8                __aeabi_cdcmpeq
                0x080009c8                __aeabi_cdcmple
                0x080009d8                __aeabi_dcmpeq
                0x080009ec                __aeabi_dcmplt
                0x08000a00                __aeabi_dcmple
                0x08000a14                __aeabi_dcmpge
                0x08000a28                __aeabi_dcmpgt
 .text          0x08000a3c       0x2c D:/STMCUBEIDE/STM32CubeIDE_1.19.0/STM32CubeIDE/plugins/com.st.stm32cube.ide.mcu.externaltools.gnu-tools-for-stm32.13.3.rel1.win32_1.0.0.202411081344/tools/bin/../lib/gcc/arm-none-eabi/13.3.1/thumb/v7-m/nofp\libgcc.a(_arm_unorddf2.o)
                0x08000a3c                __unorddf2
                0x08000a3c                __aeabi_dcmpun
 .text          0x08000a68       0x50 D:/STMCUBEIDE/STM32CubeIDE_1.19.0/STM32CubeIDE/plugins/com.st.stm32cube.ide.mcu.externaltools.gnu-tools-for-stm32.13.3.rel1.win32_1.0.0.202411081344/tools/bin/../lib/gcc/arm-none-eabi/13.3.1/thumb/v7-m/nofp\libgcc.a(_arm_fixdfsi.o)
                0x08000a68                __aeabi_d2iz
                0x08000a68                __fixdfsi
 .text          0x08000ab8       0x40 D:/STMCUBEIDE/STM32CubeIDE_1.19.0/STM32CubeIDE/plugins/com.st.stm32cube.ide.mcu.externaltools.gnu-tools-for-stm32.13.3.rel1.win32_1.0.0.202411081344/tools/bin/../lib/gcc/arm-none-eabi/13.3.1/thumb/v7-m/nofp\libgcc.a(_arm_fixunsdfsi.o)
                0x08000ab8                __aeabi_d2uiz
                0x08000ab8                __fixunsdfsi
 .text          0x08000af8       0xa0 D:/STMCUBEIDE/STM32CubeIDE_1.19.0/STM32CubeIDE/plugins/com.st.stm32cube.ide.mcu.externaltools.gnu-tools-for-stm32.13.3.rel1.win32_1.0.0.202411081344/tools/bin/../lib/gcc/arm-none-eabi/13.3.1/thumb/v7-m/nofp\libgcc.a(_arm_truncdfsf2.o)
                0x08000af8                __truncdfsf2
                0x08000af8                __aeabi_d2f
 .text          0x08000b98      0x21c D:/STMCUBEIDE/STM32CubeIDE_1.19.0/STM32CubeIDE/plugins/com.st.stm32cube.ide.mcu.externaltools.gnu-tools-for-stm32.13.3.rel1.win32_1.0.0.202411081344/tools/bin/../lib/gcc/arm-none-eabi/13.3.1/thumb/v7-m/nofp\libgcc.a(_arm_addsubsf3.o)
                0x08000b98                __aeabi_frsub
                0x08000ba0                __subsf3
                0x08000ba0                __aeabi_fsub
                0x08000ba4                __aeabi_fadd
                0x08000ba4                __addsf3
                0x08000d04                __aeabi_ui2f
                0x08000d04                __floatunsisf
                0x08000d0c                __aeabi_i2f
                0x08000d0c                __floatsisf
                0x08000d28                __aeabi_ul2f
                0x08000d28                __floatundisf
                0x08000d38                __aeabi_l2f
                0x08000d38                __floatdisf
 .text          0x08000db4      0x2a0 D:/STMCUBEIDE/STM32CubeIDE_1.19.0/STM32CubeIDE/plugins/com.st.stm32cube.ide.mcu.externaltools.gnu-tools-for-stm32.13.3.rel1.win32_1.0.0.202411081344/tools/bin/../lib/gcc/arm-none-eabi/13.3.1/thumb/v7-m/nofp\libgcc.a(_arm_muldivsf3.o)
                0x08000db4                __mulsf3
                0x08000db4                __aeabi_fmul
                0x08000f1c                __aeabi_fdiv
                0x08000f1c                __divsf3
 .text          0x08001054       0xec D:/STMCUBEIDE/STM32CubeIDE_1.19.0/STM32CubeIDE/plugins/com.st.stm32cube.ide.mcu.externaltools.gnu-tools-for-stm32.13.3.rel1.win32_1.0.0.202411081344/tools/bin/../lib/gcc/arm-none-eabi/13.3.1/thumb/v7-m/nofp\libgcc.a(_arm_cmpsf2.o)
                0x08001054                __gesf2
                0x08001054                __gtsf2
                0x0800105c                __lesf2
                0x0800105c                __ltsf2
                0x08001064                __nesf2
                0x08001064                __eqsf2
                0x08001064                __cmpsf2
                0x080010c4                __aeabi_cfrcmple
                0x080010cc                __aeabi_cfcmpeq
                0x080010cc                __aeabi_cfcmple
                0x080010dc                __aeabi_fcmpeq
                0x080010f0                __aeabi_fcmplt
                0x08001104                __aeabi_fcmple
                0x08001118                __aeabi_fcmpge
                0x0800112c                __aeabi_fcmpgt
 .text          0x08001140       0x4c D:/STMCUBEIDE/STM32CubeIDE_1.19.0/STM32CubeIDE/plugins/com.st.stm32cube.ide.mcu.externaltools.gnu-tools-for-stm32.13.3.rel1.win32_1.0.0.202411081344/tools/bin/../lib/gcc/arm-none-eabi/13.3.1/thumb/v7-m/nofp\libgcc.a(_arm_fixsfsi.o)
                0x08001140                __aeabi_f2iz
                0x08001140                __fixsfsi
 .text          0x0800118c       0x30 D:/STMCUBEIDE/STM32CubeIDE_1.19.0/STM32CubeIDE/plugins/com.st.stm32cube.ide.mcu.externaltools.gnu-tools-for-stm32.13.3.rel1.win32_1.0.0.202411081344/tools/bin/../lib/gcc/arm-none-eabi/13.3.1/thumb/v7-m/nofp\libgcc.a(_aeabi_uldivmod.o)
                0x0800118c                __aeabi_uldivmod
 .text          0x080011bc      0x300 D:/STMCUBEIDE/STM32CubeIDE_1.19.0/STM32CubeIDE/plugins/com.st.stm32cube.ide.mcu.externaltools.gnu-tools-for-stm32.13.3.rel1.win32_1.0.0.202411081344/tools/bin/../lib/gcc/arm-none-eabi/13.3.1/thumb/v7-m/nofp\libgcc.a(_udivmoddi4.o)
                0x080011bc                __udivmoddi4
 .text          0x080014bc        0x4 D:/STMCUBEIDE/STM32CubeIDE_1.19.0/STM32CubeIDE/plugins/com.st.stm32cube.ide.mcu.externaltools.gnu-tools-for-stm32.13.3.rel1.win32_1.0.0.202411081344/tools/bin/../lib/gcc/arm-none-eabi/13.3.1/thumb/v7-m/nofp\libgcc.a(_dvmd_tls.o)
                0x080014bc                __aeabi_idiv0
                0x080014bc                __aeabi_ldiv0
 *(.text*)
 .text.MX_GPIO_Init
                0x080014c0      0x228 ./Core/Src/gpio.o
                0x080014c0                MX_GPIO_Init
 .text.lcdEnablePulse
                0x080016e8       0x30 ./Core/Src/interface.o
                0x080016e8                lcdEnablePulse
 .text.lcdSend4Bits
                0x08001718       0x74 ./Core/Src/interface.o
                0x08001718                lcdSend4Bits
 .text.lcdSendCmnd
                0x0800178c       0x4c ./Core/Src/interface.o
                0x0800178c                lcdSendCmnd
 .text.lcdInit  0x080017d8       0x62 ./Core/Src/interface.o
                0x080017d8                lcdInit
 *fill*         0x0800183a        0x2 
 .text.lcdSendData
                0x0800183c       0x4c ./Core/Src/interface.o
                0x0800183c                lcdSendData
 .text.lcdSendString
                0x08001888       0x2a ./Core/Src/interface.o
                0x08001888                lcdSendString
 *fill*         0x080018b2        0x2 
 .text.lcdDisplayMeasurement
                0x080018b4       0x6c ./Core/Src/interface.o
                0x080018b4                lcdDisplayMeasurement
 .text.lcdDisplaySetpoint
                0x08001920       0x74 ./Core/Src/interface.o
                0x08001920                lcdDisplaySetpoint
 .text.lcdDisplayMode
                0x08001994       0x4c ./Core/Src/interface.o
                0x08001994                lcdDisplayMode
 .text.HAL_GPIO_EXTI_Callback
                0x080019e0      0x2b0 ./Core/Src/interface.o
                0x080019e0                HAL_GPIO_EXTI_Callback
 .text.lcdCheckForUpdate
                0x08001c90      0x6d0 ./Core/Src/interface.o
                0x08001c90                lcdCheckForUpdate
 .text.myprintf
                0x08002360       0x4c ./Core/Src/komunikacjaPC2.o
                0x08002360                myprintf
 .text.HAL_UART_RxCpltCallback
                0x080023ac       0x5c ./Core/Src/komunikacjaPC2.o
                0x080023ac                HAL_UART_RxCpltCallback
 .text.createDummyData
                0x08002408       0x1c ./Core/Src/komunikacjaPC2.o
                0x08002408                createDummyData
 .text.calculateCrc
                0x08002424       0x52 ./Core/Src/komunikacjaPC2.o
                0x08002424                calculateCrc
 *fill*         0x08002476        0x2 
 .text.checkForData
                0x08002478      0x120 ./Core/Src/komunikacjaPC2.o
                0x08002478                checkForData
 .text.saveDataToStruct
                0x08002598       0xe4 ./Core/Src/komunikacjaPC2.o
                0x08002598                saveDataToStruct
 .text.EEPROM_Save_Partial
                0x0800267c      0x148 ./Core/Src/komunikacjaPC2.o
                0x0800267c                EEPROM_Save_Partial
 .text.EEPROM_Load_Partial
                0x080027c4      0x108 ./Core/Src/komunikacjaPC2.o
                0x080027c4                EEPROM_Load_Partial
 *fill*         0x080028cc        0x4 
 .text.main     0x080028d0      0x384 ./Core/Src/main.o
                0x080028d0                main
 .text.SystemClock_Config
                0x08002c54       0xc8 ./Core/Src/main.o
                0x08002c54                SystemClock_Config
 .text.HAL_TIM_PeriodElapsedCallback
                0x08002d1c       0x34 ./Core/Src/main.o
                0x08002d1c                HAL_TIM_PeriodElapsedCallback
 .text.Error_Handler
                0x08002d50        0xc ./Core/Src/main.o
                0x08002d50                Error_Handler
 .text.getSetpoint
                0x08002d5c       0x14 ./Core/Src/mystruct.o
                0x08002d5c                getSetpoint
 .text.setSetpoint
                0x08002d70       0xf8 ./Core/Src/mystruct.o
                0x08002d70                setSetpoint
 .text.getCurrent
                0x08002e68       0x14 ./Core/Src/mystruct.o
                0x08002e68                getCurrent
 *fill*         0x08002e7c        0x4 
 .text.setCurrent
                0x08002e80      0x2dc ./Core/Src/mystruct.o
                0x08002e80                setCurrent
 .text.getBatteryVoltage
                0x0800315c       0x14 ./Core/Src/mystruct.o
                0x0800315c                getBatteryVoltage
 .text.setBatteryVoltage
                0x08003170       0xfc ./Core/Src/mystruct.o
                0x08003170                setBatteryVoltage
 .text.getDacOutput
                0x0800326c       0x14 ./Core/Src/mystruct.o
                0x0800326c                getDacOutput
 .text.setDacOutput
                0x08003280       0xa0 ./Core/Src/mystruct.o
                0x08003280                setDacOutput
 .text.getParameter
                0x08003320       0x14 ./Core/Src/mystruct.o
                0x08003320                getParameter
 .text.setParameter
                0x08003334       0x78 ./Core/Src/mystruct.o
                0x08003334                setParameter
 .text.getMode  0x080033ac       0x18 ./Core/Src/mystruct.o
                0x080033ac                getMode
 .text.setMode  0x080033c4       0x20 ./Core/Src/mystruct.o
                0x080033c4                setMode
 .text.getOnOff
                0x080033e4       0x18 ./Core/Src/mystruct.o
                0x080033e4                getOnOff
 .text.setOnOff
                0x080033fc       0x2c ./Core/Src/mystruct.o
                0x080033fc                setOnOff
 .text.getLogging
                0x08003428       0x18 ./Core/Src/mystruct.o
                0x08003428                getLogging
 .text.setLogging
                0x08003440       0x30 ./Core/Src/mystruct.o
                0x08003440                setLogging
 .text.getLoggingBufferSize
                0x08003470       0x14 ./Core/Src/mystruct.o
                0x08003470                getLoggingBufferSize
 .text.setLoggingBufferSize
                0x08003484       0x20 ./Core/Src/mystruct.o
                0x08003484                setLoggingBufferSize
 .text.getLoggingSpeed
                0x080034a4       0x14 ./Core/Src/mystruct.o
                0x080034a4                getLoggingSpeed
 .text.setLoggingSpeed
                0x080034b8       0x20 ./Core/Src/mystruct.o
                0x080034b8                setLoggingSpeed
 .text.measureTemp_1
                0x080034d8       0x18 ./Core/Src/mystruct.o
                0x080034d8                measureTemp_1
 .text.setTemp_1
                0x080034f0       0x98 ./Core/Src/mystruct.o
                0x080034f0                setTemp_1
 .text.getTemp_1
                0x08003588       0x14 ./Core/Src/mystruct.o
                0x08003588                getTemp_1
 .text.measureTemp_3
                0x0800359c       0x18 ./Core/Src/mystruct.o
                0x0800359c                measureTemp_3
 .text.setTemp_3
                0x080035b4       0x98 ./Core/Src/mystruct.o
                0x080035b4                setTemp_3
 .text.getTemp_3
                0x0800364c       0x14 ./Core/Src/mystruct.o
                0x0800364c                getTemp_3
 .text.delay_us
                0x08003660       0x30 ./Core/Src/mystruct.o
                0x08003660                delay_us
 .text.wire_reset_1
                0x08003690       0x54 ./Core/Src/mystruct.o
                0x08003690                wire_reset_1
 .text.write_bit_1
                0x080036e4       0x5c ./Core/Src/mystruct.o
                0x080036e4                write_bit_1
 .text.read_bit_1
                0x08003740       0x48 ./Core/Src/mystruct.o
                0x08003740                read_bit_1
 .text.wire_write_1
                0x08003788       0x38 ./Core/Src/mystruct.o
                0x08003788                wire_write_1
 .text.wire_read_1
                0x080037c0       0x3e ./Core/Src/mystruct.o
                0x080037c0                wire_read_1
 *fill*         0x080037fe        0x2 
 .text.wire_reset_3
                0x08003800       0x54 ./Core/Src/mystruct.o
                0x08003800                wire_reset_3
 .text.write_bit_3
                0x08003854       0x5c ./Core/Src/mystruct.o
                0x08003854                write_bit_3
 .text.read_bit_3
                0x080038b0       0x48 ./Core/Src/mystruct.o
                0x080038b0                read_bit_3
 .text.wire_write_3
                0x080038f8       0x38 ./Core/Src/mystruct.o
                0x080038f8                wire_write_3
 .text.wire_read_3
                0x08003930       0x3e ./Core/Src/mystruct.o
                0x08003930                wire_read_3
 *fill*         0x0800396e        0x2 
 .text.regulatorPI
                0x08003970      0x268 ./Core/Src/regulator.o
                0x08003970                regulatorPI
 .text.compensate
                0x08003bd8      0x2a8 ./Core/Src/regulator.o
                0x08003bd8                compensate
 .text.MCP3561T_1_Init
                0x08003e80      0x19c ./Core/Src/regulator.o
                0x08003e80                MCP3561T_1_Init
 .text.MCP3561T_2_Init
                0x0800401c      0x1ec ./Core/Src/regulator.o
                0x0800401c                MCP3561T_2_Init
 .text.MX_RTC_Init
                0x08004208       0xc8 ./Core/Src/rtc.o
                0x08004208                MX_RTC_Init
 .text.HAL_RTC_MspInit
                0x080042d0       0x2c ./Core/Src/rtc.o
                0x080042d0                HAL_RTC_MspInit
 .text.sd_attach
                0x080042fc       0x18 ./Core/Src/sd.o
                0x080042fc                sd_attach
 .text.sd_dettach
                0x08004314       0x18 ./Core/Src/sd.o
                0x08004314                sd_dettach
 .text.getDateTime
                0x0800432c       0x50 ./Core/Src/sd.o
                0x0800432c                getDateTime
 .text.createFolderWithCSV
                0x0800437c      0x1ac ./Core/Src/sd.o
                0x0800437c                createFolderWithCSV
 .text.addDataToBuffer
                0x08004528      0x1f0 ./Core/Src/sd.o
                0x08004528                addDataToBuffer
 .text.writeBufferToCsv
                0x08004718      0x104 ./Core/Src/sd.o
                0x08004718                writeBufferToCsv
 .text.MX_SPI2_Init
                0x0800481c       0x6c ./Core/Src/spi.o
                0x0800481c                MX_SPI2_Init
 .text.MX_SPI3_Init
                0x08004888       0x6c ./Core/Src/spi.o
                0x08004888                MX_SPI3_Init
 .text.HAL_SPI_MspInit
                0x080048f4      0x144 ./Core/Src/spi.o
                0x080048f4                HAL_SPI_MspInit
 .text.HAL_MspInit
                0x08004a38       0x60 ./Core/Src/stm32l1xx_hal_msp.o
                0x08004a38                HAL_MspInit
 .text.NMI_Handler
                0x08004a98        0x8 ./Core/Src/stm32l1xx_it.o
                0x08004a98                NMI_Handler
 .text.HardFault_Handler
                0x08004aa0        0x8 ./Core/Src/stm32l1xx_it.o
                0x08004aa0                HardFault_Handler
 .text.MemManage_Handler
                0x08004aa8        0x8 ./Core/Src/stm32l1xx_it.o
                0x08004aa8                MemManage_Handler
 .text.BusFault_Handler
                0x08004ab0        0x8 ./Core/Src/stm32l1xx_it.o
                0x08004ab0                BusFault_Handler
 .text.UsageFault_Handler
                0x08004ab8        0x8 ./Core/Src/stm32l1xx_it.o
                0x08004ab8                UsageFault_Handler
 .text.SVC_Handler
                0x08004ac0        0xc ./Core/Src/stm32l1xx_it.o
                0x08004ac0                SVC_Handler
 .text.DebugMon_Handler
                0x08004acc        0xc ./Core/Src/stm32l1xx_it.o
                0x08004acc                DebugMon_Handler
 .text.PendSV_Handler
                0x08004ad8        0xc ./Core/Src/stm32l1xx_it.o
                0x08004ad8                PendSV_Handler
 .text.SysTick_Handler
                0x08004ae4        0xc ./Core/Src/stm32l1xx_it.o
                0x08004ae4                SysTick_Handler
 .text.EXTI9_5_IRQHandler
                0x08004af0        0xe ./Core/Src/stm32l1xx_it.o
                0x08004af0                EXTI9_5_IRQHandler
 *fill*         0x08004afe        0x2 
 .text.TIM2_IRQHandler
                0x08004b00       0x14 ./Core/Src/stm32l1xx_it.o
                0x08004b00                TIM2_IRQHandler
 .text.USART2_IRQHandler
                0x08004b14       0x14 ./Core/Src/stm32l1xx_it.o
                0x08004b14                USART2_IRQHandler
 .text.EXTI15_10_IRQHandler
                0x08004b28       0x18 ./Core/Src/stm32l1xx_it.o
                0x08004b28                EXTI15_10_IRQHandler
 .text.SPI3_IRQHandler
                0x08004b40       0x14 ./Core/Src/stm32l1xx_it.o
                0x08004b40                SPI3_IRQHandler
 .text._getpid  0x08004b54        0xe ./Core/Src/syscalls.o
                0x08004b54                _getpid
 .text._kill    0x08004b62       0x20 ./Core/Src/syscalls.o
                0x08004b62                _kill
 .text._exit    0x08004b82       0x16 ./Core/Src/syscalls.o
                0x08004b82                _exit
 .text._read    0x08004b98       0x3a ./Core/Src/syscalls.o
                0x08004b98                _read
 .text._write   0x08004bd2       0x38 ./Core/Src/syscalls.o
                0x08004bd2                _write
 .text._close   0x08004c0a       0x16 ./Core/Src/syscalls.o
                0x08004c0a                _close
 .text._fstat   0x08004c20       0x1e ./Core/Src/syscalls.o
                0x08004c20                _fstat
 .text._isatty  0x08004c3e       0x14 ./Core/Src/syscalls.o
                0x08004c3e                _isatty
 .text._lseek   0x08004c52       0x18 ./Core/Src/syscalls.o
                0x08004c52                _lseek
 *fill*         0x08004c6a        0x2 
 .text._sbrk    0x08004c6c       0x6c ./Core/Src/sysmem.o
                0x08004c6c                _sbrk
 .text.SystemInit
                0x08004cd8        0xc ./Core/Src/system_stm32l1xx.o
                0x08004cd8                SystemInit
 .text.MX_TIM2_Init
                0x08004ce4       0x98 ./Core/Src/tim.o
                0x08004ce4                MX_TIM2_Init
 .text.MX_TIM6_Init
                0x08004d7c       0x6c ./Core/Src/tim.o
                0x08004d7c                MX_TIM6_Init
 .text.HAL_TIM_Base_MspInit
                0x08004de8       0x70 ./Core/Src/tim.o
                0x08004de8                HAL_TIM_Base_MspInit
 .text.MX_USART2_UART_Init
                0x08004e58       0x54 ./Core/Src/usart.o
                0x08004e58                MX_USART2_UART_Init
 .text.HAL_UART_MspInit
                0x08004eac       0x98 ./Core/Src/usart.o
                0x08004eac                HAL_UART_MspInit
 .text.Reset_Handler
                0x08004f44       0x48 ./Core/Startup/startup_stm32l152retx.o
                0x08004f44                Reset_Handler
 .text.Default_Handler
                0x08004f8c        0x2 ./Core/Startup/startup_stm32l152retx.o
                0x08004f8c                RTC_Alarm_IRQHandler
                0x08004f8c                EXTI2_IRQHandler
                0x08004f8c                COMP_ACQ_IRQHandler
                0x08004f8c                TIM10_IRQHandler
                0x08004f8c                USB_HP_IRQHandler
                0x08004f8c                TIM6_IRQHandler
                0x08004f8c                PVD_IRQHandler
                0x08004f8c                EXTI3_IRQHandler
                0x08004f8c                EXTI0_IRQHandler
                0x08004f8c                I2C2_EV_IRQHandler
                0x08004f8c                SPI1_IRQHandler
                0x08004f8c                USB_FS_WKUP_IRQHandler
                0x08004f8c                DMA2_Channel2_IRQHandler
                0x08004f8c                DMA1_Channel4_IRQHandler
                0x08004f8c                ADC1_IRQHandler
                0x08004f8c                USART3_IRQHandler
                0x08004f8c                DMA1_Channel7_IRQHandler
                0x08004f8c                LCD_IRQHandler
                0x08004f8c                UART5_IRQHandler
                0x08004f8c                TIM4_IRQHandler
                0x08004f8c                DMA2_Channel1_IRQHandler
                0x08004f8c                I2C1_EV_IRQHandler
                0x08004f8c                DMA1_Channel6_IRQHandler
                0x08004f8c                UART4_IRQHandler
                0x08004f8c                DMA2_Channel4_IRQHandler
                0x08004f8c                TIM3_IRQHandler
                0x08004f8c                RCC_IRQHandler
                0x08004f8c                DMA1_Channel1_IRQHandler
                0x08004f8c                Default_Handler
                0x08004f8c                TIM7_IRQHandler
                0x08004f8c                TIM5_IRQHandler
                0x08004f8c                TIM9_IRQHandler
                0x08004f8c                TAMPER_STAMP_IRQHandler
                0x08004f8c                RTC_WKUP_IRQHandler
                0x08004f8c                SPI2_IRQHandler
                0x08004f8c                DMA2_Channel5_IRQHandler
                0x08004f8c                DMA1_Channel5_IRQHandler
                0x08004f8c                USB_LP_IRQHandler
                0x08004f8c                EXTI4_IRQHandler
                0x08004f8c                DMA1_Channel3_IRQHandler
                0x08004f8c                COMP_IRQHandler
                0x08004f8c                WWDG_IRQHandler
                0x08004f8c                DAC_IRQHandler
                0x08004f8c                EXTI1_IRQHandler
                0x08004f8c                TIM11_IRQHandler
                0x08004f8c                I2C2_ER_IRQHandler
                0x08004f8c                DMA1_Channel2_IRQHandler
                0x08004f8c                FLASH_IRQHandler
                0x08004f8c                USART1_IRQHandler
                0x08004f8c                I2C1_ER_IRQHandler
                0x08004f8c                DMA2_Channel3_IRQHandler
 .text.HAL_Init
                0x08004f8e       0x30 ./Drivers/STM32L1xx_HAL_Driver/Src/stm32l1xx_hal.o
                0x08004f8e                HAL_Init
 *fill*         0x08004fbe        0x2 
 .text.HAL_InitTick
                0x08004fc0       0x74 ./Drivers/STM32L1xx_HAL_Driver/Src/stm32l1xx_hal.o
                0x08004fc0                HAL_InitTick
 .text.HAL_IncTick
                0x08005034       0x24 ./Drivers/STM32L1xx_HAL_Driver/Src/stm32l1xx_hal.o
                0x08005034                HAL_IncTick
 .text.HAL_GetTick
                0x08005058       0x14 ./Drivers/STM32L1xx_HAL_Driver/Src/stm32l1xx_hal.o
                0x08005058                HAL_GetTick
 .text.HAL_Delay
                0x0800506c       0x44 ./Drivers/STM32L1xx_HAL_Driver/Src/stm32l1xx_hal.o
                0x0800506c                HAL_Delay
 .text.__NVIC_SetPriorityGrouping
                0x080050b0       0x48 ./Drivers/STM32L1xx_HAL_Driver/Src/stm32l1xx_hal_cortex.o
 .text.__NVIC_GetPriorityGrouping
                0x080050f8       0x1c ./Drivers/STM32L1xx_HAL_Driver/Src/stm32l1xx_hal_cortex.o
 .text.__NVIC_EnableIRQ
                0x08005114       0x38 ./Drivers/STM32L1xx_HAL_Driver/Src/stm32l1xx_hal_cortex.o
 .text.__NVIC_SetPriority
                0x0800514c       0x54 ./Drivers/STM32L1xx_HAL_Driver/Src/stm32l1xx_hal_cortex.o
 .text.NVIC_EncodePriority
                0x080051a0       0x64 ./Drivers/STM32L1xx_HAL_Driver/Src/stm32l1xx_hal_cortex.o
 .text.SysTick_Config
                0x08005204       0x44 ./Drivers/STM32L1xx_HAL_Driver/Src/stm32l1xx_hal_cortex.o
 .text.HAL_NVIC_SetPriorityGrouping
                0x08005248       0x16 ./Drivers/STM32L1xx_HAL_Driver/Src/stm32l1xx_hal_cortex.o
                0x08005248                HAL_NVIC_SetPriorityGrouping
 .text.HAL_NVIC_SetPriority
                0x0800525e       0x38 ./Drivers/STM32L1xx_HAL_Driver/Src/stm32l1xx_hal_cortex.o
                0x0800525e                HAL_NVIC_SetPriority
 .text.HAL_NVIC_EnableIRQ
                0x08005296       0x1c ./Drivers/STM32L1xx_HAL_Driver/Src/stm32l1xx_hal_cortex.o
                0x08005296                HAL_NVIC_EnableIRQ
 .text.HAL_SYSTICK_Config
                0x080052b2       0x18 ./Drivers/STM32L1xx_HAL_Driver/Src/stm32l1xx_hal_cortex.o
                0x080052b2                HAL_SYSTICK_Config
 .text.HAL_DMA_Abort
                0x080052ca       0x7a ./Drivers/STM32L1xx_HAL_Driver/Src/stm32l1xx_hal_dma.o
                0x080052ca                HAL_DMA_Abort
 .text.HAL_DMA_Abort_IT
                0x08005344       0x82 ./Drivers/STM32L1xx_HAL_Driver/Src/stm32l1xx_hal_dma.o
                0x08005344                HAL_DMA_Abort_IT
 *fill*         0x080053c6        0x2 
 .text.FLASH_WaitForLastOperation
                0x080053c8       0xac ./Drivers/STM32L1xx_HAL_Driver/Src/stm32l1xx_hal_flash.o
                0x080053c8                FLASH_WaitForLastOperation
 .text.FLASH_SetErrorCode
                0x08005474       0xcc ./Drivers/STM32L1xx_HAL_Driver/Src/stm32l1xx_hal_flash.o
 .text.HAL_FLASHEx_DATAEEPROM_Unlock
                0x08005540       0x38 ./Drivers/STM32L1xx_HAL_Driver/Src/stm32l1xx_hal_flash_ex.o
                0x08005540                HAL_FLASHEx_DATAEEPROM_Unlock
 .text.HAL_FLASHEx_DATAEEPROM_Lock
                0x08005578       0x20 ./Drivers/STM32L1xx_HAL_Driver/Src/stm32l1xx_hal_flash_ex.o
                0x08005578                HAL_FLASHEx_DATAEEPROM_Lock
 .text.HAL_FLASHEx_DATAEEPROM_Program
                0x08005598       0xd8 ./Drivers/STM32L1xx_HAL_Driver/Src/stm32l1xx_hal_flash_ex.o
                0x08005598                HAL_FLASHEx_DATAEEPROM_Program
 .text.FLASH_DATAEEPROM_FastProgramByte
                0x08005670       0x50 ./Drivers/STM32L1xx_HAL_Driver/Src/stm32l1xx_hal_flash_ex.o
 .text.FLASH_DATAEEPROM_FastProgramHalfWord
                0x080056c0       0x50 ./Drivers/STM32L1xx_HAL_Driver/Src/stm32l1xx_hal_flash_ex.o
 .text.FLASH_DATAEEPROM_FastProgramWord
                0x08005710       0x4c ./Drivers/STM32L1xx_HAL_Driver/Src/stm32l1xx_hal_flash_ex.o
 .text.FLASH_DATAEEPROM_ProgramByte
                0x0800575c       0x3e ./Drivers/STM32L1xx_HAL_Driver/Src/stm32l1xx_hal_flash_ex.o
 .text.FLASH_DATAEEPROM_ProgramHalfWord
                0x0800579a       0x3e ./Drivers/STM32L1xx_HAL_Driver/Src/stm32l1xx_hal_flash_ex.o
 .text.FLASH_DATAEEPROM_ProgramWord
                0x080057d8       0x3c ./Drivers/STM32L1xx_HAL_Driver/Src/stm32l1xx_hal_flash_ex.o
 .text.HAL_GPIO_Init
                0x08005814      0x320 ./Drivers/STM32L1xx_HAL_Driver/Src/stm32l1xx_hal_gpio.o
                0x08005814                HAL_GPIO_Init
 .text.HAL_GPIO_ReadPin
                0x08005b34       0x2e ./Drivers/STM32L1xx_HAL_Driver/Src/stm32l1xx_hal_gpio.o
                0x08005b34                HAL_GPIO_ReadPin
 .text.HAL_GPIO_WritePin
                0x08005b62       0x30 ./Drivers/STM32L1xx_HAL_Driver/Src/stm32l1xx_hal_gpio.o
                0x08005b62                HAL_GPIO_WritePin
 *fill*         0x08005b92        0x2 
 .text.HAL_GPIO_EXTI_IRQHandler
                0x08005b94       0x30 ./Drivers/STM32L1xx_HAL_Driver/Src/stm32l1xx_hal_gpio.o
                0x08005b94                HAL_GPIO_EXTI_IRQHandler
 .text.HAL_RCC_OscConfig
                0x08005bc4      0x660 ./Drivers/STM32L1xx_HAL_Driver/Src/stm32l1xx_hal_rcc.o
                0x08005bc4                HAL_RCC_OscConfig
 .text.HAL_RCC_ClockConfig
                0x08006224      0x268 ./Drivers/STM32L1xx_HAL_Driver/Src/stm32l1xx_hal_rcc.o
                0x08006224                HAL_RCC_ClockConfig
 .text.HAL_RCC_GetSysClockFreq
                0x0800648c      0x200 ./Drivers/STM32L1xx_HAL_Driver/Src/stm32l1xx_hal_rcc.o
                0x0800648c                HAL_RCC_GetSysClockFreq
 .text.HAL_RCC_GetHCLKFreq
                0x0800668c       0x14 ./Drivers/STM32L1xx_HAL_Driver/Src/stm32l1xx_hal_rcc.o
                0x0800668c                HAL_RCC_GetHCLKFreq
 .text.HAL_RCC_GetPCLK1Freq
                0x080066a0       0x28 ./Drivers/STM32L1xx_HAL_Driver/Src/stm32l1xx_hal_rcc.o
                0x080066a0                HAL_RCC_GetPCLK1Freq
 .text.HAL_RCC_GetPCLK2Freq
                0x080066c8       0x28 ./Drivers/STM32L1xx_HAL_Driver/Src/stm32l1xx_hal_rcc.o
                0x080066c8                HAL_RCC_GetPCLK2Freq
 .text.RCC_SetFlashLatencyFromMSIRange
                0x080066f0       0xc0 ./Drivers/STM32L1xx_HAL_Driver/Src/stm32l1xx_hal_rcc.o
 .text.HAL_RCCEx_PeriphCLKConfig
                0x080067b0      0x214 ./Drivers/STM32L1xx_HAL_Driver/Src/stm32l1xx_hal_rcc_ex.o
                0x080067b0                HAL_RCCEx_PeriphCLKConfig
 .text.HAL_RTC_Init
                0x080069c4      0x102 ./Drivers/STM32L1xx_HAL_Driver/Src/stm32l1xx_hal_rtc.o
                0x080069c4                HAL_RTC_Init
 .text.HAL_RTC_SetTime
                0x08006ac6      0x134 ./Drivers/STM32L1xx_HAL_Driver/Src/stm32l1xx_hal_rtc.o
                0x08006ac6                HAL_RTC_SetTime
 .text.HAL_RTC_GetTime
                0x08006bfa       0xbc ./Drivers/STM32L1xx_HAL_Driver/Src/stm32l1xx_hal_rtc.o
                0x08006bfa                HAL_RTC_GetTime
 .text.HAL_RTC_SetDate
                0x08006cb6      0x108 ./Drivers/STM32L1xx_HAL_Driver/Src/stm32l1xx_hal_rtc.o
                0x08006cb6                HAL_RTC_SetDate
 .text.HAL_RTC_GetDate
                0x08006dbe       0x9e ./Drivers/STM32L1xx_HAL_Driver/Src/stm32l1xx_hal_rtc.o
                0x08006dbe                HAL_RTC_GetDate
 .text.HAL_RTC_WaitForSynchro
                0x08006e5c       0x4a ./Drivers/STM32L1xx_HAL_Driver/Src/stm32l1xx_hal_rtc.o
                0x08006e5c                HAL_RTC_WaitForSynchro
 .text.RTC_EnterInitMode
                0x08006ea6       0x6e ./Drivers/STM32L1xx_HAL_Driver/Src/stm32l1xx_hal_rtc.o
                0x08006ea6                RTC_EnterInitMode
 .text.RTC_ExitInitMode
                0x08006f14       0x4a ./Drivers/STM32L1xx_HAL_Driver/Src/stm32l1xx_hal_rtc.o
                0x08006f14                RTC_ExitInitMode
 .text.RTC_ByteToBcd2
                0x08006f5e       0x3a ./Drivers/STM32L1xx_HAL_Driver/Src/stm32l1xx_hal_rtc.o
                0x08006f5e                RTC_ByteToBcd2
 .text.RTC_Bcd2ToByte
                0x08006f98       0x3a ./Drivers/STM32L1xx_HAL_Driver/Src/stm32l1xx_hal_rtc.o
                0x08006f98                RTC_Bcd2ToByte
 .text.HAL_RTCEx_SetWakeUpTimer
                0x08006fd2      0x13a ./Drivers/STM32L1xx_HAL_Driver/Src/stm32l1xx_hal_rtc_ex.o
                0x08006fd2                HAL_RTCEx_SetWakeUpTimer
 .text.HAL_SPI_Init
                0x0800710c      0x112 ./Drivers/STM32L1xx_HAL_Driver/Src/stm32l1xx_hal_spi.o
                0x0800710c                HAL_SPI_Init
 .text.HAL_SPI_Transmit
                0x0800721e      0x288 ./Drivers/STM32L1xx_HAL_Driver/Src/stm32l1xx_hal_spi.o
                0x0800721e                HAL_SPI_Transmit
 .text.HAL_SPI_Receive
                0x080074a6      0x232 ./Drivers/STM32L1xx_HAL_Driver/Src/stm32l1xx_hal_spi.o
                0x080074a6                HAL_SPI_Receive
 .text.HAL_SPI_TransmitReceive
                0x080076d8      0x352 ./Drivers/STM32L1xx_HAL_Driver/Src/stm32l1xx_hal_spi.o
                0x080076d8                HAL_SPI_TransmitReceive
 *fill*         0x08007a2a        0x2 
 .text.HAL_SPI_IRQHandler
                0x08007a2c      0x200 ./Drivers/STM32L1xx_HAL_Driver/Src/stm32l1xx_hal_spi.o
                0x08007a2c                HAL_SPI_IRQHandler
 .text.HAL_SPI_ErrorCallback
                0x08007c2c       0x12 ./Drivers/STM32L1xx_HAL_Driver/Src/stm32l1xx_hal_spi.o
                0x08007c2c                HAL_SPI_ErrorCallback
 .text.SPI_DMAAbortOnError
                0x08007c3e       0x28 ./Drivers/STM32L1xx_HAL_Driver/Src/stm32l1xx_hal_spi.o
 *fill*         0x08007c66        0x2 
 .text.SPI_WaitFlagStateUntilTimeout
                0x08007c68      0x110 ./Drivers/STM32L1xx_HAL_Driver/Src/stm32l1xx_hal_spi.o
 .text.SPI_EndRxTransaction
                0x08007d78       0xca ./Drivers/STM32L1xx_HAL_Driver/Src/stm32l1xx_hal_spi.o
 *fill*         0x08007e42        0x2 
 .text.SPI_EndRxTxTransaction
                0x08007e44       0xa8 ./Drivers/STM32L1xx_HAL_Driver/Src/stm32l1xx_hal_spi.o
 .text.HAL_TIM_Base_Init
                0x08007eec       0x7e ./Drivers/STM32L1xx_HAL_Driver/Src/stm32l1xx_hal_tim.o
                0x08007eec                HAL_TIM_Base_Init
 *fill*         0x08007f6a        0x2 
 .text.HAL_TIM_Base_Start
                0x08007f6c       0x94 ./Drivers/STM32L1xx_HAL_Driver/Src/stm32l1xx_hal_tim.o
                0x08007f6c                HAL_TIM_Base_Start
 .text.HAL_TIM_Base_Start_IT
                0x08008000       0xa4 ./Drivers/STM32L1xx_HAL_Driver/Src/stm32l1xx_hal_tim.o
                0x08008000                HAL_TIM_Base_Start_IT
 .text.HAL_TIM_IRQHandler
                0x080080a4      0x198 ./Drivers/STM32L1xx_HAL_Driver/Src/stm32l1xx_hal_tim.o
                0x080080a4                HAL_TIM_IRQHandler
 .text.HAL_TIM_ConfigClockSource
                0x0800823c      0x18e ./Drivers/STM32L1xx_HAL_Driver/Src/stm32l1xx_hal_tim.o
                0x0800823c                HAL_TIM_ConfigClockSource
 .text.HAL_TIM_OC_DelayElapsedCallback
                0x080083ca       0x12 ./Drivers/STM32L1xx_HAL_Driver/Src/stm32l1xx_hal_tim.o
                0x080083ca                HAL_TIM_OC_DelayElapsedCallback
 .text.HAL_TIM_IC_CaptureCallback
                0x080083dc       0x12 ./Drivers/STM32L1xx_HAL_Driver/Src/stm32l1xx_hal_tim.o
                0x080083dc                HAL_TIM_IC_CaptureCallback
 .text.HAL_TIM_PWM_PulseFinishedCallback
                0x080083ee       0x12 ./Drivers/STM32L1xx_HAL_Driver/Src/stm32l1xx_hal_tim.o
                0x080083ee                HAL_TIM_PWM_PulseFinishedCallback
 .text.HAL_TIM_TriggerCallback
                0x08008400       0x12 ./Drivers/STM32L1xx_HAL_Driver/Src/stm32l1xx_hal_tim.o
                0x08008400                HAL_TIM_TriggerCallback
 *fill*         0x08008412        0x2 
 .text.TIM_Base_SetConfig
                0x08008414       0xec ./Drivers/STM32L1xx_HAL_Driver/Src/stm32l1xx_hal_tim.o
 .text.TIM_TI1_ConfigInputStage
                0x08008500       0x5c ./Drivers/STM32L1xx_HAL_Driver/Src/stm32l1xx_hal_tim.o
 .text.TIM_TI2_ConfigInputStage
                0x0800855c       0x5e ./Drivers/STM32L1xx_HAL_Driver/Src/stm32l1xx_hal_tim.o
 .text.TIM_ITRx_SetConfig
                0x080085ba       0x34 ./Drivers/STM32L1xx_HAL_Driver/Src/stm32l1xx_hal_tim.o
 .text.TIM_ETR_SetConfig
                0x080085ee       0x3e ./Drivers/STM32L1xx_HAL_Driver/Src/stm32l1xx_hal_tim.o
 .text.HAL_TIMEx_MasterConfigSynchronization
                0x0800862c       0xbc ./Drivers/STM32L1xx_HAL_Driver/Src/stm32l1xx_hal_tim_ex.o
                0x0800862c                HAL_TIMEx_MasterConfigSynchronization
 .text.HAL_UART_Init
                0x080086e8       0xa0 ./Drivers/STM32L1xx_HAL_Driver/Src/stm32l1xx_hal_uart.o
                0x080086e8                HAL_UART_Init
 .text.HAL_UART_Transmit
                0x08008788      0x116 ./Drivers/STM32L1xx_HAL_Driver/Src/stm32l1xx_hal_uart.o
                0x08008788                HAL_UART_Transmit
 .text.HAL_UART_Receive_IT
                0x0800889e       0x4a ./Drivers/STM32L1xx_HAL_Driver/Src/stm32l1xx_hal_uart.o
                0x0800889e                HAL_UART_Receive_IT
 .text.HAL_UART_IRQHandler
                0x080088e8      0x550 ./Drivers/STM32L1xx_HAL_Driver/Src/stm32l1xx_hal_uart.o
                0x080088e8                HAL_UART_IRQHandler
 .text.HAL_UART_TxCpltCallback
                0x08008e38       0x12 ./Drivers/STM32L1xx_HAL_Driver/Src/stm32l1xx_hal_uart.o
                0x08008e38                HAL_UART_TxCpltCallback
 .text.HAL_UART_ErrorCallback
                0x08008e4a       0x12 ./Drivers/STM32L1xx_HAL_Driver/Src/stm32l1xx_hal_uart.o
                0x08008e4a                HAL_UART_ErrorCallback
 .text.HAL_UARTEx_RxEventCallback
                0x08008e5c       0x16 ./Drivers/STM32L1xx_HAL_Driver/Src/stm32l1xx_hal_uart.o
                0x08008e5c                HAL_UARTEx_RxEventCallback
 .text.UART_WaitOnFlagUntilTimeout
                0x08008e72       0xb2 ./Drivers/STM32L1xx_HAL_Driver/Src/stm32l1xx_hal_uart.o
 .text.UART_Start_Receive_IT
                0x08008f24       0x72 ./Drivers/STM32L1xx_HAL_Driver/Src/stm32l1xx_hal_uart.o
                0x08008f24                UART_Start_Receive_IT
 .text.UART_EndRxTransfer
                0x08008f96       0xc4 ./Drivers/STM32L1xx_HAL_Driver/Src/stm32l1xx_hal_uart.o
 .text.UART_DMAAbortOnError
                0x0800905a       0x22 ./Drivers/STM32L1xx_HAL_Driver/Src/stm32l1xx_hal_uart.o
 .text.UART_Transmit_IT
                0x0800907c       0x9e ./Drivers/STM32L1xx_HAL_Driver/Src/stm32l1xx_hal_uart.o
 .text.UART_EndTransmit_IT
                0x0800911a       0x30 ./Drivers/STM32L1xx_HAL_Driver/Src/stm32l1xx_hal_uart.o
 .text.UART_Receive_IT
                0x0800914a      0x17c ./Drivers/STM32L1xx_HAL_Driver/Src/stm32l1xx_hal_uart.o
 *fill*         0x080092c6        0x2 
 .text.UART_SetConfig
                0x080092c8      0x1c8 ./Drivers/STM32L1xx_HAL_Driver/Src/stm32l1xx_hal_uart.o
 .text.MX_FATFS_Init
                0x08009490       0x24 ./FATFS/App/fatfs.o
                0x08009490                MX_FATFS_Init
 .text.get_fattime
                0x080094b4        0xe ./FATFS/App/fatfs.o
                0x080094b4                get_fattime
 .text.USER_initialize
                0x080094c2       0x1c ./FATFS/Target/user_diskio.o
                0x080094c2                USER_initialize
 .text.USER_status
                0x080094de       0x1c ./FATFS/Target/user_diskio.o
                0x080094de                USER_status
 .text.USER_read
                0x080094fa       0x26 ./FATFS/Target/user_diskio.o
                0x080094fa                USER_read
 .text.USER_write
                0x08009520       0x26 ./FATFS/Target/user_diskio.o
                0x08009520                USER_write
 .text.USER_ioctl
                0x08009546       0x26 ./FATFS/Target/user_diskio.o
                0x08009546                USER_ioctl
 .text.SPI_Timer_On
                0x0800956c       0x28 ./FATFS/Target/user_diskio_spi.o
                0x0800956c                SPI_Timer_On
 .text.SPI_Timer_Status
                0x08009594       0x2c ./FATFS/Target/user_diskio_spi.o
                0x08009594                SPI_Timer_Status
 .text.xchg_spi
                0x080095c0       0x2c ./FATFS/Target/user_diskio_spi.o
 .text.rcvr_spi_multi
                0x080095ec       0x38 ./FATFS/Target/user_diskio_spi.o
 .text.xmit_spi_multi
                0x08009624       0x28 ./FATFS/Target/user_diskio_spi.o
 .text.wait_ready
                0x0800964c       0x46 ./FATFS/Target/user_diskio_spi.o
 *fill*         0x08009692        0x2 
 .text.despiselect
                0x08009694       0x20 ./FATFS/Target/user_diskio_spi.o
 .text.spiselect
                0x080096b4       0x38 ./FATFS/Target/user_diskio_spi.o
 .text.rcvr_datablock
                0x080096ec       0x52 ./FATFS/Target/user_diskio_spi.o
 .text.xmit_datablock
                0x0800973e       0x64 ./FATFS/Target/user_diskio_spi.o
 .text.send_cmd
                0x080097a2       0xde ./FATFS/Target/user_diskio_spi.o
 .text.USER_SPI_initialize
                0x08009880      0x1d8 ./FATFS/Target/user_diskio_spi.o
                0x08009880                USER_SPI_initialize
 .text.USER_SPI_status
                0x08009a58       0x28 ./FATFS/Target/user_diskio_spi.o
                0x08009a58                USER_SPI_status
 .text.USER_SPI_read
                0x08009a80       0xcc ./FATFS/Target/user_diskio_spi.o
                0x08009a80                USER_SPI_read
 .text.USER_SPI_write
                0x08009b4c       0xf8 ./FATFS/Target/user_diskio_spi.o
                0x08009b4c                USER_SPI_write
 .text.USER_SPI_ioctl
                0x08009c44      0x2e0 ./FATFS/Target/user_diskio_spi.o
                0x08009c44                USER_SPI_ioctl
 .text.disk_status
                0x08009f24       0x34 ./Middlewares/Third_Party/FatFs/src/diskio.o
                0x08009f24                disk_status
 .text.disk_initialize
                0x08009f58       0x4c ./Middlewares/Third_Party/FatFs/src/diskio.o
                0x08009f58                disk_initialize
 .text.disk_read
                0x08009fa4       0x40 ./Middlewares/Third_Party/FatFs/src/diskio.o
                0x08009fa4                disk_read
 .text.disk_write
                0x08009fe4       0x40 ./Middlewares/Third_Party/FatFs/src/diskio.o
                0x08009fe4                disk_write
 .text.disk_ioctl
                0x0800a024       0x3c ./Middlewares/Third_Party/FatFs/src/diskio.o
                0x0800a024                disk_ioctl
 .text.ld_word  0x0800a060       0x30 ./Middlewares/Third_Party/FatFs/src/ff.o
 .text.ld_dword
                0x0800a090       0x44 ./Middlewares/Third_Party/FatFs/src/ff.o
 .text.st_word  0x0800a0d4       0x34 ./Middlewares/Third_Party/FatFs/src/ff.o
 .text.st_dword
                0x0800a108       0x56 ./Middlewares/Third_Party/FatFs/src/ff.o
 .text.mem_cpy  0x0800a15e       0x40 ./Middlewares/Third_Party/FatFs/src/ff.o
 .text.mem_set  0x0800a19e       0x34 ./Middlewares/Third_Party/FatFs/src/ff.o
 .text.mem_cmp  0x0800a1d2       0x4c ./Middlewares/Third_Party/FatFs/src/ff.o
 .text.chk_chr  0x0800a21e       0x34 ./Middlewares/Third_Party/FatFs/src/ff.o
 *fill*         0x0800a252        0x2 
 .text.chk_lock
                0x0800a254       0xb4 ./Middlewares/Third_Party/FatFs/src/ff.o
 .text.enq_lock
                0x0800a308       0x40 ./Middlewares/Third_Party/FatFs/src/ff.o
 .text.inc_lock
                0x0800a348      0x11c ./Middlewares/Third_Party/FatFs/src/ff.o
 .text.dec_lock
                0x0800a464       0x74 ./Middlewares/Third_Party/FatFs/src/ff.o
 .text.clear_lock
                0x0800a4d8       0x48 ./Middlewares/Third_Party/FatFs/src/ff.o
 .text.sync_window
                0x0800a520       0x88 ./Middlewares/Third_Party/FatFs/src/ff.o
 .text.move_window
                0x0800a5a8       0x5a ./Middlewares/Third_Party/FatFs/src/ff.o
 *fill*         0x0800a602        0x2 
 .text.sync_fs  0x0800a604       0xdc ./Middlewares/Third_Party/FatFs/src/ff.o
 .text.clust2sect
                0x0800a6e0       0x3c ./Middlewares/Third_Party/FatFs/src/ff.o
 .text.get_fat  0x0800a71c      0x14e ./Middlewares/Third_Party/FatFs/src/ff.o
 .text.put_fat  0x0800a86a      0x1d4 ./Middlewares/Third_Party/FatFs/src/ff.o
 .text.remove_chain
                0x0800aa3e       0xca ./Middlewares/Third_Party/FatFs/src/ff.o
 .text.create_chain
                0x0800ab08      0x130 ./Middlewares/Third_Party/FatFs/src/ff.o
 .text.clmt_clust
                0x0800ac38       0x66 ./Middlewares/Third_Party/FatFs/src/ff.o
 .text.dir_sdi  0x0800ac9e       0xf6 ./Middlewares/Third_Party/FatFs/src/ff.o
 .text.dir_next
                0x0800ad94      0x18a ./Middlewares/Third_Party/FatFs/src/ff.o
 .text.dir_alloc
                0x0800af1e       0x8e ./Middlewares/Third_Party/FatFs/src/ff.o
 .text.ld_clust
                0x0800afac       0x3e ./Middlewares/Third_Party/FatFs/src/ff.o
 .text.st_clust
                0x0800afea       0x40 ./Middlewares/Third_Party/FatFs/src/ff.o
 .text.dir_find
                0x0800b02a       0xaa ./Middlewares/Third_Party/FatFs/src/ff.o
 .text.dir_register
                0x0800b0d4       0x64 ./Middlewares/Third_Party/FatFs/src/ff.o
 .text.create_name
                0x0800b138      0x128 ./Middlewares/Third_Party/FatFs/src/ff.o
 .text.follow_path
                0x0800b260       0xe2 ./Middlewares/Third_Party/FatFs/src/ff.o
 .text.get_ldnumber
                0x0800b342       0x86 ./Middlewares/Third_Party/FatFs/src/ff.o
 .text.check_fs
                0x0800b3c8       0xac ./Middlewares/Third_Party/FatFs/src/ff.o
 .text.find_volume
                0x0800b474      0x498 ./Middlewares/Third_Party/FatFs/src/ff.o
 .text.validate
                0x0800b90c       0x6a ./Middlewares/Third_Party/FatFs/src/ff.o
 *fill*         0x0800b976        0x2 
 .text.f_mount  0x0800b978       0x8c ./Middlewares/Third_Party/FatFs/src/ff.o
                0x0800b978                f_mount
 .text.f_open   0x0800ba04      0x374 ./Middlewares/Third_Party/FatFs/src/ff.o
                0x0800ba04                f_open
 .text.f_write  0x0800bd78      0x2ea ./Middlewares/Third_Party/FatFs/src/ff.o
                0x0800bd78                f_write
 .text.f_sync   0x0800c062       0xfc ./Middlewares/Third_Party/FatFs/src/ff.o
                0x0800c062                f_sync
 .text.f_close  0x0800c15e       0x54 ./Middlewares/Third_Party/FatFs/src/ff.o
                0x0800c15e                f_close
 .text.f_mkdir  0x0800c1b2      0x20e ./Middlewares/Third_Party/FatFs/src/ff.o
                0x0800c1b2                f_mkdir
 .text.FATFS_LinkDriverEx
                0x0800c3c0       0x94 ./Middlewares/Third_Party/FatFs/src/ff_gen_drv.o
                0x0800c3c0                FATFS_LinkDriverEx
 .text.FATFS_LinkDriver
                0x0800c454       0x1e ./Middlewares/Third_Party/FatFs/src/ff_gen_drv.o
                0x0800c454                FATFS_LinkDriver
 .text.__cvt    0x0800c472       0xc8 D:/STMCUBEIDE/STM32CubeIDE_1.19.0/STM32CubeIDE/plugins/com.st.stm32cube.ide.mcu.externaltools.gnu-tools-for-stm32.13.3.rel1.win32_1.0.0.202411081344/tools/bin/../lib/gcc/arm-none-eabi/13.3.1/../../../../arm-none-eabi/lib/thumb/v7-m/nofp\libc_nano.a(libc_a-nano-vfprintf_float.o)
                0x0800c472                __cvt
 .text.__exponent
                0x0800c53a       0x74 D:/STMCUBEIDE/STM32CubeIDE_1.19.0/STM32CubeIDE/plugins/com.st.stm32cube.ide.mcu.externaltools.gnu-tools-for-stm32.13.3.rel1.win32_1.0.0.202411081344/tools/bin/../lib/gcc/arm-none-eabi/13.3.1/../../../../arm-none-eabi/lib/thumb/v7-m/nofp\libc_nano.a(libc_a-nano-vfprintf_float.o)
                0x0800c53a                __exponent
 *fill*         0x0800c5ae        0x2 
 .text._printf_float
                0x0800c5b0      0x458 D:/STMCUBEIDE/STM32CubeIDE_1.19.0/STM32CubeIDE/plugins/com.st.stm32cube.ide.mcu.externaltools.gnu-tools-for-stm32.13.3.rel1.win32_1.0.0.202411081344/tools/bin/../lib/gcc/arm-none-eabi/13.3.1/../../../../arm-none-eabi/lib/thumb/v7-m/nofp\libc_nano.a(libc_a-nano-vfprintf_float.o)
                0x0800c5b0                _printf_float
 .text._printf_common
                0x0800ca08       0xe4 D:/STMCUBEIDE/STM32CubeIDE_1.19.0/STM32CubeIDE/plugins/com.st.stm32cube.ide.mcu.externaltools.gnu-tools-for-stm32.13.3.rel1.win32_1.0.0.202411081344/tools/bin/../lib/gcc/arm-none-eabi/13.3.1/../../../../arm-none-eabi/lib/thumb/v7-m/nofp\libc_nano.a(libc_a-nano-vfprintf_i.o)
                0x0800ca08                _printf_common
 .text._printf_i
                0x0800caec      0x23c D:/STMCUBEIDE/STM32CubeIDE_1.19.0/STM32CubeIDE/plugins/com.st.stm32cube.ide.mcu.externaltools.gnu-tools-for-stm32.13.3.rel1.win32_1.0.0.202411081344/tools/bin/../lib/gcc/arm-none-eabi/13.3.1/../../../../arm-none-eabi/lib/thumb/v7-m/nofp\libc_nano.a(libc_a-nano-vfprintf_i.o)
                0x0800caec                _printf_i
 .text.std      0x0800cd28       0x6c D:/STMCUBEIDE/STM32CubeIDE_1.19.0/STM32CubeIDE/plugins/com.st.stm32cube.ide.mcu.externaltools.gnu-tools-for-stm32.13.3.rel1.win32_1.0.0.202411081344/tools/bin/../lib/gcc/arm-none-eabi/13.3.1/../../../../arm-none-eabi/lib/thumb/v7-m/nofp\libc_nano.a(libc_a-findfp.o)
 .text.stdio_exit_handler
                0x0800cd94       0x18 D:/STMCUBEIDE/STM32CubeIDE_1.19.0/STM32CubeIDE/plugins/com.st.stm32cube.ide.mcu.externaltools.gnu-tools-for-stm32.13.3.rel1.win32_1.0.0.202411081344/tools/bin/../lib/gcc/arm-none-eabi/13.3.1/../../../../arm-none-eabi/lib/thumb/v7-m/nofp\libc_nano.a(libc_a-findfp.o)
 .text.cleanup_stdio
                0x0800cdac       0x40 D:/STMCUBEIDE/STM32CubeIDE_1.19.0/STM32CubeIDE/plugins/com.st.stm32cube.ide.mcu.externaltools.gnu-tools-for-stm32.13.3.rel1.win32_1.0.0.202411081344/tools/bin/../lib/gcc/arm-none-eabi/13.3.1/../../../../arm-none-eabi/lib/thumb/v7-m/nofp\libc_nano.a(libc_a-findfp.o)
 .text.global_stdio_init.part.0
                0x0800cdec       0x3c D:/STMCUBEIDE/STM32CubeIDE_1.19.0/STM32CubeIDE/plugins/com.st.stm32cube.ide.mcu.externaltools.gnu-tools-for-stm32.13.3.rel1.win32_1.0.0.202411081344/tools/bin/../lib/gcc/arm-none-eabi/13.3.1/../../../../arm-none-eabi/lib/thumb/v7-m/nofp\libc_nano.a(libc_a-findfp.o)
 .text.__sfp_lock_acquire
                0x0800ce28        0xc D:/STMCUBEIDE/STM32CubeIDE_1.19.0/STM32CubeIDE/plugins/com.st.stm32cube.ide.mcu.externaltools.gnu-tools-for-stm32.13.3.rel1.win32_1.0.0.202411081344/tools/bin/../lib/gcc/arm-none-eabi/13.3.1/../../../../arm-none-eabi/lib/thumb/v7-m/nofp\libc_nano.a(libc_a-findfp.o)
                0x0800ce28                __sfp_lock_acquire
 .text.__sfp_lock_release
                0x0800ce34        0xc D:/STMCUBEIDE/STM32CubeIDE_1.19.0/STM32CubeIDE/plugins/com.st.stm32cube.ide.mcu.externaltools.gnu-tools-for-stm32.13.3.rel1.win32_1.0.0.202411081344/tools/bin/../lib/gcc/arm-none-eabi/13.3.1/../../../../arm-none-eabi/lib/thumb/v7-m/nofp\libc_nano.a(libc_a-findfp.o)
                0x0800ce34                __sfp_lock_release
 .text.__sinit  0x0800ce40       0x30 D:/STMCUBEIDE/STM32CubeIDE_1.19.0/STM32CubeIDE/plugins/com.st.stm32cube.ide.mcu.externaltools.gnu-tools-for-stm32.13.3.rel1.win32_1.0.0.202411081344/tools/bin/../lib/gcc/arm-none-eabi/13.3.1/../../../../arm-none-eabi/lib/thumb/v7-m/nofp\libc_nano.a(libc_a-findfp.o)
                0x0800ce40                __sinit
 .text._fwalk_sglue
                0x0800ce70       0x3c D:/STMCUBEIDE/STM32CubeIDE_1.19.0/STM32CubeIDE/plugins/com.st.stm32cube.ide.mcu.externaltools.gnu-tools-for-stm32.13.3.rel1.win32_1.0.0.202411081344/tools/bin/../lib/gcc/arm-none-eabi/13.3.1/../../../../arm-none-eabi/lib/thumb/v7-m/nofp\libc_nano.a(libc_a-fwalk.o)
                0x0800ce70                _fwalk_sglue
 .text.snprintf
                0x0800ceac       0x6c D:/STMCUBEIDE/STM32CubeIDE_1.19.0/STM32CubeIDE/plugins/com.st.stm32cube.ide.mcu.externaltools.gnu-tools-for-stm32.13.3.rel1.win32_1.0.0.202411081344/tools/bin/../lib/gcc/arm-none-eabi/13.3.1/../../../../arm-none-eabi/lib/thumb/v7-m/nofp\libc_nano.a(libc_a-snprintf.o)
                0x0800ceac                sniprintf
                0x0800ceac                snprintf
 .text.sprintf  0x0800cf18       0x44 D:/STMCUBEIDE/STM32CubeIDE_1.19.0/STM32CubeIDE/plugins/com.st.stm32cube.ide.mcu.externaltools.gnu-tools-for-stm32.13.3.rel1.win32_1.0.0.202411081344/tools/bin/../lib/gcc/arm-none-eabi/13.3.1/../../../../arm-none-eabi/lib/thumb/v7-m/nofp\libc_nano.a(libc_a-sprintf.o)
                0x0800cf18                siprintf
                0x0800cf18                sprintf
 .text.__sread  0x0800cf5c       0x22 D:/STMCUBEIDE/STM32CubeIDE_1.19.0/STM32CubeIDE/plugins/com.st.stm32cube.ide.mcu.externaltools.gnu-tools-for-stm32.13.3.rel1.win32_1.0.0.202411081344/tools/bin/../lib/gcc/arm-none-eabi/13.3.1/../../../../arm-none-eabi/lib/thumb/v7-m/nofp\libc_nano.a(libc_a-stdio.o)
                0x0800cf5c                __sread
 .text.__swrite
                0x0800cf7e       0x38 D:/STMCUBEIDE/STM32CubeIDE_1.19.0/STM32CubeIDE/plugins/com.st.stm32cube.ide.mcu.externaltools.gnu-tools-for-stm32.13.3.rel1.win32_1.0.0.202411081344/tools/bin/../lib/gcc/arm-none-eabi/13.3.1/../../../../arm-none-eabi/lib/thumb/v7-m/nofp\libc_nano.a(libc_a-stdio.o)
                0x0800cf7e                __swrite
 .text.__sseek  0x0800cfb6       0x24 D:/STMCUBEIDE/STM32CubeIDE_1.19.0/STM32CubeIDE/plugins/com.st.stm32cube.ide.mcu.externaltools.gnu-tools-for-stm32.13.3.rel1.win32_1.0.0.202411081344/tools/bin/../lib/gcc/arm-none-eabi/13.3.1/../../../../arm-none-eabi/lib/thumb/v7-m/nofp\libc_nano.a(libc_a-stdio.o)
                0x0800cfb6                __sseek
 .text.__sclose
                0x0800cfda        0x8 D:/STMCUBEIDE/STM32CubeIDE_1.19.0/STM32CubeIDE/plugins/com.st.stm32cube.ide.mcu.externaltools.gnu-tools-for-stm32.13.3.rel1.win32_1.0.0.202411081344/tools/bin/../lib/gcc/arm-none-eabi/13.3.1/../../../../arm-none-eabi/lib/thumb/v7-m/nofp\libc_nano.a(libc_a-stdio.o)
                0x0800cfda                __sclose
 .text._vsnprintf_r
                0x0800cfe2       0x5c D:/STMCUBEIDE/STM32CubeIDE_1.19.0/STM32CubeIDE/plugins/com.st.stm32cube.ide.mcu.externaltools.gnu-tools-for-stm32.13.3.rel1.win32_1.0.0.202411081344/tools/bin/../lib/gcc/arm-none-eabi/13.3.1/../../../../arm-none-eabi/lib/thumb/v7-m/nofp\libc_nano.a(libc_a-vsnprintf.o)
                0x0800cfe2                _vsniprintf_r
                0x0800cfe2                _vsnprintf_r
 *fill*         0x0800d03e        0x2 
 .text.vsnprintf
                0x0800d040       0x1c D:/STMCUBEIDE/STM32CubeIDE_1.19.0/STM32CubeIDE/plugins/com.st.stm32cube.ide.mcu.externaltools.gnu-tools-for-stm32.13.3.rel1.win32_1.0.0.202411081344/tools/bin/../lib/gcc/arm-none-eabi/13.3.1/../../../../arm-none-eabi/lib/thumb/v7-m/nofp\libc_nano.a(libc_a-vsnprintf.o)
                0x0800d040                vsniprintf
                0x0800d040                vsnprintf
 .text.memset   0x0800d05c       0x10 D:/STMCUBEIDE/STM32CubeIDE_1.19.0/STM32CubeIDE/plugins/com.st.stm32cube.ide.mcu.externaltools.gnu-tools-for-stm32.13.3.rel1.win32_1.0.0.202411081344/tools/bin/../lib/gcc/arm-none-eabi/13.3.1/../../../../arm-none-eabi/lib/thumb/v7-m/nofp\libc_nano.a(libc_a-memset.o)
                0x0800d05c                memset
 .text._localeconv_r
                0x0800d06c        0x8 D:/STMCUBEIDE/STM32CubeIDE_1.19.0/STM32CubeIDE/plugins/com.st.stm32cube.ide.mcu.externaltools.gnu-tools-for-stm32.13.3.rel1.win32_1.0.0.202411081344/tools/bin/../lib/gcc/arm-none-eabi/13.3.1/../../../../arm-none-eabi/lib/thumb/v7-m/nofp\libc_nano.a(libc_a-localeconv.o)
                0x0800d06c                _localeconv_r
 .text._close_r
                0x0800d074       0x20 D:/STMCUBEIDE/STM32CubeIDE_1.19.0/STM32CubeIDE/plugins/com.st.stm32cube.ide.mcu.externaltools.gnu-tools-for-stm32.13.3.rel1.win32_1.0.0.202411081344/tools/bin/../lib/gcc/arm-none-eabi/13.3.1/../../../../arm-none-eabi/lib/thumb/v7-m/nofp\libc_nano.a(libc_a-closer.o)
                0x0800d074                _close_r
 .text._lseek_r
                0x0800d094       0x24 D:/STMCUBEIDE/STM32CubeIDE_1.19.0/STM32CubeIDE/plugins/com.st.stm32cube.ide.mcu.externaltools.gnu-tools-for-stm32.13.3.rel1.win32_1.0.0.202411081344/tools/bin/../lib/gcc/arm-none-eabi/13.3.1/../../../../arm-none-eabi/lib/thumb/v7-m/nofp\libc_nano.a(libc_a-lseekr.o)
                0x0800d094                _lseek_r
 .text._read_r  0x0800d0b8       0x24 D:/STMCUBEIDE/STM32CubeIDE_1.19.0/STM32CubeIDE/plugins/com.st.stm32cube.ide.mcu.externaltools.gnu-tools-for-stm32.13.3.rel1.win32_1.0.0.202411081344/tools/bin/../lib/gcc/arm-none-eabi/13.3.1/../../../../arm-none-eabi/lib/thumb/v7-m/nofp\libc_nano.a(libc_a-readr.o)
                0x0800d0b8                _read_r
 .text._write_r
                0x0800d0dc       0x24 D:/STMCUBEIDE/STM32CubeIDE_1.19.0/STM32CubeIDE/plugins/com.st.stm32cube.ide.mcu.externaltools.gnu-tools-for-stm32.13.3.rel1.win32_1.0.0.202411081344/tools/bin/../lib/gcc/arm-none-eabi/13.3.1/../../../../arm-none-eabi/lib/thumb/v7-m/nofp\libc_nano.a(libc_a-writer.o)
                0x0800d0dc                _write_r
 .text.__errno  0x0800d100        0xc D:/STMCUBEIDE/STM32CubeIDE_1.19.0/STM32CubeIDE/plugins/com.st.stm32cube.ide.mcu.externaltools.gnu-tools-for-stm32.13.3.rel1.win32_1.0.0.202411081344/tools/bin/../lib/gcc/arm-none-eabi/13.3.1/../../../../arm-none-eabi/lib/thumb/v7-m/nofp\libc_nano.a(libc_a-errno.o)
                0x0800d100                __errno
 .text.__libc_init_array
                0x0800d10c       0x48 D:/STMCUBEIDE/STM32CubeIDE_1.19.0/STM32CubeIDE/plugins/com.st.stm32cube.ide.mcu.externaltools.gnu-tools-for-stm32.13.3.rel1.win32_1.0.0.202411081344/tools/bin/../lib/gcc/arm-none-eabi/13.3.1/../../../../arm-none-eabi/lib/thumb/v7-m/nofp\libc_nano.a(libc_a-init.o)
                0x0800d10c                __libc_init_array
 .text.__retarget_lock_init_recursive
                0x0800d154        0x2 D:/STMCUBEIDE/STM32CubeIDE_1.19.0/STM32CubeIDE/plugins/com.st.stm32cube.ide.mcu.externaltools.gnu-tools-for-stm32.13.3.rel1.win32_1.0.0.202411081344/tools/bin/../lib/gcc/arm-none-eabi/13.3.1/../../../../arm-none-eabi/lib/thumb/v7-m/nofp\libc_nano.a(libc_a-lock.o)
                0x0800d154                __retarget_lock_init_recursive
 .text.__retarget_lock_acquire_recursive
                0x0800d156        0x2 D:/STMCUBEIDE/STM32CubeIDE_1.19.0/STM32CubeIDE/plugins/com.st.stm32cube.ide.mcu.externaltools.gnu-tools-for-stm32.13.3.rel1.win32_1.0.0.202411081344/tools/bin/../lib/gcc/arm-none-eabi/13.3.1/../../../../arm-none-eabi/lib/thumb/v7-m/nofp\libc_nano.a(libc_a-lock.o)
                0x0800d156                __retarget_lock_acquire_recursive
 .text.__retarget_lock_release_recursive
                0x0800d158        0x2 D:/STMCUBEIDE/STM32CubeIDE_1.19.0/STM32CubeIDE/plugins/com.st.stm32cube.ide.mcu.externaltools.gnu-tools-for-stm32.13.3.rel1.win32_1.0.0.202411081344/tools/bin/../lib/gcc/arm-none-eabi/13.3.1/../../../../arm-none-eabi/lib/thumb/v7-m/nofp\libc_nano.a(libc_a-lock.o)
                0x0800d158                __retarget_lock_release_recursive
 .text.memchr   0x0800d15a       0x1c D:/STMCUBEIDE/STM32CubeIDE_1.19.0/STM32CubeIDE/plugins/com.st.stm32cube.ide.mcu.externaltools.gnu-tools-for-stm32.13.3.rel1.win32_1.0.0.202411081344/tools/bin/../lib/gcc/arm-none-eabi/13.3.1/../../../../arm-none-eabi/lib/thumb/v7-m/nofp\libc_nano.a(libc_a-memchr-stub.o)
                0x0800d15a                memchr
 .text.memcpy   0x0800d176       0x1c D:/STMCUBEIDE/STM32CubeIDE_1.19.0/STM32CubeIDE/plugins/com.st.stm32cube.ide.mcu.externaltools.gnu-tools-for-stm32.13.3.rel1.win32_1.0.0.202411081344/tools/bin/../lib/gcc/arm-none-eabi/13.3.1/../../../../arm-none-eabi/lib/thumb/v7-m/nofp\libc_nano.a(libc_a-memcpy-stub.o)
                0x0800d176                memcpy
 .text.quorem   0x0800d192      0x110 D:/STMCUBEIDE/STM32CubeIDE_1.19.0/STM32CubeIDE/plugins/com.st.stm32cube.ide.mcu.externaltools.gnu-tools-for-stm32.13.3.rel1.win32_1.0.0.202411081344/tools/bin/../lib/gcc/arm-none-eabi/13.3.1/../../../../arm-none-eabi/lib/thumb/v7-m/nofp\libc_nano.a(libc_a-dtoa.o)
 *fill*         0x0800d2a2        0x6 
 .text._dtoa_r  0x0800d2a8      0xba8 D:/STMCUBEIDE/STM32CubeIDE_1.19.0/STM32CubeIDE/plugins/com.st.stm32cube.ide.mcu.externaltools.gnu-tools-for-stm32.13.3.rel1.win32_1.0.0.202411081344/tools/bin/../lib/gcc/arm-none-eabi/13.3.1/../../../../arm-none-eabi/lib/thumb/v7-m/nofp\libc_nano.a(libc_a-dtoa.o)
                0x0800d2a8                _dtoa_r
 .text._free_r  0x0800de50       0x90 D:/STMCUBEIDE/STM32CubeIDE_1.19.0/STM32CubeIDE/plugins/com.st.stm32cube.ide.mcu.externaltools.gnu-tools-for-stm32.13.3.rel1.win32_1.0.0.202411081344/tools/bin/../lib/gcc/arm-none-eabi/13.3.1/../../../../arm-none-eabi/lib/thumb/v7-m/nofp\libc_nano.a(libc_a-freer.o)
                0x0800de50                _free_r
 .text.malloc   0x0800dee0       0x10 D:/STMCUBEIDE/STM32CubeIDE_1.19.0/STM32CubeIDE/plugins/com.st.stm32cube.ide.mcu.externaltools.gnu-tools-for-stm32.13.3.rel1.win32_1.0.0.202411081344/tools/bin/../lib/gcc/arm-none-eabi/13.3.1/../../../../arm-none-eabi/lib/thumb/v7-m/nofp\libc_nano.a(libc_a-malloc.o)
                0x0800dee0                malloc
 .text.sbrk_aligned
                0x0800def0       0x44 D:/STMCUBEIDE/STM32CubeIDE_1.19.0/STM32CubeIDE/plugins/com.st.stm32cube.ide.mcu.externaltools.gnu-tools-for-stm32.13.3.rel1.win32_1.0.0.202411081344/tools/bin/../lib/gcc/arm-none-eabi/13.3.1/../../../../arm-none-eabi/lib/thumb/v7-m/nofp\libc_nano.a(libc_a-mallocr.o)
 .text._malloc_r
                0x0800df34      0x100 D:/STMCUBEIDE/STM32CubeIDE_1.19.0/STM32CubeIDE/plugins/com.st.stm32cube.ide.mcu.externaltools.gnu-tools-for-stm32.13.3.rel1.win32_1.0.0.202411081344/tools/bin/../lib/gcc/arm-none-eabi/13.3.1/../../../../arm-none-eabi/lib/thumb/v7-m/nofp\libc_nano.a(libc_a-mallocr.o)
                0x0800df34                _malloc_r
 .text.__malloc_lock
                0x0800e034        0xc D:/STMCUBEIDE/STM32CubeIDE_1.19.0/STM32CubeIDE/plugins/com.st.stm32cube.ide.mcu.externaltools.gnu-tools-for-stm32.13.3.rel1.win32_1.0.0.202411081344/tools/bin/../lib/gcc/arm-none-eabi/13.3.1/../../../../arm-none-eabi/lib/thumb/v7-m/nofp\libc_nano.a(libc_a-mlock.o)
                0x0800e034                __malloc_lock
 .text.__malloc_unlock
                0x0800e040        0xc D:/STMCUBEIDE/STM32CubeIDE_1.19.0/STM32CubeIDE/plugins/com.st.stm32cube.ide.mcu.externaltools.gnu-tools-for-stm32.13.3.rel1.win32_1.0.0.202411081344/tools/bin/../lib/gcc/arm-none-eabi/13.3.1/../../../../arm-none-eabi/lib/thumb/v7-m/nofp\libc_nano.a(libc_a-mlock.o)
                0x0800e040                __malloc_unlock
 .text._Balloc  0x0800e04c       0x80 D:/STMCUBEIDE/STM32CubeIDE_1.19.0/STM32CubeIDE/plugins/com.st.stm32cube.ide.mcu.externaltools.gnu-tools-for-stm32.13.3.rel1.win32_1.0.0.202411081344/tools/bin/../lib/gcc/arm-none-eabi/13.3.1/../../../../arm-none-eabi/lib/thumb/v7-m/nofp\libc_nano.a(libc_a-mprec.o)
                0x0800e04c                _Balloc
 .text._Bfree   0x0800e0cc       0x44 D:/STMCUBEIDE/STM32CubeIDE_1.19.0/STM32CubeIDE/plugins/com.st.stm32cube.ide.mcu.externaltools.gnu-tools-for-stm32.13.3.rel1.win32_1.0.0.202411081344/tools/bin/../lib/gcc/arm-none-eabi/13.3.1/../../../../arm-none-eabi/lib/thumb/v7-m/nofp\libc_nano.a(libc_a-mprec.o)
                0x0800e0cc                _Bfree
 .text.__multadd
                0x0800e110       0x8c D:/STMCUBEIDE/STM32CubeIDE_1.19.0/STM32CubeIDE/plugins/com.st.stm32cube.ide.mcu.externaltools.gnu-tools-for-stm32.13.3.rel1.win32_1.0.0.202411081344/tools/bin/../lib/gcc/arm-none-eabi/13.3.1/../../../../arm-none-eabi/lib/thumb/v7-m/nofp\libc_nano.a(libc_a-mprec.o)
                0x0800e110                __multadd
 .text.__hi0bits
                0x0800e19c       0x3e D:/STMCUBEIDE/STM32CubeIDE_1.19.0/STM32CubeIDE/plugins/com.st.stm32cube.ide.mcu.externaltools.gnu-tools-for-stm32.13.3.rel1.win32_1.0.0.202411081344/tools/bin/../lib/gcc/arm-none-eabi/13.3.1/../../../../arm-none-eabi/lib/thumb/v7-m/nofp\libc_nano.a(libc_a-mprec.o)
                0x0800e19c                __hi0bits
 .text.__lo0bits
                0x0800e1da       0x5a D:/STMCUBEIDE/STM32CubeIDE_1.19.0/STM32CubeIDE/plugins/com.st.stm32cube.ide.mcu.externaltools.gnu-tools-for-stm32.13.3.rel1.win32_1.0.0.202411081344/tools/bin/../lib/gcc/arm-none-eabi/13.3.1/../../../../arm-none-eabi/lib/thumb/v7-m/nofp\libc_nano.a(libc_a-mprec.o)
                0x0800e1da                __lo0bits
 .text.__i2b    0x0800e234       0x2c D:/STMCUBEIDE/STM32CubeIDE_1.19.0/STM32CubeIDE/plugins/com.st.stm32cube.ide.mcu.externaltools.gnu-tools-for-stm32.13.3.rel1.win32_1.0.0.202411081344/tools/bin/../lib/gcc/arm-none-eabi/13.3.1/../../../../arm-none-eabi/lib/thumb/v7-m/nofp\libc_nano.a(libc_a-mprec.o)
                0x0800e234                __i2b
 .text.__multiply
                0x0800e260      0x144 D:/STMCUBEIDE/STM32CubeIDE_1.19.0/STM32CubeIDE/plugins/com.st.stm32cube.ide.mcu.externaltools.gnu-tools-for-stm32.13.3.rel1.win32_1.0.0.202411081344/tools/bin/../lib/gcc/arm-none-eabi/13.3.1/../../../../arm-none-eabi/lib/thumb/v7-m/nofp\libc_nano.a(libc_a-mprec.o)
                0x0800e260                __multiply
 .text.__pow5mult
                0x0800e3a4       0xb4 D:/STMCUBEIDE/STM32CubeIDE_1.19.0/STM32CubeIDE/plugins/com.st.stm32cube.ide.mcu.externaltools.gnu-tools-for-stm32.13.3.rel1.win32_1.0.0.202411081344/tools/bin/../lib/gcc/arm-none-eabi/13.3.1/../../../../arm-none-eabi/lib/thumb/v7-m/nofp\libc_nano.a(libc_a-mprec.o)
                0x0800e3a4                __pow5mult
 .text.__lshift
                0x0800e458       0xd8 D:/STMCUBEIDE/STM32CubeIDE_1.19.0/STM32CubeIDE/plugins/com.st.stm32cube.ide.mcu.externaltools.gnu-tools-for-stm32.13.3.rel1.win32_1.0.0.202411081344/tools/bin/../lib/gcc/arm-none-eabi/13.3.1/../../../../arm-none-eabi/lib/thumb/v7-m/nofp\libc_nano.a(libc_a-mprec.o)
                0x0800e458                __lshift
 .text.__mcmp   0x0800e530       0x36 D:/STMCUBEIDE/STM32CubeIDE_1.19.0/STM32CubeIDE/plugins/com.st.stm32cube.ide.mcu.externaltools.gnu-tools-for-stm32.13.3.rel1.win32_1.0.0.202411081344/tools/bin/../lib/gcc/arm-none-eabi/13.3.1/../../../../arm-none-eabi/lib/thumb/v7-m/nofp\libc_nano.a(libc_a-mprec.o)
                0x0800e530                __mcmp
 *fill*         0x0800e566        0x2 
 .text.__mdiff  0x0800e568      0x128 D:/STMCUBEIDE/STM32CubeIDE_1.19.0/STM32CubeIDE/plugins/com.st.stm32cube.ide.mcu.externaltools.gnu-tools-for-stm32.13.3.rel1.win32_1.0.0.202411081344/tools/bin/../lib/gcc/arm-none-eabi/13.3.1/../../../../arm-none-eabi/lib/thumb/v7-m/nofp\libc_nano.a(libc_a-mprec.o)
                0x0800e568                __mdiff
 .text.__d2b    0x0800e690       0xb0 D:/STMCUBEIDE/STM32CubeIDE_1.19.0/STM32CubeIDE/plugins/com.st.stm32cube.ide.mcu.externaltools.gnu-tools-for-stm32.13.3.rel1.win32_1.0.0.202411081344/tools/bin/../lib/gcc/arm-none-eabi/13.3.1/../../../../arm-none-eabi/lib/thumb/v7-m/nofp\libc_nano.a(libc_a-mprec.o)
                0x0800e690                __d2b
 .text.__ssputs_r
                0x0800e740       0xb6 D:/STMCUBEIDE/STM32CubeIDE_1.19.0/STM32CubeIDE/plugins/com.st.stm32cube.ide.mcu.externaltools.gnu-tools-for-stm32.13.3.rel1.win32_1.0.0.202411081344/tools/bin/../lib/gcc/arm-none-eabi/13.3.1/../../../../arm-none-eabi/lib/thumb/v7-m/nofp\libc_nano.a(libc_a-nano-svfprintf.o)
                0x0800e740                __ssputs_r
 *fill*         0x0800e7f6        0x2 
 .text._svfprintf_r
                0x0800e7f8      0x1f8 D:/STMCUBEIDE/STM32CubeIDE_1.19.0/STM32CubeIDE/plugins/com.st.stm32cube.ide.mcu.externaltools.gnu-tools-for-stm32.13.3.rel1.win32_1.0.0.202411081344/tools/bin/../lib/gcc/arm-none-eabi/13.3.1/../../../../arm-none-eabi/lib/thumb/v7-m/nofp\libc_nano.a(libc_a-nano-svfprintf.o)
                0x0800e7f8                _svfiprintf_r
                0x0800e7f8                _svfprintf_r
 .text.__sflush_r
                0x0800e9f0      0x100 D:/STMCUBEIDE/STM32CubeIDE_1.19.0/STM32CubeIDE/plugins/com.st.stm32cube.ide.mcu.externaltools.gnu-tools-for-stm32.13.3.rel1.win32_1.0.0.202411081344/tools/bin/../lib/gcc/arm-none-eabi/13.3.1/../../../../arm-none-eabi/lib/thumb/v7-m/nofp\libc_nano.a(libc_a-fflush.o)
                0x0800e9f0                __sflush_r
 .text._fflush_r
                0x0800eaf0       0x50 D:/STMCUBEIDE/STM32CubeIDE_1.19.0/STM32CubeIDE/plugins/com.st.stm32cube.ide.mcu.externaltools.gnu-tools-for-stm32.13.3.rel1.win32_1.0.0.202411081344/tools/bin/../lib/gcc/arm-none-eabi/13.3.1/../../../../arm-none-eabi/lib/thumb/v7-m/nofp\libc_nano.a(libc_a-fflush.o)
                0x0800eaf0                _fflush_r
 .text.memmove  0x0800eb40       0x34 D:/STMCUBEIDE/STM32CubeIDE_1.19.0/STM32CubeIDE/plugins/com.st.stm32cube.ide.mcu.externaltools.gnu-tools-for-stm32.13.3.rel1.win32_1.0.0.202411081344/tools/bin/../lib/gcc/arm-none-eabi/13.3.1/../../../../arm-none-eabi/lib/thumb/v7-m/nofp\libc_nano.a(libc_a-memmove.o)
                0x0800eb40                memmove
 .text._sbrk_r  0x0800eb74       0x20 D:/STMCUBEIDE/STM32CubeIDE_1.19.0/STM32CubeIDE/plugins/com.st.stm32cube.ide.mcu.externaltools.gnu-tools-for-stm32.13.3.rel1.win32_1.0.0.202411081344/tools/bin/../lib/gcc/arm-none-eabi/13.3.1/../../../../arm-none-eabi/lib/thumb/v7-m/nofp\libc_nano.a(libc_a-sbrkr.o)
                0x0800eb74                _sbrk_r
 .text.__assert_func
                0x0800eb94       0x3c D:/STMCUBEIDE/STM32CubeIDE_1.19.0/STM32CubeIDE/plugins/com.st.stm32cube.ide.mcu.externaltools.gnu-tools-for-stm32.13.3.rel1.win32_1.0.0.202411081344/tools/bin/../lib/gcc/arm-none-eabi/13.3.1/../../../../arm-none-eabi/lib/thumb/v7-m/nofp\libc_nano.a(libc_a-assert.o)
                0x0800eb94                __assert_func
 .text._calloc_r
                0x0800ebd0       0x28 D:/STMCUBEIDE/STM32CubeIDE_1.19.0/STM32CubeIDE/plugins/com.st.stm32cube.ide.mcu.externaltools.gnu-tools-for-stm32.13.3.rel1.win32_1.0.0.202411081344/tools/bin/../lib/gcc/arm-none-eabi/13.3.1/../../../../arm-none-eabi/lib/thumb/v7-m/nofp\libc_nano.a(libc_a-callocr.o)
                0x0800ebd0                _calloc_r
 .text.__ascii_mbtowc
                0x0800ebf8       0x24 D:/STMCUBEIDE/STM32CubeIDE_1.19.0/STM32CubeIDE/plugins/com.st.stm32cube.ide.mcu.externaltools.gnu-tools-for-stm32.13.3.rel1.win32_1.0.0.202411081344/tools/bin/../lib/gcc/arm-none-eabi/13.3.1/../../../../arm-none-eabi/lib/thumb/v7-m/nofp\libc_nano.a(libc_a-mbtowc_r.o)
                0x0800ebf8                __ascii_mbtowc
 .text._realloc_r
                0x0800ec1c       0x5c D:/STMCUBEIDE/STM32CubeIDE_1.19.0/STM32CubeIDE/plugins/com.st.stm32cube.ide.mcu.externaltools.gnu-tools-for-stm32.13.3.rel1.win32_1.0.0.202411081344/tools/bin/../lib/gcc/arm-none-eabi/13.3.1/../../../../arm-none-eabi/lib/thumb/v7-m/nofp\libc_nano.a(libc_a-reallocr.o)
                0x0800ec1c                _realloc_r
 .text.__ascii_wctomb
                0x0800ec78       0x1a D:/STMCUBEIDE/STM32CubeIDE_1.19.0/STM32CubeIDE/plugins/com.st.stm32cube.ide.mcu.externaltools.gnu-tools-for-stm32.13.3.rel1.win32_1.0.0.202411081344/tools/bin/../lib/gcc/arm-none-eabi/13.3.1/../../../../arm-none-eabi/lib/thumb/v7-m/nofp\libc_nano.a(libc_a-wctomb_r.o)
                0x0800ec78                __ascii_wctomb
 *fill*         0x0800ec92        0x2 
 .text.fprintf  0x0800ec94       0x24 D:/STMCUBEIDE/STM32CubeIDE_1.19.0/STM32CubeIDE/plugins/com.st.stm32cube.ide.mcu.externaltools.gnu-tools-for-stm32.13.3.rel1.win32_1.0.0.202411081344/tools/bin/../lib/gcc/arm-none-eabi/13.3.1/../../../../arm-none-eabi/lib/thumb/v7-m/nofp\libc_nano.a(libc_a-fprintf.o)
                0x0800ec94                fiprintf
                0x0800ec94                fprintf
 .text.abort    0x0800ecb8        0xe D:/STMCUBEIDE/STM32CubeIDE_1.19.0/STM32CubeIDE/plugins/com.st.stm32cube.ide.mcu.externaltools.gnu-tools-for-stm32.13.3.rel1.win32_1.0.0.202411081344/tools/bin/../lib/gcc/arm-none-eabi/13.3.1/../../../../arm-none-eabi/lib/thumb/v7-m/nofp\libc_nano.a(libc_a-abort.o)
                0x0800ecb8                abort
 .text._malloc_usable_size_r
                0x0800ecc6       0x10 D:/STMCUBEIDE/STM32CubeIDE_1.19.0/STM32CubeIDE/plugins/com.st.stm32cube.ide.mcu.externaltools.gnu-tools-for-stm32.13.3.rel1.win32_1.0.0.202411081344/tools/bin/../lib/gcc/arm-none-eabi/13.3.1/../../../../arm-none-eabi/lib/thumb/v7-m/nofp\libc_nano.a(libc_a-msizer.o)
                0x0800ecc6                _malloc_usable_size_r
 .text.__sfputc_r
                0x0800ecd6       0x2a D:/STMCUBEIDE/STM32CubeIDE_1.19.0/STM32CubeIDE/plugins/com.st.stm32cube.ide.mcu.externaltools.gnu-tools-for-stm32.13.3.rel1.win32_1.0.0.202411081344/tools/bin/../lib/gcc/arm-none-eabi/13.3.1/../../../../arm-none-eabi/lib/thumb/v7-m/nofp\libc_nano.a(libc_a-nano-vfprintf.o)
 .text.__sfputs_r
                0x0800ed00       0x24 D:/STMCUBEIDE/STM32CubeIDE_1.19.0/STM32CubeIDE/plugins/com.st.stm32cube.ide.mcu.externaltools.gnu-tools-for-stm32.13.3.rel1.win32_1.0.0.202411081344/tools/bin/../lib/gcc/arm-none-eabi/13.3.1/../../../../arm-none-eabi/lib/thumb/v7-m/nofp\libc_nano.a(libc_a-nano-vfprintf.o)
                0x0800ed00                __sfputs_r
 .text._vfprintf_r
                0x0800ed24      0x230 D:/STMCUBEIDE/STM32CubeIDE_1.19.0/STM32CubeIDE/plugins/com.st.stm32cube.ide.mcu.externaltools.gnu-tools-for-stm32.13.3.rel1.win32_1.0.0.202411081344/tools/bin/../lib/gcc/arm-none-eabi/13.3.1/../../../../arm-none-eabi/lib/thumb/v7-m/nofp\libc_nano.a(libc_a-nano-vfprintf.o)
                0x0800ed24                _vfprintf_r
                0x0800ed24                _vfiprintf_r
 .text.__swbuf_r
                0x0800ef54       0x7c D:/STMCUBEIDE/STM32CubeIDE_1.19.0/STM32CubeIDE/plugins/com.st.stm32cube.ide.mcu.externaltools.gnu-tools-for-stm32.13.3.rel1.win32_1.0.0.202411081344/tools/bin/../lib/gcc/arm-none-eabi/13.3.1/../../../../arm-none-eabi/lib/thumb/v7-m/nofp\libc_nano.a(libc_a-wbuf.o)
                0x0800ef54                __swbuf_r
 .text.__swsetup_r
                0x0800efd0       0xac D:/STMCUBEIDE/STM32CubeIDE_1.19.0/STM32CubeIDE/plugins/com.st.stm32cube.ide.mcu.externaltools.gnu-tools-for-stm32.13.3.rel1.win32_1.0.0.202411081344/tools/bin/../lib/gcc/arm-none-eabi/13.3.1/../../../../arm-none-eabi/lib/thumb/v7-m/nofp\libc_nano.a(libc_a-wsetup.o)
                0x0800efd0                __swsetup_r
 .text._raise_r
                0x0800f07c       0x50 D:/STMCUBEIDE/STM32CubeIDE_1.19.0/STM32CubeIDE/plugins/com.st.stm32cube.ide.mcu.externaltools.gnu-tools-for-stm32.13.3.rel1.win32_1.0.0.202411081344/tools/bin/../lib/gcc/arm-none-eabi/13.3.1/../../../../arm-none-eabi/lib/thumb/v7-m/nofp\libc_nano.a(libc_a-signal.o)
                0x0800f07c                _raise_r
 .text.raise    0x0800f0cc       0x10 D:/STMCUBEIDE/STM32CubeIDE_1.19.0/STM32CubeIDE/plugins/com.st.stm32cube.ide.mcu.externaltools.gnu-tools-for-stm32.13.3.rel1.win32_1.0.0.202411081344/tools/bin/../lib/gcc/arm-none-eabi/13.3.1/../../../../arm-none-eabi/lib/thumb/v7-m/nofp\libc_nano.a(libc_a-signal.o)
                0x0800f0cc                raise
 .text._kill_r  0x0800f0dc       0x24 D:/STMCUBEIDE/STM32CubeIDE_1.19.0/STM32CubeIDE/plugins/com.st.stm32cube.ide.mcu.externaltools.gnu-tools-for-stm32.13.3.rel1.win32_1.0.0.202411081344/tools/bin/../lib/gcc/arm-none-eabi/13.3.1/../../../../arm-none-eabi/lib/thumb/v7-m/nofp\libc_nano.a(libc_a-signalr.o)
                0x0800f0dc                _kill_r
 .text._getpid_r
                0x0800f100        0x4 D:/STMCUBEIDE/STM32CubeIDE_1.19.0/STM32CubeIDE/plugins/com.st.stm32cube.ide.mcu.externaltools.gnu-tools-for-stm32.13.3.rel1.win32_1.0.0.202411081344/tools/bin/../lib/gcc/arm-none-eabi/13.3.1/../../../../arm-none-eabi/lib/thumb/v7-m/nofp\libc_nano.a(libc_a-signalr.o)
                0x0800f100                _getpid_r
 .text.__swhatbuf_r
                0x0800f104       0x4a D:/STMCUBEIDE/STM32CubeIDE_1.19.0/STM32CubeIDE/plugins/com.st.stm32cube.ide.mcu.externaltools.gnu-tools-for-stm32.13.3.rel1.win32_1.0.0.202411081344/tools/bin/../lib/gcc/arm-none-eabi/13.3.1/../../../../arm-none-eabi/lib/thumb/v7-m/nofp\libc_nano.a(libc_a-makebuf.o)
                0x0800f104                __swhatbuf_r
 .text.__smakebuf_r
                0x0800f14e       0x78 D:/STMCUBEIDE/STM32CubeIDE_1.19.0/STM32CubeIDE/plugins/com.st.stm32cube.ide.mcu.externaltools.gnu-tools-for-stm32.13.3.rel1.win32_1.0.0.202411081344/tools/bin/../lib/gcc/arm-none-eabi/13.3.1/../../../../arm-none-eabi/lib/thumb/v7-m/nofp\libc_nano.a(libc_a-makebuf.o)
                0x0800f14e                __smakebuf_r
 *fill*         0x0800f1c6        0x2 
 .text._fstat_r
                0x0800f1c8       0x24 D:/STMCUBEIDE/STM32CubeIDE_1.19.0/STM32CubeIDE/plugins/com.st.stm32cube.ide.mcu.externaltools.gnu-tools-for-stm32.13.3.rel1.win32_1.0.0.202411081344/tools/bin/../lib/gcc/arm-none-eabi/13.3.1/../../../../arm-none-eabi/lib/thumb/v7-m/nofp\libc_nano.a(libc_a-fstatr.o)
                0x0800f1c8                _fstat_r
 .text._isatty_r
                0x0800f1ec       0x20 D:/STMCUBEIDE/STM32CubeIDE_1.19.0/STM32CubeIDE/plugins/com.st.stm32cube.ide.mcu.externaltools.gnu-tools-for-stm32.13.3.rel1.win32_1.0.0.202411081344/tools/bin/../lib/gcc/arm-none-eabi/13.3.1/../../../../arm-none-eabi/lib/thumb/v7-m/nofp\libc_nano.a(libc_a-isattyr.o)
                0x0800f1ec                _isatty_r
 .text.roundf   0x0800f20c       0x48 D:/STMCUBEIDE/STM32CubeIDE_1.19.0/STM32CubeIDE/plugins/com.st.stm32cube.ide.mcu.externaltools.gnu-tools-for-stm32.13.3.rel1.win32_1.0.0.202411081344/tools/bin/../lib/gcc/arm-none-eabi/13.3.1/../../../../arm-none-eabi/lib/thumb/v7-m/nofp\libm.a(libm_a-sf_round.o)
                0x0800f20c                roundf
 *(.glue_7)
 .glue_7        0x0800f254        0x0 linker stubs
 *(.glue_7t)
 .glue_7t       0x0800f254        0x0 linker stubs
 *(.eh_frame)
 .eh_frame      0x0800f254        0x0 D:/STMCUBEIDE/STM32CubeIDE_1.19.0/STM32CubeIDE/plugins/com.st.stm32cube.ide.mcu.externaltools.gnu-tools-for-stm32.13.3.rel1.win32_1.0.0.202411081344/tools/bin/../lib/gcc/arm-none-eabi/13.3.1/thumb/v7-m/nofp/crtbegin.o
 *(.init)
 .init          0x0800f254        0x4 D:/STMCUBEIDE/STM32CubeIDE_1.19.0/STM32CubeIDE/plugins/com.st.stm32cube.ide.mcu.externaltools.gnu-tools-for-stm32.13.3.rel1.win32_1.0.0.202411081344/tools/bin/../lib/gcc/arm-none-eabi/13.3.1/thumb/v7-m/nofp/crti.o
                0x0800f254                _init
 .init          0x0800f258        0x8 D:/STMCUBEIDE/STM32CubeIDE_1.19.0/STM32CubeIDE/plugins/com.st.stm32cube.ide.mcu.externaltools.gnu-tools-for-stm32.13.3.rel1.win32_1.0.0.202411081344/tools/bin/../lib/gcc/arm-none-eabi/13.3.1/thumb/v7-m/nofp/crtn.o
 *(.fini)
 .fini          0x0800f260        0x4 D:/STMCUBEIDE/STM32CubeIDE_1.19.0/STM32CubeIDE/plugins/com.st.stm32cube.ide.mcu.externaltools.gnu-tools-for-stm32.13.3.rel1.win32_1.0.0.202411081344/tools/bin/../lib/gcc/arm-none-eabi/13.3.1/thumb/v7-m/nofp/crti.o
                0x0800f260                _fini
 .fini          0x0800f264        0x8 D:/STMCUBEIDE/STM32CubeIDE_1.19.0/STM32CubeIDE/plugins/com.st.stm32cube.ide.mcu.externaltools.gnu-tools-for-stm32.13.3.rel1.win32_1.0.0.202411081344/tools/bin/../lib/gcc/arm-none-eabi/13.3.1/thumb/v7-m/nofp/crtn.o
                0x0800f26c                        . = ALIGN (0x4)
                0x0800f26c                        _etext = .

.vfp11_veneer   0x0800f26c        0x0
 .vfp11_veneer  0x0800f26c        0x0 linker stubs

.v4_bx          0x0800f26c        0x0
 .v4_bx         0x0800f26c        0x0 linker stubs

.iplt           0x0800f26c        0x0
 .iplt          0x0800f26c        0x0 D:/STMCUBEIDE/STM32CubeIDE_1.19.0/STM32CubeIDE/plugins/com.st.stm32cube.ide.mcu.externaltools.gnu-tools-for-stm32.13.3.rel1.win32_1.0.0.202411081344/tools/bin/../lib/gcc/arm-none-eabi/13.3.1/thumb/v7-m/nofp/crtbegin.o

.rodata         0x0800f270      0x7d4
                0x0800f270                        . = ALIGN (0x4)
 *(.rodata)
 .rodata        0x0800f270       0x36 ./Core/Src/interface.o
 *fill*         0x0800f2a6        0x2 
 .rodata        0x0800f2a8       0x21 ./Core/Src/komunikacjaPC2.o
 *fill*         0x0800f2c9        0x3 
 .rodata        0x0800f2cc       0xc0 ./Core/Src/regulator.o
 .rodata        0x0800f38c      0x24d ./Core/Src/sd.o
 *fill*         0x0800f5d9        0x3 
 .rodata        0x0800f5dc       0x44 ./Middlewares/Third_Party/FatFs/src/ff.o
 *(.rodata*)
 .rodata.a.1    0x0800f620        0x4 ./Core/Src/mystruct.o
 .rodata.b.0    0x0800f624        0x4 ./Core/Src/mystruct.o
 .rodata.PLLMulTable
                0x0800f628        0x9 ./Core/Src/system_stm32l1xx.o
                0x0800f628                PLLMulTable
 *fill*         0x0800f631        0x3 
 .rodata.AHBPrescTable
                0x0800f634       0x10 ./Core/Src/system_stm32l1xx.o
                0x0800f634                AHBPrescTable
 .rodata.APBPrescTable
                0x0800f644        0x8 ./Core/Src/system_stm32l1xx.o
                0x0800f644                APBPrescTable
 .rodata.ExCvt  0x0800f64c       0x80 ./Middlewares/Third_Party/FatFs/src/ff.o
 .rodata._printf_float.str1.1
                0x0800f6cc      0x171 D:/STMCUBEIDE/STM32CubeIDE_1.19.0/STM32CubeIDE/plugins/com.st.stm32cube.ide.mcu.externaltools.gnu-tools-for-stm32.13.3.rel1.win32_1.0.0.202411081344/tools/bin/../lib/gcc/arm-none-eabi/13.3.1/../../../../arm-none-eabi/lib/thumb/v7-m/nofp\libc_nano.a(libc_a-nano-vfprintf_float.o)
                                 0x12 (size before relaxing)
 .rodata._printf_i.str1.1
                0x0800f83d       0x22 D:/STMCUBEIDE/STM32CubeIDE_1.19.0/STM32CubeIDE/plugins/com.st.stm32cube.ide.mcu.externaltools.gnu-tools-for-stm32.13.3.rel1.win32_1.0.0.202411081344/tools/bin/../lib/gcc/arm-none-eabi/13.3.1/../../../../arm-none-eabi/lib/thumb/v7-m/nofp\libc_nano.a(libc_a-nano-vfprintf_i.o)
 .rodata._dtoa_r.str1.1
                0x0800f83d       0x8f D:/STMCUBEIDE/STM32CubeIDE_1.19.0/STM32CubeIDE/plugins/com.st.stm32cube.ide.mcu.externaltools.gnu-tools-for-stm32.13.3.rel1.win32_1.0.0.202411081344/tools/bin/../lib/gcc/arm-none-eabi/13.3.1/../../../../arm-none-eabi/lib/thumb/v7-m/nofp\libc_nano.a(libc_a-dtoa.o)
 .rodata._Balloc.str1.1
                0x0800f83d       0x70 D:/STMCUBEIDE/STM32CubeIDE_1.19.0/STM32CubeIDE/plugins/com.st.stm32cube.ide.mcu.externaltools.gnu-tools-for-stm32.13.3.rel1.win32_1.0.0.202411081344/tools/bin/../lib/gcc/arm-none-eabi/13.3.1/../../../../arm-none-eabi/lib/thumb/v7-m/nofp\libc_nano.a(libc_a-mprec.o)
 .rodata.__multadd.str1.1
                0x0800f83d       0x11 D:/STMCUBEIDE/STM32CubeIDE_1.19.0/STM32CubeIDE/plugins/com.st.stm32cube.ide.mcu.externaltools.gnu-tools-for-stm32.13.3.rel1.win32_1.0.0.202411081344/tools/bin/../lib/gcc/arm-none-eabi/13.3.1/../../../../arm-none-eabi/lib/thumb/v7-m/nofp\libc_nano.a(libc_a-mprec.o)
 *fill*         0x0800f83d        0x3 
 .rodata.p05.0  0x0800f840        0xc D:/STMCUBEIDE/STM32CubeIDE_1.19.0/STM32CubeIDE/plugins/com.st.stm32cube.ide.mcu.externaltools.gnu-tools-for-stm32.13.3.rel1.win32_1.0.0.202411081344/tools/bin/../lib/gcc/arm-none-eabi/13.3.1/../../../../arm-none-eabi/lib/thumb/v7-m/nofp\libc_nano.a(libc_a-mprec.o)
 *fill*         0x0800f84c        0x4 
 .rodata.__mprec_bigtens
                0x0800f850       0x28 D:/STMCUBEIDE/STM32CubeIDE_1.19.0/STM32CubeIDE/plugins/com.st.stm32cube.ide.mcu.externaltools.gnu-tools-for-stm32.13.3.rel1.win32_1.0.0.202411081344/tools/bin/../lib/gcc/arm-none-eabi/13.3.1/../../../../arm-none-eabi/lib/thumb/v7-m/nofp\libc_nano.a(libc_a-mprec.o)
                0x0800f850                __mprec_bigtens
 .rodata.__mprec_tens
                0x0800f878       0xc8 D:/STMCUBEIDE/STM32CubeIDE_1.19.0/STM32CubeIDE/plugins/com.st.stm32cube.ide.mcu.externaltools.gnu-tools-for-stm32.13.3.rel1.win32_1.0.0.202411081344/tools/bin/../lib/gcc/arm-none-eabi/13.3.1/../../../../arm-none-eabi/lib/thumb/v7-m/nofp\libc_nano.a(libc_a-mprec.o)
                0x0800f878                __mprec_tens
 .rodata._svfprintf_r.str1.1
                0x0800f940       0x11 D:/STMCUBEIDE/STM32CubeIDE_1.19.0/STM32CubeIDE/plugins/com.st.stm32cube.ide.mcu.externaltools.gnu-tools-for-stm32.13.3.rel1.win32_1.0.0.202411081344/tools/bin/../lib/gcc/arm-none-eabi/13.3.1/../../../../arm-none-eabi/lib/thumb/v7-m/nofp\libc_nano.a(libc_a-nano-svfprintf.o)
 .rodata._setlocale_r.str1.1
                0x0800f940        0x9 D:/STMCUBEIDE/STM32CubeIDE_1.19.0/STM32CubeIDE/plugins/com.st.stm32cube.ide.mcu.externaltools.gnu-tools-for-stm32.13.3.rel1.win32_1.0.0.202411081344/tools/bin/../lib/gcc/arm-none-eabi/13.3.1/../../../../arm-none-eabi/lib/thumb/v7-m/nofp\libc_nano.a(libc_a-locale.o)
 .rodata.str1.1
                0x0800f940        0x2 D:/STMCUBEIDE/STM32CubeIDE_1.19.0/STM32CubeIDE/plugins/com.st.stm32cube.ide.mcu.externaltools.gnu-tools-for-stm32.13.3.rel1.win32_1.0.0.202411081344/tools/bin/../lib/gcc/arm-none-eabi/13.3.1/../../../../arm-none-eabi/lib/thumb/v7-m/nofp\libc_nano.a(libc_a-locale.o)
 .rodata.__assert_func.str1.1