Archive member included to satisfy reference by file (symbol)

/home/majg__/.local/share/stm32cube/bundles/gnu-tools-for-stm32/14.3.1+st.2/bin/../lib/gcc/arm-none-eabi/14.3.1/../../../../arm-none-eabi/lib/thumb/v7-m/nofp/libm.a(libm_a-sf_round.o)
                              CMakeFiles/active-load.dir/Modules/state/src/app_state.c.obj (roundf)
/home/majg__/.local/share/stm32cube/bundles/gnu-tools-for-stm32/14.3.1+st.2/bin/../lib/gcc/arm-none-eabi/14.3.1/thumb/v7-m/nofp/libgcc.a(_arm_mulsf3.o)
                              CMakeFiles/active-load.dir/Modules/control/src/load_output.c.obj (__aeabi_fmul)
/home/majg__/.local/share/stm32cube/bundles/gnu-tools-for-stm32/14.3.1+st.2/bin/../lib/gcc/arm-none-eabi/14.3.1/thumb/v7-m/nofp/libgcc.a(_arm_addsubdf3.o)
                              CMakeFiles/active-load.dir/Modules/logger/src/logger_sd.c.obj (__aeabi_f2d)
/home/majg__/.local/share/stm32cube/bundles/gnu-tools-for-stm32/14.3.1+st.2/bin/../lib/gcc/arm-none-eabi/14.3.1/thumb/v7-m/nofp/libgcc.a(_arm_addsubsf3.o)
                              CMakeFiles/active-load.dir/Modules/control/src/regulator.c.obj (__aeabi_fsub)
/home/majg__/.local/share/stm32cube/bundles/gnu-tools-for-stm32/14.3.1+st.2/bin/../lib/gcc/arm-none-eabi/14.3.1/thumb/v7-m/nofp/libgcc.a(_arm_muldivsf3.o)
                              CMakeFiles/active-load.dir/Modules/control/src/load_output.c.obj (__aeabi_fdiv)
/home/majg__/.local/share/stm32cube/bundles/gnu-tools-for-stm32/14.3.1+st.2/bin/../lib/gcc/arm-none-eabi/14.3.1/thumb/v7-m/nofp/libgcc.a(_arm_cmpsf2.o)
                              CMakeFiles/active-load.dir/Modules/control/src/regulator.c.obj (__aeabi_fcmpeq)
/home/majg__/.local/share/stm32cube/bundles/gnu-tools-for-stm32/14.3.1+st.2/bin/../lib/gcc/arm-none-eabi/14.3.1/thumb/v7-m/nofp/libgcc.a(_arm_fixsfsi.o)
                              CMakeFiles/active-load.dir/Modules/control/src/regulator.c.obj (__aeabi_f2iz)
/home/majg__/.local/share/stm32cube/bundles/gnu-tools-for-stm32/14.3.1+st.2/bin/../lib/gcc/arm-none-eabi/14.3.1/thumb/v7-m/nofp/libgcc.a(_arm_fixunssfsi.o)
                              CMakeFiles/active-load.dir/Modules/control/src/regulator.c.obj (__aeabi_f2uiz)
/home/majg__/.local/share/stm32cube/bundles/gnu-tools-for-stm32/14.3.1+st.2/bin/../lib/gcc/arm-none-eabi/14.3.1/thumb/v7-m/nofp/libgcc.a(_aeabi_uldivmod.o)
                              cmake/stm32cubemx/CMakeFiles/STM32_Drivers.dir/__/__/Drivers/STM32L1xx_HAL_Driver/Src/stm32l1xx_hal_rcc.c.obj (__aeabi_uldivmod)
/home/majg__/.local/share/stm32cube/bundles/gnu-tools-for-stm32/14.3.1+st.2/bin/../lib/gcc/arm-none-eabi/14.3.1/thumb/v7-m/nofp/libgcc.a(_udivmoddi4.o)
                              /home/majg__/.local/share/stm32cube/bundles/gnu-tools-for-stm32/14.3.1+st.2/bin/../lib/gcc/arm-none-eabi/14.3.1/thumb/v7-m/nofp/libgcc.a(_aeabi_uldivmod.o) (__udivmoddi4)
/home/majg__/.local/share/stm32cube/bundles/gnu-tools-for-stm32/14.3.1+st.2/bin/../lib/gcc/arm-none-eabi/14.3.1/thumb/v7-m/nofp/libgcc.a(_dvmd_tls.o)
                              /home/majg__/.local/share/stm32cube/bundles/gnu-tools-for-stm32/14.3.1+st.2/bin/../lib/gcc/arm-none-eabi/14.3.1/thumb/v7-m/nofp/libgcc.a(_aeabi_uldivmod.o) (__aeabi_ldiv0)
/home/majg__/.local/share/stm32cube/bundles/gnu-tools-for-stm32/14.3.1+st.2/bin/../lib/gcc/arm-none-eabi/14.3.1/../../../../arm-none-eabi/lib/thumb/v7-m/nofp/libg_nano.a(libc_a-exit.o)
                              /home/majg__/.local/share/stm32cube/bundles/gnu-tools-for-stm32/14.3.1+st.2/bin/../lib/gcc/arm-none-eabi/14.3.1/../../../../arm-none-eabi/lib/thumb/v7-m/nofp/crt0.o (exit)
/home/majg__/.local/share/stm32cube/bundles/gnu-tools-for-stm32/14.3.1+st.2/bin/../lib/gcc/arm-none-eabi/14.3.1/../../../../arm-none-eabi/lib/thumb/v7-m/nofp/libg_nano.a(libc_a-findfp.o)
                              /home/majg__/.local/share/stm32cube/bundles/gnu-tools-for-stm32/14.3.1+st.2/bin/../lib/gcc/arm-none-eabi/14.3.1/../../../../arm-none-eabi/lib/thumb/v7-m/nofp/libg_nano.a(libc_a-exit.o) (__stdio_exit_handler)
/home/majg__/.local/share/stm32cube/bundles/gnu-tools-for-stm32/14.3.1+st.2/bin/../lib/gcc/arm-none-eabi/14.3.1/../../../../arm-none-eabi/lib/thumb/v7-m/nofp/libg_nano.a(libc_a-fwalk.o)
                              /home/majg__/.local/share/stm32cube/bundles/gnu-tools-for-stm32/14.3.1+st.2/bin/../lib/gcc/arm-none-eabi/14.3.1/../../../../arm-none-eabi/lib/thumb/v7-m/nofp/libg_nano.a(libc_a-findfp.o) (_fwalk_sglue)
/home/majg__/.local/share/stm32cube/bundles/gnu-tools-for-stm32/14.3.1+st.2/bin/../lib/gcc/arm-none-eabi/14.3.1/../../../../arm-none-eabi/lib/thumb/v7-m/nofp/libg_nano.a(libc_a-snprintf.o)
                              CMakeFiles/active-load.dir/Modules/logger/src/logger_sd.c.obj (snprintf)
/home/majg__/.local/share/stm32cube/bundles/gnu-tools-for-stm32/14.3.1+st.2/bin/../lib/gcc/arm-none-eabi/14.3.1/../../../../arm-none-eabi/lib/thumb/v7-m/nofp/libg_nano.a(libc_a-stdio.o)
[...]
Memory Configuration

Name             Origin             Length             Attributes
RAM              0x20000000         0x00014000         xrw
FLASH            0x08000000         0x00080000         xr
*default*        0x00000000         0xffffffff

Linker script and memory map

LOAD /home/majg__/.local/share/stm32cube/bundles/gnu-tools-for-stm32/14.3.1+st.2/bin/../lib/gcc/arm-none-eabi/14.3.1/thumb/v7-m/nofp/crti.o
LOAD /home/majg__/.local/share/stm32cube/bundles/gnu-tools-for-stm32/14.3.1+st.2/bin/../lib/gcc/arm-none-eabi/14.3.1/thumb/v7-m/nofp/crtbegin.o
LOAD /home/majg__/.local/share/stm32cube/bundles/gnu-tools-for-stm32/14.3.1+st.2/bin/../lib/gcc/arm-none-eabi/14.3.1/../../../../arm-none-eabi/lib/thumb/v7-m/nofp/crt0.o
LOAD cmake/stm32cubemx/CMakeFiles/STM32_Drivers.dir/__/__/Core/Src/system_stm32l1xx.c.obj
LOAD cmake/stm32cubemx/CMakeFiles/STM32_Drivers.dir/__/__/Drivers/STM32L1xx_HAL_Driver/Src/stm32l1xx_hal.c.obj
LOAD cmake/stm32cubemx/CMakeFiles/STM32_Drivers.dir/__/__/Drivers/STM32L1xx_HAL_Driver/Src/stm32l1xx_hal_rcc.c.obj
LOAD cmake/stm32cubemx/CMakeFiles/STM32_Drivers.dir/__/__/Drivers/STM32L1xx_HAL_Driver/Src/stm32l1xx_hal_rcc_ex.c.obj
LOAD cmake/stm32cubemx/CMakeFiles/STM32_Drivers.dir/__/__/Drivers/STM32L1xx_HAL_Driver/Src/stm32l1xx_hal_flash.c.obj
LOAD cmake/stm32cubemx/CMakeFiles/STM32_Drivers.dir/__/__/Drivers/STM32L1xx_HAL_Driver/Src/stm32l1xx_hal_flash_ex.c.obj
LOAD cmake/stm32cubemx/CMakeFiles/STM32_Drivers.dir/__/__/Drivers/STM32L1xx_HAL_Driver/Src/stm32l1xx_hal_flash_ramfunc.c.obj
LOAD cmake/stm32cubemx/CMakeFiles/STM32_Drivers.dir/__/__/Drivers/STM32L1xx_HAL_Driver/Src/stm32l1xx_hal_gpio.c.obj
LOAD cmake/stm32cubemx/CMakeFiles/STM32_Drivers.dir/__/__/Drivers/STM32L1xx_HAL_Driver/Src/stm32l1xx_hal_dma.c.obj
LOAD cmake/stm32cubemx/CMakeFiles/STM32_Drivers.dir/__/__/Drivers/STM32L1xx_HAL_Driver/Src/stm32l1xx_hal_pwr.c.obj
LOAD cmake/stm32cubemx/CMakeFiles/STM32_Drivers.dir/__/__/Drivers/STM32L1xx_HAL_Driver/Src/stm32l1xx_hal_pwr_ex.c.obj
LOAD cmake/stm32cubemx/CMakeFiles/STM32_Drivers.dir/__/__/Drivers/STM32L1xx_HAL_Driver/Src/stm32l1xx_hal_cortex.c.obj
LOAD cmake/stm32cubemx/CMakeFiles/STM32_Drivers.dir/__/__/Drivers/STM32L1xx_HAL_Driver/Src/stm32l1xx_hal_exti.c.obj
LOAD cmake/stm32cubemx/CMakeFiles/STM32_Drivers.dir/__/__/Drivers/STM32L1xx_HAL_Driver/Src/stm32l1xx_hal_rtc.c.obj
LOAD cmake/stm32cubemx/CMakeFiles/STM32_Drivers.dir/__/__/Drivers/STM32L1xx_HAL_Driver/Src/stm32l1xx_hal_rtc_ex.c.obj
LOAD cmake/stm32cubemx/CMakeFiles/STM32_Drivers.dir/__/__/Drivers/STM32L1xx_HAL_Driver/Src/stm32l1xx_hal_spi.c.obj
LOAD cmake/stm32cubemx/CMakeFiles/STM32_Drivers.dir/__/__/Drivers/STM32L1xx_HAL_Driver/Src/stm32l1xx_hal_tim.c.obj
LOAD cmake/stm32cubemx/CMakeFiles/STM32_Drivers.dir/__/__/Drivers/STM32L1xx_HAL_Driver/Src/stm32l1xx_hal_tim_ex.c.obj
LOAD cmake/stm32cubemx/CMakeFiles/STM32_Drivers.dir/__/__/Drivers/STM32L1xx_HAL_Driver/Src/stm32l1xx_hal_uart.c.obj
LOAD cmake/stm32cubemx/CMakeFiles/FatFs.dir/__/__/Middlewares/Third_Party/FatFs/src/diskio.c.obj
LOAD cmake/stm32cubemx/CMakeFiles/FatFs.dir/__/__/FATFS/Target/user_diskio_spi.c.obj
LOAD cmake/stm32cubemx/CMakeFiles/FatFs.dir/__/__/Middlewares/Third_Party/FatFs/src/ff.c.obj
LOAD cmake/stm32cubemx/CMakeFiles/FatFs.dir/__/__/Middlewares/Third_Party/FatFs/src/ff_gen_drv.c.obj
LOAD cmake/stm32cubemx/CMakeFiles/FatFs.dir/__/__/Middlewares/Third_Party/FatFs/src/option/syscall.c.obj
LOAD CMakeFiles/active-load.dir/FATFS/App/fatfs.c.obj
LOAD CMakeFiles/active-load.dir/FATFS/Target/user_diskio.c.obj
LOAD CMakeFiles/active-load.dir/Core/Src/main.c.obj
LOAD CMakeFiles/active-load.dir/Core/Src/gpio.c.obj
LOAD CMakeFiles/active-load.dir/Core/Src/rtc.c.obj
LOAD CMakeFiles/active-load.dir/Core/Src/spi.c.obj
LOAD CMakeFiles/active-load.dir/Core/Src/tim.c.obj
LOAD CMakeFiles/active-load.dir/Core/Src/usart.c.obj
LOAD CMakeFiles/active-load.dir/Core/Src/stm32l1xx_it.c.obj
LOAD CMakeFiles/active-load.dir/Core/Src/stm32l1xx_hal_msp.c.obj
LOAD CMakeFiles/active-load.dir/Core/Src/sysmem.c.obj
LOAD CMakeFiles/active-load.dir/Core/Src/syscalls.c.obj
LOAD CMakeFiles/active-load.dir/startup_stm32l152xe.s.obj
LOAD CMakeFiles/active-load.dir/Modules/app/src/app_init.c.obj
LOAD CMakeFiles/active-load.dir/Modules/comms/src/comms_pc.c.obj
LOAD CMakeFiles/active-load.dir/Modules/control/src/load_output.c.obj
LOAD CMakeFiles/active-load.dir/Modules/control/src/regulator.c.obj
LOAD CMakeFiles/active-load.dir/Modules/control/src/safety.c.obj
LOAD CMakeFiles/active-load.dir/Modules/logger/src/logger_sd.c.obj
LOAD CMakeFiles/active-load.dir/Modules/logger/src/logger_uart.c.obj
LOAD CMakeFiles/active-load.dir/Modules/measurement/src/measurement.c.obj
LOAD CMakeFiles/active-load.dir/Modules/measurement/src/adc_current_config.c.obj
LOAD CMakeFiles/active-load.dir/Modules/measurement/src/adc_voltage_config.c.obj
LOAD CMakeFiles/active-load.dir/Modules/measurement/src/temp_sensor.c.obj
LOAD CMakeFiles/active-load.dir/Modules/param_table/src/param_table.c.obj
LOAD CMakeFiles/active-load.dir/Modules/state/src/app_state.c.obj
LOAD CMakeFiles/active-load.dir/Modules/storage/src/config_store.c.obj
LOAD CMakeFiles/active-load.dir/Modules/ui/src/lcd_ui.c.obj
LOAD CMakeFiles/active-load.dir/AdDrivers/MCP3561T/src/mcp3561t_init.c.obj
LOAD CMakeFiles/active-load.dir/AdDrivers/MCP3561T/src/mcp3561t_runtime.c.obj
LOAD CMakeFiles/active-load.dir/AdDrivers/DAC8830/src/dac8830.c.obj
LOAD /home/majg__/.local/share/stm32cube/bundles/gnu-tools-for-stm32/14.3.1+st.2/bin/../lib/gcc/arm-none-eabi/14.3.1/../../../../arm-none-eabi/lib/thumb/v7-m/nofp/libm.a
START GROUP
LOAD /home/majg__/.local/share/stm32cube/bundles/gnu-tools-for-stm32/14.3.1+st.2/bin/../lib/gcc/arm-none-eabi/14.3.1/thumb/v7-m/nofp/libgcc.a
LOAD /home/majg__/.local/share/stm32cube/bundles/gnu-tools-for-stm32/14.3.1+st.2/bin/../lib/gcc/arm-none-eabi/14.3.1/../../../../arm-none-eabi/lib/thumb/v7-m/nofp/libg_nano.a
LOAD /home/majg__/.local/share/stm32cube/bundles/gnu-tools-for-stm32/14.3.1+st.2/bin/../lib/gcc/arm-none-eabi/14.3.1/../../../../arm-none-eabi/lib/thumb/v7-m/nofp/libc_nano.a
END GROUP
START GROUP
LOAD /home/majg__/.local/share/stm32cube/bundles/gnu-tools-for-stm32/14.3.1+st.2/bin/../lib/gcc/arm-none-eabi/14.3.1/thumb/v7-m/nofp/libgcc.a
LOAD /home/majg__/.local/share/stm32cube/bundles/gnu-tools-for-stm32/14.3.1+st.2/bin/../lib/gcc/arm-none-eabi/14.3.1/../../../../arm-none-eabi/lib/thumb/v7-m/nofp/libc_nano.a
END GROUP
LOAD /home/majg__/.local/share/stm32cube/bundles/gnu-tools-for-stm32/14.3.1+st.2/bin/../lib/gcc/arm-none-eabi/14.3.1/thumb/v7-m/nofp/crtend.o
LOAD /home/majg__/.local/share/stm32cube/bundles/gnu-tools-for-stm32/14.3.1+st.2/bin/../lib/gcc/arm-none-eabi/14.3.1/thumb/v7-m/nofp/crtn.o
                0x20014000                        _estack = (ORIGIN (RAM) + LENGTH (RAM))
                0x00000200                        _Min_Heap_Size = 0x200
                0x00000400                        _Min_Stack_Size = 0x400

.isr_vector     0x08000000      0x13c
                0x08000000                        . = ALIGN (0x4)
 *(.isr_vector)
 .isr_vector    0x08000000      0x13c CMakeFiles/active-load.dir/startup_stm32l152xe.s.obj
                0x08000000                g_pfnVectors
                0x0800013c                        . = ALIGN (0x4)

.text           0x0800013c     0xd194
                0x0800013c                        . = ALIGN (0x4)
 *(.text)
 .text          0x0800013c       0x40 /home/majg__/.local/share/stm32cube/bundles/gnu-tools-for-stm32/14.3.1+st.2/bin/../lib/gcc/arm-none-eabi/14.3.1/thumb/v7-m/nofp/crtbegin.o
 .text          0x0800017c      0x378 /home/majg__/.local/share/stm32cube/bundles/gnu-tools-for-stm32/14.3.1+st.2/bin/../lib/gcc/arm-none-eabi/14.3.1/thumb/v7-m/nofp/libgcc.a(_arm_addsubdf3.o)
                0x0800017c                __aeabi_drsub
                0x08000184                __aeabi_dsub
                0x08000184                __subdf3
                0x08000188                __adddf3
                0x08000188                __aeabi_dadd
                0x08000400                __aeabi_ui2d
                0x08000400                __floatunsidf
                0x08000420                __floatsidf
                0x08000420                __aeabi_i2d
                0x08000444                __extendsfdf2
                0x08000444                __aeabi_f2d
                0x08000488                __aeabi_ul2d
                0x08000488                __floatundidf
                0x08000498                __floatdidf
                0x08000498                __aeabi_l2d
 .text          0x080004f4      0x21c /home/majg__/.local/share/stm32cube/bundles/gnu-tools-for-stm32/14.3.1+st.2/bin/../lib/gcc/arm-none-eabi/14.3.1/thumb/v7-m/nofp/libgcc.a(_arm_addsubsf3.o)
                0x080004f4                __aeabi_frsub
                0x080004fc                __subsf3
                0x080004fc                __aeabi_fsub
                0x08000500                __aeabi_fadd
                0x08000500                __addsf3
                0x08000660                __aeabi_ui2f
                0x08000660                __floatunsisf
                0x08000668                __aeabi_i2f
                0x08000668                __floatsisf
                0x08000684                __floatundisf
                0x08000684                __aeabi_ul2f
                0x08000694                __floatdisf
                0x08000694                __aeabi_l2f
 .text          0x08000710      0x2a0 /home/majg__/.local/share/stm32cube/bundles/gnu-tools-for-stm32/14.3.1+st.2/bin/../lib/gcc/arm-none-eabi/14.3.1/thumb/v7-m/nofp/libgcc.a(_arm_muldivsf3.o)
                0x08000710                __mulsf3
                0x08000710                __aeabi_fmul
                0x08000878                __divsf3
                0x08000878                __aeabi_fdiv
 .text          0x080009b0       0xec /home/majg__/.local/share/stm32cube/bundles/gnu-tools-for-stm32/14.3.1+st.2/bin/../lib/gcc/arm-none-eabi/14.3.1/thumb/v7-m/nofp/libgcc.a(_arm_cmpsf2.o)
                0x080009b0                __gtsf2
                0x080009b0                __gesf2
                0x080009b8                __lesf2
                0x080009b8                __ltsf2
                0x080009c0                __nesf2
                0x080009c0                __eqsf2
                0x080009c0                __cmpsf2
                0x08000a20                __aeabi_cfrcmple
                0x08000a28                __aeabi_cfcmple
                0x08000a28                __aeabi_cfcmpeq
                0x08000a38                __aeabi_fcmpeq
                0x08000a4c                __aeabi_fcmplt
                0x08000a60                __aeabi_fcmple
                0x08000a74                __aeabi_fcmpge
                0x08000a88                __aeabi_fcmpgt
 .text          0x08000a9c       0x4c /home/majg__/.local/share/stm32cube/bundles/gnu-tools-for-stm32/14.3.1+st.2/bin/../lib/gcc/arm-none-eabi/14.3.1/thumb/v7-m/nofp/libgcc.a(_arm_fixsfsi.o)
                0x08000a9c                __fixsfsi
                0x08000a9c                __aeabi_f2iz
 .text          0x08000ae8       0x40 /home/majg__/.local/share/stm32cube/bundles/gnu-tools-for-stm32/14.3.1+st.2/bin/../lib/gcc/arm-none-eabi/14.3.1/thumb/v7-m/nofp/libgcc.a(_arm_fixunssfsi.o)
                0x08000ae8                __aeabi_f2uiz
                0x08000ae8                __fixunssfsi
 .text          0x08000b28       0x30 /home/majg__/.local/share/stm32cube/bundles/gnu-tools-for-stm32/14.3.1+st.2/bin/../lib/gcc/arm-none-eabi/14.3.1/thumb/v7-m/nofp/libgcc.a(_aeabi_uldivmod.o)
                0x08000b28                __aeabi_uldivmod
 .text          0x08000b58      0x2f4 /home/majg__/.local/share/stm32cube/bundles/gnu-tools-for-stm32/14.3.1+st.2/bin/../lib/gcc/arm-none-eabi/14.3.1/thumb/v7-m/nofp/libgcc.a(_udivmoddi4.o)
                0x08000b58                __udivmoddi4
 .text          0x08000e4c        0x4 /home/majg__/.local/share/stm32cube/bundles/gnu-tools-for-stm32/14.3.1+st.2/bin/../lib/gcc/arm-none-eabi/14.3.1/thumb/v7-m/nofp/libgcc.a(_dvmd_tls.o)
                0x08000e4c                __aeabi_ldiv0
                0x08000e4c                __aeabi_idiv0
 .text          0x08000e50       0x10 /home/majg__/.local/share/stm32cube/bundles/gnu-tools-for-stm32/14.3.1+st.2/bin/../lib/gcc/arm-none-eabi/14.3.1/../../../../arm-none-eabi/lib/thumb/v7-m/nofp/libg_nano.a(libc_a-strlen.o)
                0x08000e50                strlen
 *(.text*)
 .text.SystemInit
                0x08000e60        0xc cmake/stm32cubemx/CMakeFiles/STM32_Drivers.dir/__/__/Core/Src/system_stm32l1xx.c.obj
                0x08000e60                SystemInit
 .text.HAL_Init
                0x08000e6c       0x30 cmake/stm32cubemx/CMakeFiles/STM32_Drivers.dir/__/__/Drivers/STM32L1xx_HAL_Driver/Src/stm32l1xx_hal.c.obj
                0x08000e6c                HAL_Init
 .text.HAL_InitTick
                0x08000e9c       0x74 cmake/stm32cubemx/CMakeFiles/STM32_Drivers.dir/__/__/Drivers/STM32L1xx_HAL_Driver/Src/stm32l1xx_hal.c.obj
                0x08000e9c                HAL_InitTick
 .text.HAL_IncTick
                0x08000f10       0x24 cmake/stm32cubemx/CMakeFiles/STM32_Drivers.dir/__/__/Drivers/STM32L1xx_HAL_Driver/Src/stm32l1xx_hal.c.obj
                0x08000f10                HAL_IncTick
 .text.HAL_GetTick
                0x08000f34       0x14 cmake/stm32cubemx/CMakeFiles/STM32_Drivers.dir/__/__/Drivers/STM32L1xx_HAL_Driver/Src/stm32l1xx_hal.c.obj
                0x08000f34                HAL_GetTick
 .text.HAL_Delay
                0x08000f48       0x44 cmake/stm32cubemx/CMakeFiles/STM32_Drivers.dir/__/__/Drivers/STM32L1xx_HAL_Driver/Src/stm32l1xx_hal.c.obj
                0x08000f48                HAL_Delay
 .text.HAL_RCC_OscConfig
                0x08000f8c      0x660 cmake/stm32cubemx/CMakeFiles/STM32_Drivers.dir/__/__/Drivers/STM32L1xx_HAL_Driver/Src/stm32l1xx_hal_rcc.c.obj
                0x08000f8c                HAL_RCC_OscConfig
 .text.HAL_RCC_ClockConfig
                0x080015ec      0x268 cmake/stm32cubemx/CMakeFiles/STM32_Drivers.dir/__/__/Drivers/STM32L1xx_HAL_Driver/Src/stm32l1xx_hal_rcc.c.obj
                0x080015ec                HAL_RCC_ClockConfig
 .text.HAL_RCC_GetSysClockFreq
                0x08001854      0x200 cmake/stm32cubemx/CMakeFiles/STM32_Drivers.dir/__/__/Drivers/STM32L1xx_HAL_Driver/Src/stm32l1xx_hal_rcc.c.obj
                0x08001854                HAL_RCC_GetSysClockFreq
 .text.HAL_RCC_GetHCLKFreq
                0x08001a54       0x14 cmake/stm32cubemx/CMakeFiles/STM32_Drivers.dir/__/__/Drivers/STM32L1xx_HAL_Driver/Src/stm32l1xx_hal_rcc.c.obj
                0x08001a54                HAL_RCC_GetHCLKFreq
 .text.HAL_RCC_GetPCLK1Freq
                0x08001a68       0x28 cmake/stm32cubemx/CMakeFiles/STM32_Drivers.dir/__/__/Drivers/STM32L1xx_HAL_Driver/Src/stm32l1xx_hal_rcc.c.obj
                0x08001a68                HAL_RCC_GetPCLK1Freq
 .text.HAL_RCC_GetPCLK2Freq
                0x08001a90       0x28 cmake/stm32cubemx/CMakeFiles/STM32_Drivers.dir/__/__/Drivers/STM32L1xx_HAL_Driver/Src/stm32l1xx_hal_rcc.c.obj
                0x08001a90                HAL_RCC_GetPCLK2Freq
 .text.RCC_SetFlashLatencyFromMSIRange
                0x08001ab8       0xc0 cmake/stm32cubemx/CMakeFiles/STM32_Drivers.dir/__/__/Drivers/STM32L1xx_HAL_Driver/Src/stm32l1xx_hal_rcc.c.obj
 .text.HAL_RCCEx_PeriphCLKConfig
                0x08001b78      0x214 cmake/stm32cubemx/CMakeFiles/STM32_Drivers.dir/__/__/Drivers/STM32L1xx_HAL_Driver/Src/stm32l1xx_hal_rcc_ex.c.obj
                0x08001b78                HAL_RCCEx_PeriphCLKConfig
 .text.FLASH_WaitForLastOperation
                0x08001d8c       0xac cmake/stm32cubemx/CMakeFiles/STM32_Drivers.dir/__/__/Drivers/STM32L1xx_HAL_Driver/Src/stm32l1xx_hal_flash.c.obj
                0x08001d8c                FLASH_WaitForLastOperation
 .text.FLASH_SetErrorCode
                0x08001e38       0xcc cmake/stm32cubemx/CMakeFiles/STM32_Drivers.dir/__/__/Drivers/STM32L1xx_HAL_Driver/Src/stm32l1xx_hal_flash.c.obj
 .text.HAL_FLASHEx_DATAEEPROM_Unlock
                0x08001f04       0x38 cmake/stm32cubemx/CMakeFiles/STM32_Drivers.dir/__/__/Drivers/STM32L1xx_HAL_Driver/Src/stm32l1xx_hal_flash_ex.c.obj
                0x08001f04                HAL_FLASHEx_DATAEEPROM_Unlock
 .text.HAL_FLASHEx_DATAEEPROM_Lock
                0x08001f3c       0x20 cmake/stm32cubemx/CMakeFiles/STM32_Drivers.dir/__/__/Drivers/STM32L1xx_HAL_Driver/Src/stm32l1xx_hal_flash_ex.c.obj
                0x08001f3c                HAL_FLASHEx_DATAEEPROM_Lock
 .text.HAL_FLASHEx_DATAEEPROM_Program
                0x08001f5c       0xd8 cmake/stm32cubemx/CMakeFiles/STM32_Drivers.dir/__/__/Drivers/STM32L1xx_HAL_Driver/Src/stm32l1xx_hal_flash_ex.c.obj
                0x08001f5c                HAL_FLASHEx_DATAEEPROM_Program
 .text.FLASH_DATAEEPROM_FastProgramByte
                0x08002034       0x50 cmake/stm32cubemx/CMakeFiles/STM32_Drivers.dir/__/__/Drivers/STM32L1xx_HAL_Driver/Src/stm32l1xx_hal_flash_ex.c.obj
 .text.FLASH_DATAEEPROM_FastProgramHalfWord
                0x08002084       0x50 cmake/stm32cubemx/CMakeFiles/STM32_Drivers.dir/__/__/Drivers/STM32L1xx_HAL_Driver/Src/stm32l1xx_hal_flash_ex.c.obj
 .text.FLASH_DATAEEPROM_FastProgramWord
                0x080020d4       0x4c cmake/stm32cubemx/CMakeFiles/STM32_Drivers.dir/__/__/Drivers/STM32L1xx_HAL_Driver/Src/stm32l1xx_hal_flash_ex.c.obj
 .text.FLASH_DATAEEPROM_ProgramByte
                0x08002120       0x3e cmake/stm32cubemx/CMakeFiles/STM32_Drivers.dir/__/__/Drivers/STM32L1xx_HAL_Driver/Src/stm32l1xx_hal_flash_ex.c.obj
 .text.FLASH_DATAEEPROM_ProgramHalfWord
                0x0800215e       0x3e cmake/stm32cubemx/CMakeFiles/STM32_Drivers.dir/__/__/Drivers/STM32L1xx_HAL_Driver/Src/stm32l1xx_hal_flash_ex.c.obj
 .text.FLASH_DATAEEPROM_ProgramWord
                0x0800219c       0x3c cmake/stm32cubemx/CMakeFiles/STM32_Drivers.dir/__/__/Drivers/STM32L1xx_HAL_Driver/Src/stm32l1xx_hal_flash_ex.c.obj
 .text.HAL_GPIO_Init
                0x080021d8      0x320 cmake/stm32cubemx/CMakeFiles/STM32_Drivers.dir/__/__/Drivers/STM32L1xx_HAL_Driver/Src/stm32l1xx_hal_gpio.c.obj
                0x080021d8                HAL_GPIO_Init
 .text.HAL_GPIO_ReadPin
                0x080024f8       0x2e cmake/stm32cubemx/CMakeFiles/STM32_Drivers.dir/__/__/Drivers/STM32L1xx_HAL_Driver/Src/stm32l1xx_hal_gpio.c.obj
                0x080024f8                HAL_GPIO_ReadPin
 .text.HAL_GPIO_WritePin
                0x08002526       0x30 cmake/stm32cubemx/CMakeFiles/STM32_Drivers.dir/__/__/Drivers/STM32L1xx_HAL_Driver/Src/stm32l1xx_hal_gpio.c.obj
                0x08002526                HAL_GPIO_WritePin
 *fill*         0x08002556        0x2 
 .text.HAL_GPIO_EXTI_IRQHandler
                0x08002558       0x30 cmake/stm32cubemx/CMakeFiles/STM32_Drivers.dir/__/__/Drivers/STM32L1xx_HAL_Driver/Src/stm32l1xx_hal_gpio.c.obj
                0x08002558                HAL_GPIO_EXTI_IRQHandler
 .text.HAL_DMA_Start_IT
                0x08002588       0xc0 cmake/stm32cubemx/CMakeFiles/STM32_Drivers.dir/__/__/Drivers/STM32L1xx_HAL_Driver/Src/stm32l1xx_hal_dma.c.obj
                0x08002588                HAL_DMA_Start_IT
 .text.HAL_DMA_Abort
                0x08002648       0x7a cmake/stm32cubemx/CMakeFiles/STM32_Drivers.dir/__/__/Drivers/STM32L1xx_HAL_Driver/Src/stm32l1xx_hal_dma.c.obj
                0x08002648                HAL_DMA_Abort
 .text.HAL_DMA_Abort_IT
                0x080026c2       0x82 cmake/stm32cubemx/CMakeFiles/STM32_Drivers.dir/__/__/Drivers/STM32L1xx_HAL_Driver/Src/stm32l1xx_hal_dma.c.obj
                0x080026c2                HAL_DMA_Abort_IT
 .text.DMA_SetConfig
                0x08002744       0x5e cmake/stm32cubemx/CMakeFiles/STM32_Drivers.dir/__/__/Drivers/STM32L1xx_HAL_Driver/Src/stm32l1xx_hal_dma.c.obj
 *fill*         0x080027a2        0x2 
 .text.__NVIC_SetPriorityGrouping
                0x080027a4       0x48 cmake/stm32cubemx/CMakeFiles/STM32_Drivers.dir/__/__/Drivers/STM32L1xx_HAL_Driver/Src/stm32l1xx_hal_cortex.c.obj
 .text.__NVIC_GetPriorityGrouping
                0x080027ec       0x1c cmake/stm32cubemx/CMakeFiles/STM32_Drivers.dir/__/__/Drivers/STM32L1xx_HAL_Driver/Src/stm32l1xx_hal_cortex.c.obj
 .text.__NVIC_EnableIRQ
                0x08002808       0x38 cmake/stm32cubemx/CMakeFiles/STM32_Drivers.dir/__/__/Drivers/STM32L1xx_HAL_Driver/Src/stm32l1xx_hal_cortex.c.obj
 .text.__NVIC_SetPriority
                0x08002840       0x54 cmake/stm32cubemx/CMakeFiles/STM32_Drivers.dir/__/__/Drivers/STM32L1xx_HAL_Driver/Src/stm32l1xx_hal_cortex.c.obj
 .text.NVIC_EncodePriority
                0x08002894       0x64 cmake/stm32cubemx/CMakeFiles/STM32_Drivers.dir/__/__/Drivers/STM32L1xx_HAL_Driver/Src/stm32l1xx_hal_cortex.c.obj
 .text.SysTick_Config
                0x080028f8       0x44 cmake/stm32cubemx/CMakeFiles/STM32_Drivers.dir/__/__/Drivers/STM32L1xx_HAL_Driver/Src/stm32l1xx_hal_cortex.c.obj
 .text.HAL_NVIC_SetPriorityGrouping
                0x0800293c       0x16 cmake/stm32cubemx/CMakeFiles/STM32_Drivers.dir/__/__/Drivers/STM32L1xx_HAL_Driver/Src/stm32l1xx_hal_cortex.c.obj
                0x0800293c                HAL_NVIC_SetPriorityGrouping
 .text.HAL_NVIC_SetPriority
                0x08002952       0x38 cmake/stm32cubemx/CMakeFiles/STM32_Drivers.dir/__/__/Drivers/STM32L1xx_HAL_Driver/Src/stm32l1xx_hal_cortex.c.obj
                0x08002952                HAL_NVIC_SetPriority
 .text.HAL_NVIC_EnableIRQ
                0x0800298a       0x1c cmake/stm32cubemx/CMakeFiles/STM32_Drivers.dir/__/__/Drivers/STM32L1xx_HAL_Driver/Src/stm32l1xx_hal_cortex.c.obj
                0x0800298a                HAL_NVIC_EnableIRQ
 .text.HAL_SYSTICK_Config
                0x080029a6       0x18 cmake/stm32cubemx/CMakeFiles/STM32_Drivers.dir/__/__/Drivers/STM32L1xx_HAL_Driver/Src/stm32l1xx_hal_cortex.c.obj
                0x080029a6                HAL_SYSTICK_Config
 .text.HAL_RTC_Init
                0x080029be      0x102 cmake/stm32cubemx/CMakeFiles/STM32_Drivers.dir/__/__/Drivers/STM32L1xx_HAL_Driver/Src/stm32l1xx_hal_rtc.c.obj
                0x080029be                HAL_RTC_Init
 .text.HAL_RTC_SetTime
                0x08002ac0      0x134 cmake/stm32cubemx/CMakeFiles/STM32_Drivers.dir/__/__/Drivers/STM32L1xx_HAL_Driver/Src/stm32l1xx_hal_rtc.c.obj
                0x08002ac0                HAL_RTC_SetTime
 .text.HAL_RTC_GetTime
                0x08002bf4       0xbc cmake/stm32cubemx/CMakeFiles/STM32_Drivers.dir/__/__/Drivers/STM32L1xx_HAL_Driver/Src/stm32l1xx_hal_rtc.c.obj
                0x08002bf4                HAL_RTC_GetTime
 .text.HAL_RTC_SetDate
                0x08002cb0      0x108 cmake/stm32cubemx/CMakeFiles/STM32_Drivers.dir/__/__/Drivers/STM32L1xx_HAL_Driver/Src/stm32l1xx_hal_rtc.c.obj
                0x08002cb0                HAL_RTC_SetDate
 .text.HAL_RTC_GetDate
                0x08002db8       0x9e cmake/stm32cubemx/CMakeFiles/STM32_Drivers.dir/__/__/Drivers/STM32L1xx_HAL_Driver/Src/stm32l1xx_hal_rtc.c.obj
                0x08002db8                HAL_RTC_GetDate
 .text.HAL_RTC_WaitForSynchro
                0x08002e56       0x4a cmake/stm32cubemx/CMakeFiles/STM32_Drivers.dir/__/__/Drivers/STM32L1xx_HAL_Driver/Src/stm32l1xx_hal_rtc.c.obj
                0x08002e56                HAL_RTC_WaitForSynchro
 .text.RTC_EnterInitMode
                0x08002ea0       0x6e cmake/stm32cubemx/CMakeFiles/STM32_Drivers.dir/__/__/Drivers/STM32L1xx_HAL_Driver/Src/stm32l1xx_hal_rtc.c.obj
                0x08002ea0                RTC_EnterInitMode
 .text.RTC_ExitInitMode
                0x08002f0e       0x4a cmake/stm32cubemx/CMakeFiles/STM32_Drivers.dir/__/__/Drivers/STM32L1xx_HAL_Driver/Src/stm32l1xx_hal_rtc.c.obj
                0x08002f0e                RTC_ExitInitMode
 .text.RTC_ByteToBcd2
                0x08002f58       0x3a cmake/stm32cubemx/CMakeFiles/STM32_Drivers.dir/__/__/Drivers/STM32L1xx_HAL_Driver/Src/stm32l1xx_hal_rtc.c.obj
                0x08002f58                RTC_ByteToBcd2
 .text.RTC_Bcd2ToByte
                0x08002f92       0x3a cmake/stm32cubemx/CMakeFiles/STM32_Drivers.dir/__/__/Drivers/STM32L1xx_HAL_Driver/Src/stm32l1xx_hal_rtc.c.obj
                0x08002f92                RTC_Bcd2ToByte
 .text.HAL_RTCEx_SetWakeUpTimer
                0x08002fcc      0x13a cmake/stm32cubemx/CMakeFiles/STM32_Drivers.dir/__/__/Drivers/STM32L1xx_HAL_Driver/Src/stm32l1xx_hal_rtc_ex.c.obj
                0x08002fcc                HAL_RTCEx_SetWakeUpTimer
 .text.HAL_SPI_Init
                0x08003106      0x112 cmake/stm32cubemx/CMakeFiles/STM32_Drivers.dir/__/__/Drivers/STM32L1xx_HAL_Driver/Src/stm32l1xx_hal_spi.c.obj
                0x08003106                HAL_SPI_Init
 .text.HAL_SPI_Transmit
                0x08003218      0x288 cmake/stm32cubemx/CMakeFiles/STM32_Drivers.dir/__/__/Drivers/STM32L1xx_HAL_Driver/Src/stm32l1xx_hal_spi.c.obj
                0x08003218                HAL_SPI_Transmit
 .text.HAL_SPI_Receive
                0x080034a0      0x232 cmake/stm32cubemx/CMakeFiles/STM32_Drivers.dir/__/__/Drivers/STM32L1xx_HAL_Driver/Src/stm32l1xx_hal_spi.c.obj
                0x080034a0                HAL_SPI_Receive
 .text.HAL_SPI_TransmitReceive
                0x080036d2      0x352 cmake/stm32cubemx/CMakeFiles/STM32_Drivers.dir/__/__/Drivers/STM32L1xx_HAL_Driver/Src/stm32l1xx_hal_spi.c.obj
                0x080036d2                HAL_SPI_TransmitReceive
 .text.HAL_SPI_IRQHandler
                0x08003a24      0x200 cmake/stm32cubemx/CMakeFiles/STM32_Drivers.dir/__/__/Drivers/STM32L1xx_HAL_Driver/Src/stm32l1xx_hal_spi.c.obj
                0x08003a24                HAL_SPI_IRQHandler
 .text.HAL_SPI_ErrorCallback
                0x08003c24       0x12 cmake/stm32cubemx/CMakeFiles/STM32_Drivers.dir/__/__/Drivers/STM32L1xx_HAL_Driver/Src/stm32l1xx_hal_spi.c.obj
                0x08003c24                HAL_SPI_ErrorCallback
 .text.SPI_DMAAbortOnError
                0x08003c36       0x28 cmake/stm32cubemx/CMakeFiles/STM32_Drivers.dir/__/__/Drivers/STM32L1xx_HAL_Driver/Src/stm32l1xx_hal_spi.c.obj
 *fill*         0x08003c5e        0x2 
 .text.SPI_WaitFlagStateUntilTimeout
                0x08003c60      0x110 cmake/stm32cubemx/CMakeFiles/STM32_Drivers.dir/__/__/Drivers/STM32L1xx_HAL_Driver/Src/stm32l1xx_hal_spi.c.obj
 .text.SPI_EndRxTransaction
                0x08003d70       0xca cmake/stm32cubemx/CMakeFiles/STM32_Drivers.dir/__/__/Drivers/STM32L1xx_HAL_Driver/Src/stm32l1xx_hal_spi.c.obj
 *fill*         0x08003e3a        0x2 
 .text.SPI_EndRxTxTransaction
                0x08003e3c       0xa8 cmake/stm32cubemx/CMakeFiles/STM32_Drivers.dir/__/__/Drivers/STM32L1xx_HAL_Driver/Src/stm32l1xx_hal_spi.c.obj
 .text.HAL_TIM_Base_Init
                0x08003ee4       0x7e cmake/stm32cubemx/CMakeFiles/STM32_Drivers.dir/__/__/Drivers/STM32L1xx_HAL_Driver/Src/stm32l1xx_hal_tim.c.obj
                0x08003ee4                HAL_TIM_Base_Init
 *fill*         0x08003f62        0x2 
 .text.HAL_TIM_Base_Start
                0x08003f64       0x94 cmake/stm32cubemx/CMakeFiles/STM32_Drivers.dir/__/__/Drivers/STM32L1xx_HAL_Driver/Src/stm32l1xx_hal_tim.c.obj
                0x08003f64                HAL_TIM_Base_Start
 .text.HAL_TIM_Base_Start_IT
                0x08003ff8       0xa4 cmake/stm32cubemx/CMakeFiles/STM32_Drivers.dir/__/__/Drivers/STM32L1xx_HAL_Driver/Src/stm32l1xx_hal_tim.c.obj
                0x08003ff8                HAL_TIM_Base_Start_IT
 .text.HAL_TIM_IRQHandler
                0x0800409c      0x198 cmake/stm32cubemx/CMakeFiles/STM32_Drivers.dir/__/__/Drivers/STM32L1xx_HAL_Driver/Src/stm32l1xx_hal_tim.c.obj
                0x0800409c                HAL_TIM_IRQHandler
 .text.HAL_TIM_ConfigClockSource
                0x08004234      0x18e cmake/stm32cubemx/CMakeFiles/STM32_Drivers.dir/__/__/Drivers/STM32L1xx_HAL_Driver/Src/stm32l1xx_hal_tim.c.obj
                0x08004234                HAL_TIM_ConfigClockSource
 .text.HAL_TIM_OC_DelayElapsedCallback
                0x080043c2       0x12 cmake/stm32cubemx/CMakeFiles/STM32_Drivers.dir/__/__/Drivers/STM32L1xx_HAL_Driver/Src/stm32l1xx_hal_tim.c.obj
                0x080043c2                HAL_TIM_OC_DelayElapsedCallback
 .text.HAL_TIM_IC_CaptureCallback
                0x080043d4       0x12 cmake/stm32cubemx/CMakeFiles/STM32_Drivers.dir/__/__/Drivers/STM32L1xx_HAL_Driver/Src/stm32l1xx_hal_tim.c.obj
                0x080043d4                HAL_TIM_IC_CaptureCallback
 .text.HAL_TIM_PWM_PulseFinishedCallback
                0x080043e6       0x12 cmake/stm32cubemx/CMakeFiles/STM32_Drivers.dir/__/__/Drivers/STM32L1xx_HAL_Driver/Src/stm32l1xx_hal_tim.c.obj
                0x080043e6                HAL_TIM_PWM_PulseFinishedCallback
 .text.HAL_TIM_TriggerCallback
                0x080043f8       0x12 cmake/stm32cubemx/CMakeFiles/STM32_Drivers.dir/__/__/Drivers/STM32L1xx_HAL_Driver/Src/stm32l1xx_hal_tim.c.obj
                0x080043f8                HAL_TIM_TriggerCallback
 *fill*         0x0800440a        0x2 
 .text.TIM_Base_SetConfig
                0x0800440c       0xec cmake/stm32cubemx/CMakeFiles/STM32_Drivers.dir/__/__/Drivers/STM32L1xx_HAL_Driver/Src/stm32l1xx_hal_tim.c.obj
 .text.TIM_TI1_ConfigInputStage
                0x080044f8       0x5c cmake/stm32cubemx/CMakeFiles/STM32_Drivers.dir/__/__/Drivers/STM32L1xx_HAL_Driver/Src/stm32l1xx_hal_tim.c.obj
 .text.TIM_TI2_ConfigInputStage
                0x08004554       0x5e cmake/stm32cubemx/CMakeFiles/STM32_Drivers.dir/__/__/Drivers/STM32L1xx_HAL_Driver/Src/stm32l1xx_hal_tim.c.obj
 .text.TIM_ITRx_SetConfig
                0x080045b2       0x34 cmake/stm32cubemx/CMakeFiles/STM32_Drivers.dir/__/__/Drivers/STM32L1xx_HAL_Driver/Src/stm32l1xx_hal_tim.c.obj
 .text.TIM_ETR_SetConfig
                0x080045e6       0x3e cmake/stm32cubemx/CMakeFiles/STM32_Drivers.dir/__/__/Drivers/STM32L1xx_HAL_Driver/Src/stm32l1xx_hal_tim.c.obj
 .text.HAL_TIMEx_MasterConfigSynchronization
                0x08004624       0xbc cmake/stm32cubemx/CMakeFiles/STM32_Drivers.dir/__/__/Drivers/STM32L1xx_HAL_Driver/Src/stm32l1xx_hal_tim_ex.c.obj
                0x08004624                HAL_TIMEx_MasterConfigSynchronization
 .text.HAL_UART_Init
                0x080046e0       0xa0 cmake/stm32cubemx/CMakeFiles/STM32_Drivers.dir/__/__/Drivers/STM32L1xx_HAL_Driver/Src/stm32l1xx_hal_uart.c.obj
                0x080046e0                HAL_UART_Init
 .text.HAL_UART_Receive_IT
                0x08004780       0x4a cmake/stm32cubemx/CMakeFiles/STM32_Drivers.dir/__/__/Drivers/STM32L1xx_HAL_Driver/Src/stm32l1xx_hal_uart.c.obj
                0x08004780                HAL_UART_Receive_IT
 *fill*         0x080047ca        0x2 
 .text.HAL_UART_Transmit_DMA
                0x080047cc       0xf8 cmake/stm32cubemx/CMakeFiles/STM32_Drivers.dir/__/__/Drivers/STM32L1xx_HAL_Driver/Src/stm32l1xx_hal_uart.c.obj
                0x080047cc                HAL_UART_Transmit_DMA
 .text.HAL_UART_IRQHandler
                0x080048c4      0x550 cmake/stm32cubemx/CMakeFiles/STM32_Drivers.dir/__/__/Drivers/STM32L1xx_HAL_Driver/Src/stm32l1xx_hal_uart.c.obj
                0x080048c4                HAL_UART_IRQHandler
 .text.HAL_UART_TxHalfCpltCallback
                0x08004e14       0x12 cmake/stm32cubemx/CMakeFiles/STM32_Drivers.dir/__/__/Drivers/STM32L1xx_HAL_Driver/Src/stm32l1xx_hal_uart.c.obj
                0x08004e14                HAL_UART_TxHalfCpltCallback
 .text.HAL_UART_ErrorCallback
                0x08004e26       0x12 cmake/stm32cubemx/CMakeFiles/STM32_Drivers.dir/__/__/Drivers/STM32L1xx_HAL_Driver/Src/stm32l1xx_hal_uart.c.obj
                0x08004e26                HAL_UART_ErrorCallback
 .text.HAL_UARTEx_RxEventCallback
                0x08004e38       0x16 cmake/stm32cubemx/CMakeFiles/STM32_Drivers.dir/__/__/Drivers/STM32L1xx_HAL_Driver/Src/stm32l1xx_hal_uart.c.obj
                0x08004e38                HAL_UARTEx_RxEventCallback
 .text.UART_DMATransmitCplt
                0x08004e4e       0x9a cmake/stm32cubemx/CMakeFiles/STM32_Drivers.dir/__/__/Drivers/STM32L1xx_HAL_Driver/Src/stm32l1xx_hal_uart.c.obj
 .text.UART_DMATxHalfCplt
                0x08004ee8       0x1c cmake/stm32cubemx/CMakeFiles/STM32_Drivers.dir/__/__/Drivers/STM32L1xx_HAL_Driver/Src/stm32l1xx_hal_uart.c.obj
 .text.UART_DMAError
                0x08004f04       0x94 cmake/stm32cubemx/CMakeFiles/STM32_Drivers.dir/__/__/Drivers/STM32L1xx_HAL_Driver/Src/stm32l1xx_hal_uart.c.obj
 .text.UART_Start_Receive_IT
                0x08004f98       0x72 cmake/stm32cubemx/CMakeFiles/STM32_Drivers.dir/__/__/Drivers/STM32L1xx_HAL_Driver/Src/stm32l1xx_hal_uart.c.obj
                0x08004f98                UART_Start_Receive_IT
 .text.UART_EndTxTransfer
                0x0800500a       0x4e cmake/stm32cubemx/CMakeFiles/STM32_Drivers.dir/__/__/Drivers/STM32L1xx_HAL_Driver/Src/stm32l1xx_hal_uart.c.obj
 .text.UART_EndRxTransfer
                0x08005058       0xc4 cmake/stm32cubemx/CMakeFiles/STM32_Drivers.dir/__/__/Drivers/STM32L1xx_HAL_Driver/Src/stm32l1xx_hal_uart.c.obj
 .text.UART_DMAAbortOnError
                0x0800511c       0x22 cmake/stm32cubemx/CMakeFiles/STM32_Drivers.dir/__/__/Drivers/STM32L1xx_HAL_Driver/Src/stm32l1xx_hal_uart.c.obj
 .text.UART_Transmit_IT
                0x0800513e       0x9e cmake/stm32cubemx/CMakeFiles/STM32_Drivers.dir/__/__/Drivers/STM32L1xx_HAL_Driver/Src/stm32l1xx_hal_uart.c.obj
 .text.UART_EndTransmit_IT
                0x080051dc       0x30 cmake/stm32cubemx/CMakeFiles/STM32_Drivers.dir/__/__/Drivers/STM32L1xx_HAL_Driver/Src/stm32l1xx_hal_uart.c.obj
 .text.UART_Receive_IT
                0x0800520c      0x17c cmake/stm32cubemx/CMakeFiles/STM32_Drivers.dir/__/__/Drivers/STM32L1xx_HAL_Driver/Src/stm32l1xx_hal_uart.c.obj
 .text.UART_SetConfig
                0x08005388      0x1c8 cmake/stm32cubemx/CMakeFiles/STM32_Drivers.dir/__/__/Drivers/STM32L1xx_HAL_Driver/Src/stm32l1xx_hal_uart.c.obj
 .text.disk_status
                0x08005550       0x34 cmake/stm32cubemx/CMakeFiles/FatFs.dir/__/__/Middlewares/Third_Party/FatFs/src/diskio.c.obj
                0x08005550                disk_status
 .text.disk_initialize
                0x08005584       0x4c cmake/stm32cubemx/CMakeFiles/FatFs.dir/__/__/Middlewares/Third_Party/FatFs/src/diskio.c.obj
                0x08005584                disk_initialize
 .text.disk_read
                0x080055d0       0x40 cmake/stm32cubemx/CMakeFiles/FatFs.dir/__/__/Middlewares/Third_Party/FatFs/src/diskio.c.obj
                0x080055d0                disk_read
 .text.disk_write
                0x08005610       0x40 cmake/stm32cubemx/CMakeFiles/FatFs.dir/__/__/Middlewares/Third_Party/FatFs/src/diskio.c.obj
                0x08005610                disk_write
 .text.disk_ioctl
                0x08005650       0x3c cmake/stm32cubemx/CMakeFiles/FatFs.dir/__/__/Middlewares/Third_Party/FatFs/src/diskio.c.obj
                0x08005650                disk_ioctl
 .text.SPI_Timer_On
                0x0800568c       0x28 cmake/stm32cubemx/CMakeFiles/FatFs.dir/__/__/FATFS/Target/user_diskio_spi.c.obj
                0x0800568c                SPI_Timer_On
 .text.SPI_Timer_Status
                0x080056b4       0x2c cmake/stm32cubemx/CMakeFiles/FatFs.dir/__/__/FATFS/Target/user_diskio_spi.c.obj
                0x080056b4                SPI_Timer_Status
 .text.xchg_spi
                0x080056e0       0x2c cmake/stm32cubemx/CMakeFiles/FatFs.dir/__/__/FATFS/Target/user_diskio_spi.c.obj
 .text.rcvr_spi_multi
                0x0800570c       0x38 cmake/stm32cubemx/CMakeFiles/FatFs.dir/__/__/FATFS/Target/user_diskio_spi.c.obj
 .text.xmit_spi_multi
                0x08005744       0x28 cmake/stm32cubemx/CMakeFiles/FatFs.dir/__/__/FATFS/Target/user_diskio_spi.c.obj
 .text.wait_ready
                0x0800576c       0x46 cmake/stm32cubemx/CMakeFiles/FatFs.dir/__/__/FATFS/Target/user_diskio_spi.c.obj
 *fill*         0x080057b2        0x2 
 .text.despiselect
                0x080057b4       0x20 cmake/stm32cubemx/CMakeFiles/FatFs.dir/__/__/FATFS/Target/user_diskio_spi.c.obj
 .text.spiselect
                0x080057d4       0x38 cmake/stm32cubemx/CMakeFiles/FatFs.dir/__/__/FATFS/Target/user_diskio_spi.c.obj
 .text.rcvr_datablock
                0x0800580c       0x52 cmake/stm32cubemx/CMakeFiles/FatFs.dir/__/__/FATFS/Target/user_diskio_spi.c.obj
 .text.xmit_datablock
                0x0800585e       0x64 cmake/stm32cubemx/CMakeFiles/FatFs.dir/__/__/FATFS/Target/user_diskio_spi.c.obj
 .text.send_cmd
                0x080058c2       0xde cmake/stm32cubemx/CMakeFiles/FatFs.dir/__/__/FATFS/Target/user_diskio_spi.c.obj
 .text.USER_SPI_initialize
                0x080059a0      0x1d8 cmake/stm32cubemx/CMakeFiles/FatFs.dir/__/__/FATFS/Target/user_diskio_spi.c.obj
                0x080059a0                USER_SPI_initialize
 .text.USER_SPI_status
                0x08005b78       0x28 cmake/stm32cubemx/CMakeFiles/FatFs.dir/__/__/FATFS/Target/user_diskio_spi.c.obj
                0x08005b78                USER_SPI_status
 .text.USER_SPI_read
                0x08005ba0       0xcc cmake/stm32cubemx/CMakeFiles/FatFs.dir/__/__/FATFS/Target/user_diskio_spi.c.obj
                0x08005ba0                USER_SPI_read
 .text.USER_SPI_write
                0x08005c6c       0xf8 cmake/stm32cubemx/CMakeFiles/FatFs.dir/__/__/FATFS/Target/user_diskio_spi.c.obj
                0x08005c6c                USER_SPI_write
 .text.USER_SPI_ioctl
                0x08005d64      0x2e0 cmake/stm32cubemx/CMakeFiles/FatFs.dir/__/__/FATFS/Target/user_diskio_spi.c.obj
                0x08005d64                USER_SPI_ioctl
 .text.ld_word  0x08006044       0x30 cmake/stm32cubemx/CMakeFiles/FatFs.dir/__/__/Middlewares/Third_Party/FatFs/src/ff.c.obj
 .text.ld_dword
                0x08006074       0x44 cmake/stm32cubemx/CMakeFiles/FatFs.dir/__/__/Middlewares/Third_Party/FatFs/src/ff.c.obj
 .text.st_word  0x080060b8       0x34 cmake/stm32cubemx/CMakeFiles/FatFs.dir/__/__/Middlewares/Third_Party/FatFs/src/ff.c.obj
 .text.st_dword
                0x080060ec       0x56 cmake/stm32cubemx/CMakeFiles/FatFs.dir/__/__/Middlewares/Third_Party/FatFs/src/ff.c.obj
 .text.mem_cpy  0x08006142       0x40 cmake/stm32cubemx/CMakeFiles/FatFs.dir/__/__/Middlewares/Third_Party/FatFs/src/ff.c.obj
 .text.mem_set  0x08006182       0x34 cmake/stm32cubemx/CMakeFiles/FatFs.dir/__/__/Middlewares/Third_Party/FatFs/src/ff.c.obj
 .text.mem_cmp  0x080061b6       0x4c cmake/stm32cubemx/CMakeFiles/FatFs.dir/__/__/Middlewares/Third_Party/FatFs/src/ff.c.obj
 .text.chk_chr  0x08006202       0x34 cmake/stm32cubemx/CMakeFiles/FatFs.dir/__/__/Middlewares/Third_Party/FatFs/src/ff.c.obj
 *fill*         0x08006236        0x2 
 .text.chk_lock
                0x08006238       0xb4 cmake/stm32cubemx/CMakeFiles/FatFs.dir/__/__/Middlewares/Third_Party/FatFs/src/ff.c.obj
 .text.enq_lock
                0x080062ec       0x40 cmake/stm32cubemx/CMakeFiles/FatFs.dir/__/__/Middlewares/Third_Party/FatFs/src/ff.c.obj
 .text.inc_lock
                0x0800632c      0x11c cmake/stm32cubemx/CMakeFiles/FatFs.dir/__/__/Middlewares/Third_Party/FatFs/src/ff.c.obj
 .text.dec_lock
                0x08006448       0x74 cmake/stm32cubemx/CMakeFiles/FatFs.dir/__/__/Middlewares/Third_Party/FatFs/src/ff.c.obj
 .text.clear_lock
                0x080064bc       0x48 cmake/stm32cubemx/CMakeFiles/FatFs.dir/__/__/Middlewares/Third_Party/FatFs/src/ff.c.obj
 .text.sync_window
                0x08006504       0x88 cmake/stm32cubemx/CMakeFiles/FatFs.dir/__/__/Middlewares/Third_Party/FatFs/src/ff.c.obj
 .text.move_window
                0x0800658c       0x5a cmake/stm32cubemx/CMakeFiles/FatFs.dir/__/__/Middlewares/Third_Party/FatFs/src/ff.c.obj
 *fill*         0x080065e6        0x2 
 .text.sync_fs  0x080065e8       0xdc cmake/stm32cubemx/CMakeFiles/FatFs.dir/__/__/Middlewares/Third_Party/FatFs/src/ff.c.obj
 .text.clust2sect
                0x080066c4       0x3c cmake/stm32cubemx/CMakeFiles/FatFs.dir/__/__/Middlewares/Third_Party/FatFs/src/ff.c.obj
 .text.get_fat  0x08006700      0x14e cmake/stm32cubemx/CMakeFiles/FatFs.dir/__/__/Middlewares/Third_Party/FatFs/src/ff.c.obj
 .text.put_fat  0x0800684e      0x1d4 cmake/stm32cubemx/CMakeFiles/FatFs.dir/__/__/Middlewares/Third_Party/FatFs/src/ff.c.obj
 .text.remove_chain
                0x08006a22       0xca cmake/stm32cubemx/CMakeFiles/FatFs.dir/__/__/Middlewares/Third_Party/FatFs/src/ff.c.obj
 .text.create_chain
                0x08006aec      0x130 cmake/stm32cubemx/CMakeFiles/FatFs.dir/__/__/Middlewares/Third_Party/FatFs/src/ff.c.obj
 .text.clmt_clust
                0x08006c1c       0x66 cmake/stm32cubemx/CMakeFiles/FatFs.dir/__/__/Middlewares/Third_Party/FatFs/src/ff.c.obj
 .text.dir_sdi  0x08006c82       0xf6 cmake/stm32cubemx/CMakeFiles/FatFs.dir/__/__/Middlewares/Third_Party/FatFs/src/ff.c.obj
 .text.dir_next
                0x08006d78      0x18a cmake/stm32cubemx/CMakeFiles/FatFs.dir/__/__/Middlewares/Third_Party/FatFs/src/ff.c.obj
 .text.dir_alloc
                0x08006f02       0x8e cmake/stm32cubemx/CMakeFiles/FatFs.dir/__/__/Middlewares/Third_Party/FatFs/src/ff.c.obj
 .text.ld_clust
                0x08006f90       0x3e cmake/stm32cubemx/CMakeFiles/FatFs.dir/__/__/Middlewares/Third_Party/FatFs/src/ff.c.obj
 .text.st_clust
                0x08006fce       0x40 cmake/stm32cubemx/CMakeFiles/FatFs.dir/__/__/Middlewares/Third_Party/FatFs/src/ff.c.obj
 .text.dir_find
                0x0800700e       0xaa cmake/stm32cubemx/CMakeFiles/FatFs.dir/__/__/Middlewares/Third_Party/FatFs/src/ff.c.obj
 .text.dir_register
                0x080070b8       0x64 cmake/stm32cubemx/CMakeFiles/FatFs.dir/__/__/Middlewares/Third_Party/FatFs/src/ff.c.obj
 .text.create_name
                0x0800711c      0x128 cmake/stm32cubemx/CMakeFiles/FatFs.dir/__/__/Middlewares/Third_Party/FatFs/src/ff.c.obj
 .text.follow_path
                0x08007244       0xe2 cmake/stm32cubemx/CMakeFiles/FatFs.dir/__/__/Middlewares/Third_Party/FatFs/src/ff.c.obj
 .text.get_ldnumber
                0x08007326       0x86 cmake/stm32cubemx/CMakeFiles/FatFs.dir/__/__/Middlewares/Third_Party/FatFs/src/ff.c.obj
 .text.check_fs
                0x080073ac       0xac cmake/stm32cubemx/CMakeFiles/FatFs.dir/__/__/Middlewares/Third_Party/FatFs/src/ff.c.obj
 .text.find_volume
                0x08007458      0x498 cmake/stm32cubemx/CMakeFiles/FatFs.dir/__/__/Middlewares/Third_Party/FatFs/src/ff.c.obj
 .text.validate
                0x080078f0       0x6a cmake/stm32cubemx/CMakeFiles/FatFs.dir/__/__/Middlewares/Third_Party/FatFs/src/ff.c.obj
 *fill*         0x0800795a        0x2 
 .text.f_mount  0x0800795c       0x8c cmake/stm32cubemx/CMakeFiles/FatFs.dir/__/__/Middlewares/Third_Party/FatFs/src/ff.c.obj
                0x0800795c                f_mount
 .text.f_open   0x080079e8      0x374 cmake/stm32cubemx/CMakeFiles/FatFs.dir/__/__/Middlewares/Third_Party/FatFs/src/ff.c.obj
                0x080079e8                f_open
 .text.f_write  0x08007d5c      0x2ea cmake/stm32cubemx/CMakeFiles/FatFs.dir/__/__/Middlewares/Third_Party/FatFs/src/ff.c.obj
                0x08007d5c                f_write
 .text.f_sync   0x08008046       0xfc cmake/stm32cubemx/CMakeFiles/FatFs.dir/__/__/Middlewares/Third_Party/FatFs/src/ff.c.obj
                0x08008046                f_sync
 .text.f_close  0x08008142       0x54 cmake/stm32cubemx/CMakeFiles/FatFs.dir/__/__/Middlewares/Third_Party/FatFs/src/ff.c.obj
                0x08008142                f_close
 .text.f_mkdir  0x08008196      0x20e cmake/stm32cubemx/CMakeFiles/FatFs.dir/__/__/Middlewares/Third_Party/FatFs/src/ff.c.obj
                0x08008196                f_mkdir
 .text.FATFS_LinkDriverEx
                0x080083a4       0x94 cmake/stm32cubemx/CMakeFiles/FatFs.dir/__/__/Middlewares/Third_Party/FatFs/src/ff_gen_drv.c.obj
                0x080083a4                FATFS_LinkDriverEx
 .text.FATFS_LinkDriver
                0x08008438       0x1e cmake/stm32cubemx/CMakeFiles/FatFs.dir/__/__/Middlewares/Third_Party/FatFs/src/ff_gen_drv.c.obj
                0x08008438                FATFS_LinkDriver
 *fill*         0x08008456        0x2 
 .text.MX_FATFS_Init
                0x08008458       0x24 CMakeFiles/active-load.dir/FATFS/App/fatfs.c.obj
                0x08008458                MX_FATFS_Init
 .text.get_fattime
                0x0800847c        0xe CMakeFiles/active-load.dir/FATFS/App/fatfs.c.obj
                0x0800847c                get_fattime
 .text.USER_initialize
                0x0800848a       0x1c CMakeFiles/active-load.dir/FATFS/Target/user_diskio.c.obj
                0x0800848a                USER_initialize
 .text.USER_status
                0x080084a6       0x1c CMakeFiles/active-load.dir/FATFS/Target/user_diskio.c.obj
                0x080084a6                USER_status
 .text.USER_read
                0x080084c2       0x26 CMakeFiles/active-load.dir/FATFS/Target/user_diskio.c.obj
                0x080084c2                USER_read
 .text.USER_write
                0x080084e8       0x26 CMakeFiles/active-load.dir/FATFS/Target/user_diskio.c.obj
                0x080084e8                USER_write
 .text.USER_ioctl
                0x0800850e       0x26 CMakeFiles/active-load.dir/FATFS/Target/user_diskio.c.obj
                0x0800850e                USER_ioctl
 .text.main     0x08008534       0x7c CMakeFiles/active-load.dir/Core/Src/main.c.obj
                0x08008534                main
 .text.SystemClock_Config
                0x080085b0       0xc8 CMakeFiles/active-load.dir/Core/Src/main.c.obj
                0x080085b0                SystemClock_Config
 .text.HAL_TIM_PeriodElapsedCallback
                0x08008678       0x1e CMakeFiles/active-load.dir/Core/Src/main.c.obj
                0x08008678                HAL_TIM_PeriodElapsedCallback
 .text.Error_Handler
                0x08008696        0xc CMakeFiles/active-load.dir/Core/Src/main.c.obj
                0x08008696                Error_Handler
 *fill*         0x080086a2        0x2 
 .text.MX_GPIO_Init
                0x080086a4      0x228 CMakeFiles/active-load.dir/Core/Src/gpio.c.obj
                0x080086a4                MX_GPIO_Init
 .text.MX_RTC_Init
                0x080088cc       0xc8 CMakeFiles/active-load.dir/Core/Src/rtc.c.obj
                0x080088cc                MX_RTC_Init
 .text.HAL_RTC_MspInit
                0x08008994       0x2c CMakeFiles/active-load.dir/Core/Src/rtc.c.obj
                0x08008994                HAL_RTC_MspInit
 .text.MX_SPI2_Init
                0x080089c0       0x6c CMakeFiles/active-load.dir/Core/Src/spi.c.obj
                0x080089c0                MX_SPI2_Init
 .text.MX_SPI3_Init
                0x08008a2c       0x6c CMakeFiles/active-load.dir/Core/Src/spi.c.obj
                0x08008a2c                MX_SPI3_Init
 .text.HAL_SPI_MspInit
                0x08008a98      0x144 CMakeFiles/active-load.dir/Core/Src/spi.c.obj
                0x08008a98                HAL_SPI_MspInit
 .text.MX_TIM2_Init
                0x08008bdc       0x98 CMakeFiles/active-load.dir/Core/Src/tim.c.obj
                0x08008bdc                MX_TIM2_Init
 .text.MX_TIM6_Init
                0x08008c74       0x6c CMakeFiles/active-load.dir/Core/Src/tim.c.obj
                0x08008c74                MX_TIM6_Init
 .text.HAL_TIM_Base_MspInit
                0x08008ce0       0x70 CMakeFiles/active-load.dir/Core/Src/tim.c.obj
                0x08008ce0                HAL_TIM_Base_MspInit
 .text.MX_USART2_UART_Init
                0x08008d50       0x54 CMakeFiles/active-load.dir/Core/Src/usart.c.obj
                0x08008d50                MX_USART2_UART_Init
 .text.HAL_UART_MspInit
                0x08008da4       0x98 CMakeFiles/active-load.dir/Core/Src/usart.c.obj
                0x08008da4                HAL_UART_MspInit
 .text.NMI_Handler
                0x08008e3c        0x8 CMakeFiles/active-load.dir/Core/Src/stm32l1xx_it.c.obj
                0x08008e3c                NMI_Handler
 .text.HardFault_Handler
                0x08008e44        0x8 CMakeFiles/active-load.dir/Core/Src/stm32l1xx_it.c.obj
                0x08008e44                HardFault_Handler
 .text.MemManage_Handler
                0x08008e4c        0x8 CMakeFiles/active-load.dir/Core/Src/stm32l1xx_it.c.obj
                0x08008e4c                MemManage_Handler
 .text.BusFault_Handler
                0x08008e54        0x8 CMakeFiles/active-load.dir/Core/Src/stm32l1xx_it.c.obj
                0x08008e54                BusFault_Handler
 .text.UsageFault_Handler
                0x08008e5c        0x8 CMakeFiles/active-load.dir/Core/Src/stm32l1xx_it.c.obj
                0x08008e5c                UsageFault_Handler
 .text.SVC_Handler
                0x08008e64        0xc CMakeFiles/active-load.dir/Core/Src/stm32l1xx_it.c.obj
                0x08008e64                SVC_Handler
 .text.DebugMon_Handler
                0x08008e70        0xc CMakeFiles/active-load.dir/Core/Src/stm32l1xx_it.c.obj
                0x08008e70                DebugMon_Handler
 .text.PendSV_Handler
                0x08008e7c        0xc CMakeFiles/active-load.dir/Core/Src/stm32l1xx_it.c.obj
                0x08008e7c                PendSV_Handler
 .text.SysTick_Handler
                0x08008e88        0xc CMakeFiles/active-load.dir/Core/Src/stm32l1xx_it.c.obj
                0x08008e88                SysTick_Handler
 .text.EXTI9_5_IRQHandler
                0x08008e94        0xe CMakeFiles/active-load.dir/Core/Src/stm32l1xx_it.c.obj
                0x08008e94                EXTI9_5_IRQHandler
 *fill*         0x08008ea2        0x2 
 .text.TIM2_IRQHandler
                0x08008ea4       0x14 CMakeFiles/active-load.dir/Core/Src/stm32l1xx_it.c.obj
                0x08008ea4                TIM2_IRQHandler
 .text.USART2_IRQHandler
                0x08008eb8       0x14 CMakeFiles/active-load.dir/Core/Src/stm32l1xx_it.c.obj
                0x08008eb8                USART2_IRQHandler
 .text.EXTI15_10_IRQHandler
                0x08008ecc       0x18 CMakeFiles/active-load.dir/Core/Src/stm32l1xx_it.c.obj
                0x08008ecc                EXTI15_10_IRQHandler
 .text.SPI3_IRQHandler
                0x08008ee4       0x14 CMakeFiles/active-load.dir/Core/Src/stm32l1xx_it.c.obj
                0x08008ee4                SPI3_IRQHandler
 .text.HAL_MspInit
                0x08008ef8       0x60 CMakeFiles/active-load.dir/Core/Src/stm32l1xx_hal_msp.c.obj
                0x08008ef8                HAL_MspInit
 .text._sbrk    0x08008f58       0x6c CMakeFiles/active-load.dir/Core/Src/sysmem.c.obj
                0x08008f58                _sbrk
 .text.Reset_Handler
                0x08008fc4       0x48 CMakeFiles/active-load.dir/startup_stm32l152xe.s.obj
                0x08008fc4                Reset_Handler
 .text.Default_Handler
                0x0800900c        0x2 CMakeFiles/active-load.dir/startup_stm32l152xe.s.obj
                0x0800900c                RTC_Alarm_IRQHandler
                0x0800900c                EXTI2_IRQHandler
                0x0800900c                COMP_ACQ_IRQHandler
                0x0800900c                TIM10_IRQHandler
                0x0800900c                USB_HP_IRQHandler
                0x0800900c                TIM6_IRQHandler
                0x0800900c                PVD_IRQHandler
                0x0800900c                EXTI3_IRQHandler
                0x0800900c                EXTI0_IRQHandler
                0x0800900c                I2C2_EV_IRQHandler
                0x0800900c                SPI1_IRQHandler
                0x0800900c                USB_FS_WKUP_IRQHandler
                0x0800900c                DMA2_Channel2_IRQHandler
                0x0800900c                DMA1_Channel4_IRQHandler
                0x0800900c                ADC1_IRQHandler
                0x0800900c                USART3_IRQHandler
                0x0800900c                DMA1_Channel7_IRQHandler
                0x0800900c                LCD_IRQHandler
                0x0800900c                UART5_IRQHandler
                0x0800900c                TIM4_IRQHandler
                0x0800900c                DMA2_Channel1_IRQHandler
                0x0800900c                I2C1_EV_IRQHandler
                0x0800900c                DMA1_Channel6_IRQHandler
                0x0800900c                UART4_IRQHandler
                0x0800900c                DMA2_Channel4_IRQHandler
                0x0800900c                TIM3_IRQHandler
                0x0800900c                RCC_IRQHandler
                0x0800900c                DMA1_Channel1_IRQHandler
                0x0800900c                Default_Handler
                0x0800900c                TIM7_IRQHandler
                0x0800900c                TIM5_IRQHandler
                0x0800900c                TIM9_IRQHandler
                0x0800900c                TAMPER_STAMP_IRQHandler
                0x0800900c                RTC_WKUP_IRQHandler
                0x0800900c                SPI2_IRQHandler
                0x0800900c                DMA2_Channel5_IRQHandler
                0x0800900c                DMA1_Channel5_IRQHandler
                0x0800900c                USB_LP_IRQHandler
                0x0800900c                EXTI4_IRQHandler
                0x0800900c                DMA1_Channel3_IRQHandler
                0x0800900c                COMP_IRQHandler
                0x0800900c                WWDG_IRQHandler
                0x0800900c                DAC_IRQHandler
                0x0800900c                EXTI1_IRQHandler
                0x0800900c                TIM11_IRQHandler
                0x0800900c                I2C2_ER_IRQHandler
                0x0800900c                DMA1_Channel2_IRQHandler
                0x0800900c                FLASH_IRQHandler
                0x0800900c                USART1_IRQHandler
                0x0800900c                I2C1_ER_IRQHandler
                0x0800900c                DMA2_Channel3_IRQHandler
 *fill*         0x0800900e        0x2 
 .text.app_Init
                0x08009010      0x100 CMakeFiles/active-load.dir/Modules/app/src/app_init.c.obj
                0x08009010                app_Init
 .text.app_Notify50msFromIsr
                0x08009110       0x18 CMakeFiles/active-load.dir/Modules/app/src/app_init.c.obj
                0x08009110                app_Notify50msFromIsr
 .text.app_Process
                0x08009128       0x3c CMakeFiles/active-load.dir/Modules/app/src/app_init.c.obj
                0x08009128                app_Process
 .text.rb_next  0x08009164       0x1e CMakeFiles/active-load.dir/Modules/comms/src/comms_pc.c.obj
 *fill*         0x08009182        0x2 
 .text.rb_pop   0x08009184       0x58 CMakeFiles/active-load.dir/Modules/comms/src/comms_pc.c.obj
 .text.frame_crc
                0x080091dc       0x3a CMakeFiles/active-load.dir/Modules/comms/src/comms_pc.c.obj
 .text.apply_frame
                0x08009216       0xe8 CMakeFiles/active-load.dir/Modules/comms/src/comms_pc.c.obj
 *fill*         0x080092fe        0x2 
 .text.process_byte
                0x08009300       0xb0 CMakeFiles/active-load.dir/Modules/comms/src/comms_pc.c.obj
 .text.COMMS_StartRx
                0x080093b0       0x74 CMakeFiles/active-load.dir/Modules/comms/src/comms_pc.c.obj
                0x080093b0                COMMS_StartRx
 .text.COMMS_Process
                0x08009424       0x2c CMakeFiles/active-load.dir/Modules/comms/src/comms_pc.c.obj
                0x08009424                COMMS_Process
 .text.HAL_UART_RxCpltCallback
                0x08009450       0x70 CMakeFiles/active-load.dir/Modules/comms/src/comms_pc.c.obj
                0x08009450                HAL_UART_RxCpltCallback
 .text.LoadOutput_Init
                0x080094c0       0x40 CMakeFiles/active-load.dir/Modules/control/src/load_output.c.obj
                0x080094c0                LoadOutput_Init
 .text.LoadOutput_SetDacCode
                0x08009500       0x60 CMakeFiles/active-load.dir/Modules/control/src/load_output.c.obj
                0x08009500                LoadOutput_SetDacCode
 .text.LoadOutput_SetZero
                0x08009560       0x10 CMakeFiles/active-load.dir/Modules/control/src/load_output.c.obj
                0x08009560                LoadOutput_SetZero
 .text.clamp_float
                0x08009570       0x3a CMakeFiles/active-load.dir/Modules/control/src/regulator.c.obj
 .text.current_setpoint_equivalent
                0x080095aa       0x68 CMakeFiles/active-load.dir/Modules/control/src/regulator.c.obj
 *fill*         0x08009612        0x2 
 .text.Regulator_Compensate
                0x08009614      0x24c CMakeFiles/active-load.dir/Modules/control/src/regulator.c.obj
                0x08009614                Regulator_Compensate
 .text.Regulator_Run50ms
                0x08009860      0x1b4 CMakeFiles/active-load.dir/Modules/control/src/regulator.c.obj
                0x08009860                Regulator_Run50ms
 .text.stop_regulation
                0x08009a14       0x28 CMakeFiles/active-load.dir/Modules/control/src/safety.c.obj
 .text.Safety_Init
                0x08009a3c       0x40 CMakeFiles/active-load.dir/Modules/control/src/safety.c.obj
                0x08009a3c                Safety_Init
 .text.Safety_Process
                0x08009a7c      0x140 CMakeFiles/active-load.dir/Modules/control/src/safety.c.obj
                0x08009a7c                Safety_Process
 .text.sd_attach
                0x08009bbc       0x18 CMakeFiles/active-load.dir/Modules/logger/src/logger_sd.c.obj
 .text.sd_detach
                0x08009bd4       0x18 CMakeFiles/active-load.dir/Modules/logger/src/logger_sd.c.obj
 .text.get_date_time
                0x08009bec       0x54 CMakeFiles/active-load.dir/Modules/logger/src/logger_sd.c.obj
 .text.create_folder_with_csv
                0x08009c40      0x1a0 CMakeFiles/active-load.dir/Modules/logger/src/logger_sd.c.obj
 .text.desired_buffer_rows
                0x08009de0       0x28 CMakeFiles/active-load.dir/Modules/logger/src/logger_sd.c.obj
 .text.write_buffer_to_csv
                0x08009e08      0x154 CMakeFiles/active-load.dir/Modules/logger/src/logger_sd.c.obj
 .text.add_data_to_buffer
                0x08009f5c      0x1c0 CMakeFiles/active-load.dir/Modules/logger/src/logger_sd.c.obj
 .text.log_sd_Init
                0x0800a11c       0x5c CMakeFiles/active-load.dir/Modules/logger/src/logger_sd.c.obj
                0x0800a11c                log_sd_Init
 .text.log_sd_Process50ms
                0x0800a178       0xb4 CMakeFiles/active-load.dir/Modules/logger/src/logger_sd.c.obj
                0x0800a178                log_sd_Process50ms
 .text.rb_push  0x0800a22c       0x7c CMakeFiles/active-load.dir/Modules/logger/src/logger_uart.c.obj
 .text.rb_peek_chunk
                0x0800a2a8       0x68 CMakeFiles/active-load.dir/Modules/logger/src/logger_uart.c.obj
 .text.rb_kick  0x0800a310       0xa4 CMakeFiles/active-load.dir/Modules/logger/src/logger_uart.c.obj
 .text.rb_consume
                0x0800a3b4       0x38 CMakeFiles/active-load.dir/Modules/logger/src/logger_uart.c.obj
 .text.lvl_str  0x0800a3ec       0x44 CMakeFiles/active-load.dir/Modules/logger/src/logger_uart.c.obj
 .text.log_complete
                0x0800a430       0x2c CMakeFiles/active-load.dir/Modules/logger/src/logger_uart.c.obj
 .text.HAL_UART_TxCpltCallback
                0x0800a45c       0x24 CMakeFiles/active-load.dir/Modules/logger/src/logger_uart.c.obj
                0x0800a45c                HAL_UART_TxCpltCallback
 .text.log_Init
                0x0800a480       0x7c CMakeFiles/active-load.dir/Modules/logger/src/logger_uart.c.obj
                0x0800a480                log_Init
 .text.log_Write
                0x0800a4fc      0x16c CMakeFiles/active-load.dir/Modules/logger/src/logger_uart.c.obj
                0x0800a4fc                log_Write
 .text.current_setpoint_equivalent
                0x0800a668       0x68 CMakeFiles/active-load.dir/Modules/measurement/src/measurement.c.obj
 .text.current_from_raw
                0x0800a6d0       0xf0 CMakeFiles/active-load.dir/Modules/measurement/src/measurement.c.obj
 .text.voltage_from_raw
                0x0800a7c0       0x6c CMakeFiles/active-load.dir/Modules/measurement/src/measurement.c.obj
 .text.update_range_relays
                0x0800a82c       0x7c CMakeFiles/active-load.dir/Modules/measurement/src/measurement.c.obj
 .text.MEAS_CurrentInit
                0x0800a8a8       0x6c CMakeFiles/active-load.dir/Modules/measurement/src/measurement.c.obj
                0x0800a8a8                MEAS_CurrentInit
 .text.MEAS_VoltageInit
                0x0800a914       0x6c CMakeFiles/active-load.dir/Modules/measurement/src/measurement.c.obj
                0x0800a914                MEAS_VoltageInit
 .text.MEAS_ReadCurrent
                0x0800a980       0x60 CMakeFiles/active-load.dir/Modules/measurement/src/measurement.c.obj
                0x0800a980                MEAS_ReadCurrent
 .text.MEAS_ReadVoltage
                0x0800a9e0       0x58 CMakeFiles/active-load.dir/Modules/measurement/src/measurement.c.obj
                0x0800a9e0                MEAS_ReadVoltage
 .text.MEAS_Poll
                0x0800aa38       0xac CMakeFiles/active-load.dir/Modules/measurement/src/measurement.c.obj
                0x0800aa38                MEAS_Poll
 .text.MEAS_GetChargeCoulombs
                0x0800aae4       0x14 CMakeFiles/active-load.dir/Modules/measurement/src/measurement.c.obj
                0x0800aae4                MEAS_GetChargeCoulombs
 .text.adc_current_config
                0x0800aaf8       0x2c CMakeFiles/active-load.dir/Modules/measurement/src/adc_current_config.c.obj
                0x0800aaf8                adc_current_config
 .text.adc_voltage_config
                0x0800ab24       0x2c CMakeFiles/active-load.dir/Modules/measurement/src/adc_voltage_config.c.obj
                0x0800ab24                adc_voltage_config
 .text.delay_us
                0x0800ab50       0x30 CMakeFiles/active-load.dir/Modules/measurement/src/temp_sensor.c.obj
 .text.one_wire_reset
                0x0800ab80       0x66 CMakeFiles/active-load.dir/Modules/measurement/src/temp_sensor.c.obj
 .text.one_wire_write_bit
                0x0800abe6       0x74 CMakeFiles/active-load.dir/Modules/measurement/src/temp_sensor.c.obj
 .text.one_wire_read_bit
                0x0800ac5a       0x62 CMakeFiles/active-load.dir/Modules/measurement/src/temp_sensor.c.obj
 .text.one_wire_write_byte
                0x0800acbc       0x3e CMakeFiles/active-load.dir/Modules/measurement/src/temp_sensor.c.obj
 .text.one_wire_read_byte
                0x0800acfa       0x42 CMakeFiles/active-load.dir/Modules/measurement/src/temp_sensor.c.obj
 .text.start_conversion
                0x0800ad3c       0x2c CMakeFiles/active-load.dir/Modules/measurement/src/temp_sensor.c.obj
 .text.read_temperature
                0x0800ad68       0xae CMakeFiles/active-load.dir/Modules/measurement/src/temp_sensor.c.obj
 *fill*         0x0800ae16        0x2 
 .text.TempSensor_Init
                0x0800ae18       0x20 CMakeFiles/active-load.dir/Modules/measurement/src/temp_sensor.c.obj
                0x0800ae18                TempSensor_Init
 .text.TempSensor_Process
                0x0800ae38       0x64 CMakeFiles/active-load.dir/Modules/measurement/src/temp_sensor.c.obj
                0x0800ae38                TempSensor_Process
 .text.clamp_float
                0x0800ae9c       0x3a CMakeFiles/active-load.dir/Modules/state/src/app_state.c.obj
 *fill*         0x0800aed6        0x2 
 .text.AppState_InitDefaults
                0x0800aed8       0x80 CMakeFiles/active-load.dir/Modules/state/src/app_state.c.obj
                0x0800aed8                AppState_InitDefaults
 .text.AppState_Frame
                0x0800af58       0x14 CMakeFiles/active-load.dir/Modules/state/src/app_state.c.obj
                0x0800af58                AppState_Frame
 .text.AppState_FrameConst
                0x0800af6c       0x14 CMakeFiles/active-load.dir/Modules/state/src/app_state.c.obj
                0x0800af6c                AppState_FrameConst
 .text.AppState_CalculateCrc
                0x0800af80       0x48 CMakeFiles/active-load.dir/Modules/state/src/app_state.c.obj
                0x0800af80                AppState_CalculateCrc
 .text.AppState_UpdateCrc
                0x0800afc8       0x18 CMakeFiles/active-load.dir/Modules/state/src/app_state.c.obj
                0x0800afc8                AppState_UpdateCrc
 .text.AppState_GetFloat
                0x0800afe0       0x34 CMakeFiles/active-load.dir/Modules/state/src/app_state.c.obj
                0x0800afe0                AppState_GetFloat
 .text.AppState_SetFloat
                0x0800b014       0x2c CMakeFiles/active-load.dir/Modules/state/src/app_state.c.obj
                0x0800b014                AppState_SetFloat
 .text.AppState_GetU8
                0x0800b040       0x2c CMakeFiles/active-load.dir/Modules/state/src/app_state.c.obj
                0x0800b040                AppState_GetU8
 .text.AppState_SetU8
                0x0800b06c       0x2c CMakeFiles/active-load.dir/Modules/state/src/app_state.c.obj
                0x0800b06c                AppState_SetU8
 .text.AppState_GetU16
                0x0800b098       0x34 CMakeFiles/active-load.dir/Modules/state/src/app_state.c.obj
                0x0800b098                AppState_GetU16
 .text.AppState_SetU16
                0x0800b0cc       0x30 CMakeFiles/active-load.dir/Modules/state/src/app_state.c.obj
                0x0800b0cc                AppState_SetU16
 .text.AppState_GetSetpoint
                0x0800b0fc       0x10 CMakeFiles/active-load.dir/Modules/state/src/app_state.c.obj
                0x0800b0fc                AppState_GetSetpoint
 .text.AppState_SetSetpoint
                0x0800b10c       0x90 CMakeFiles/active-load.dir/Modules/state/src/app_state.c.obj
                0x0800b10c                AppState_SetSetpoint
 .text.AppState_GetCurrent
                0x0800b19c       0x10 CMakeFiles/active-load.dir/Modules/state/src/app_state.c.obj
                0x0800b19c                AppState_GetCurrent
 .text.AppState_SetCurrentValue
                0x0800b1ac       0x18 CMakeFiles/active-load.dir/Modules/state/src/app_state.c.obj
                0x0800b1ac                AppState_SetCurrentValue
 .text.AppState_GetBatteryVoltage
                0x0800b1c4       0x10 CMakeFiles/active-load.dir/Modules/state/src/app_state.c.obj
                0x0800b1c4                AppState_GetBatteryVoltage
 .text.AppState_SetBatteryVoltageValue
                0x0800b1d4       0x18 CMakeFiles/active-load.dir/Modules/state/src/app_state.c.obj
                0x0800b1d4                AppState_SetBatteryVoltageValue
 .text.AppState_GetDacOutput
                0x0800b1ec       0x10 CMakeFiles/active-load.dir/Modules/state/src/app_state.c.obj
                0x0800b1ec                AppState_GetDacOutput
 .text.AppState_SetDacOutputValue
                0x0800b1fc       0x18 CMakeFiles/active-load.dir/Modules/state/src/app_state.c.obj
                0x0800b1fc                AppState_SetDacOutputValue
 .text.AppState_GetParameter
                0x0800b214       0x10 CMakeFiles/active-load.dir/Modules/state/src/app_state.c.obj
                0x0800b214                AppState_GetParameter
 .text.AppState_UpdateParameter
                0x0800b224       0x72 CMakeFiles/active-load.dir/Modules/state/src/app_state.c.obj
                0x0800b224                AppState_UpdateParameter
 .text.AppState_GetMode
                0x0800b296       0x10 CMakeFiles/active-load.dir/Modules/state/src/app_state.c.obj
                0x0800b296                AppState_GetMode
 .text.AppState_SetMode
                0x0800b2a6       0x1c CMakeFiles/active-load.dir/Modules/state/src/app_state.c.obj
                0x0800b2a6                AppState_SetMode
 .text.AppState_GetOnOff
                0x0800b2c2       0x10 CMakeFiles/active-load.dir/Modules/state/src/app_state.c.obj
                0x0800b2c2                AppState_GetOnOff
 .text.AppState_SetOnOff
                0x0800b2d2       0x1c CMakeFiles/active-load.dir/Modules/state/src/app_state.c.obj
                0x0800b2d2                AppState_SetOnOff
 .text.AppState_GetLogging
                0x0800b2ee       0x10 CMakeFiles/active-load.dir/Modules/state/src/app_state.c.obj
                0x0800b2ee                AppState_GetLogging
 .text.AppState_SetLogging
                0x0800b2fe       0x1c CMakeFiles/active-load.dir/Modules/state/src/app_state.c.obj
                0x0800b2fe                AppState_SetLogging
 .text.AppState_GetLoggingBufferSize
                0x0800b31a       0x10 CMakeFiles/active-load.dir/Modules/state/src/app_state.c.obj
                0x0800b31a                AppState_GetLoggingBufferSize
 .text.AppState_SetLoggingBufferSize
                0x0800b32a       0x1c CMakeFiles/active-load.dir/Modules/state/src/app_state.c.obj
                0x0800b32a                AppState_SetLoggingBufferSize
 .text.AppState_GetLoggingSpeed
                0x0800b346       0x10 CMakeFiles/active-load.dir/Modules/state/src/app_state.c.obj
                0x0800b346                AppState_GetLoggingSpeed
 .text.AppState_SetLoggingSpeed
                0x0800b356       0x1c CMakeFiles/active-load.dir/Modules/state/src/app_state.c.obj
                0x0800b356                AppState_SetLoggingSpeed
 .text.float_to_u32
                0x0800b372       0x1c CMakeFiles/active-load.dir/Modules/storage/src/config_store.c.obj
 .text.u32_to_float
                0x0800b38e       0x1e CMakeFiles/active-load.dir/Modules/storage/src/config_store.c.obj
 .text.write_word
                0x0800b3ac       0x1e CMakeFiles/active-load.dir/Modules/storage/src/config_store.c.obj
 *fill*         0x0800b3ca        0x2 
 .text.ConfigStore_SavePartial
                0x0800b3cc      0x1bc CMakeFiles/active-load.dir/Modules/storage/src/config_store.c.obj
                0x0800b3cc                ConfigStore_SavePartial
 .text.ConfigStore_LoadPartial
                0x0800b588      0x114 CMakeFiles/active-load.dir/Modules/storage/src/config_store.c.obj
                0x0800b588                ConfigStore_LoadPartial
 .text.lcd_enable_pulse
                0x0800b69c       0x30 CMakeFiles/active-load.dir/Modules/ui/src/lcd_ui.c.obj
 .text.lcd_send_4bits
                0x0800b6cc       0x74 CMakeFiles/active-load.dir/Modules/ui/src/lcd_ui.c.obj
 .text.lcd_send_cmd
                0x0800b740       0x5c CMakeFiles/active-load.dir/Modules/ui/src/lcd_ui.c.obj
 .text.lcd_send_data
                0x0800b79c       0x4c CMakeFiles/active-load.dir/Modules/ui/src/lcd_ui.c.obj
 .text.redraw_current_view
                0x0800b7e8       0x50 CMakeFiles/active-load.dir/Modules/ui/src/lcd_ui.c.obj
 .text.lcd_send_string
                0x0800b838       0x2a CMakeFiles/active-load.dir/Modules/ui/src/lcd_ui.c.obj
 *fill*         0x0800b862        0x2 
 .text.lcd_display_measurement
                0x0800b864       0x78 CMakeFiles/active-load.dir/Modules/ui/src/lcd_ui.c.obj
 .text.lcd_display_setpoint
                0x0800b8dc       0x7c CMakeFiles/active-load.dir/Modules/ui/src/lcd_ui.c.obj
 .text.lcd_display_mode
                0x0800b958       0x48 CMakeFiles/active-load.dir/Modules/ui/src/lcd_ui.c.obj
 .text.show_default_view
                0x0800b9a0       0x2c CMakeFiles/active-load.dir/Modules/ui/src/lcd_ui.c.obj
 .text.show_turn_view
                0x0800b9cc       0x7c CMakeFiles/active-load.dir/Modules/ui/src/lcd_ui.c.obj
 .text.show_mode_view
                0x0800ba48       0xd4 CMakeFiles/active-load.dir/Modules/ui/src/lcd_ui.c.obj
 .text.show_logging_view
                0x0800bb1c       0x7c CMakeFiles/active-load.dir/Modules/ui/src/lcd_ui.c.obj
 .text.LcdUi_Init
                0x0800bb98       0xe4 CMakeFiles/active-load.dir/Modules/ui/src/lcd_ui.c.obj
                0x0800bb98                LcdUi_Init
 .text.HAL_GPIO_EXTI_Callback
                0x0800bc7c      0x254 CMakeFiles/active-load.dir/Modules/ui/src/lcd_ui.c.obj
                0x0800bc7c                HAL_GPIO_EXTI_Callback
 .text.LcdUi_Process
                0x0800bed0      0x2f8 CMakeFiles/active-load.dir/Modules/ui/src/lcd_ui.c.obj
                0x0800bed0                LcdUi_Process
 .text.mcp3561t_Init
                0x0800c1c8       0x66 CMakeFiles/active-load.dir/AdDrivers/MCP3561T/src/mcp3561t_init.c.obj
                0x0800c1c8                mcp3561t_Init
 .text.mcp3561t_SaveConfig
                0x0800c22e       0xe4 CMakeFiles/active-load.dir/AdDrivers/MCP3561T/src/mcp3561t_init.c.obj
                0x0800c22e                mcp3561t_SaveConfig
 .text.write_reg
                0x0800c312       0xd4 CMakeFiles/active-load.dir/AdDrivers/MCP3561T/src/mcp3561t_runtime.c.obj
 .text.read_reg
                0x0800c3e6       0xd4 CMakeFiles/active-load.dir/AdDrivers/MCP3561T/src/mcp3561t_runtime.c.obj
 .text.mcp3561t_WriteConfig
                0x0800c4ba      0x22a CMakeFiles/active-load.dir/AdDrivers/MCP3561T/src/mcp3561t_runtime.c.obj
                0x0800c4ba                mcp3561t_WriteConfig
 .text.mcp3561t_ReadAdcRaw
                0x0800c6e4       0x88 CMakeFiles/active-load.dir/AdDrivers/MCP3561T/src/mcp3561t_runtime.c.obj
                0x0800c6e4                mcp3561t_ReadAdcRaw
 .text.dac8830_Init
                0x0800c76c       0x70 CMakeFiles/active-load.dir/AdDrivers/DAC8830/src/dac8830.c.obj
                0x0800c76c                dac8830_Init
 .text.dac8830_SetCode
                0x0800c7dc       0x82 CMakeFiles/active-load.dir/AdDrivers/DAC8830/src/dac8830.c.obj
                0x0800c7dc                dac8830_SetCode
 *fill*         0x0800c85e        0x2 
 .text.roundf   0x0800c860       0x48 /home/majg__/.local/share/stm32cube/bundles/gnu-tools-for-stm32/14.3.1+st.2/bin/../lib/gcc/arm-none-eabi/14.3.1/../../../../arm-none-eabi/lib/thumb/v7-m/nofp/libm.a(libm_a-sf_round.o)
                0x0800c860                roundf
 .text.snprintf
                0x0800c8a8       0x6c /home/majg__/.local/share/stm32cube/bundles/gnu-tools-for-stm32/14.3.1+st.2/bin/../lib/gcc/arm-none-eabi/14.3.1/../../../../arm-none-eabi/lib/thumb/v7-m/nofp/libg_nano.a(libc_a-snprintf.o)
                0x0800c8a8                snprintf
                0x0800c8a8                sniprintf
 .text._vsnprintf_r
                0x0800c914       0x5c /home/majg__/.local/share/stm32cube/bundles/gnu-tools-for-stm32/14.3.1+st.2/bin/../lib/gcc/arm-none-eabi/14.3.1/../../../../arm-none-eabi/lib/thumb/v7-m/nofp/libg_nano.a(libc_a-vsnprintf.o)
                0x0800c914                _vsnprintf_r
                0x0800c914                _vsniprintf_r
 .text.vsnprintf
                0x0800c970       0x1c /home/majg__/.local/share/stm32cube/bundles/gnu-tools-for-stm32/14.3.1+st.2/bin/../lib/gcc/arm-none-eabi/14.3.1/../../../../arm-none-eabi/lib/thumb/v7-m/nofp/libg_nano.a(libc_a-vsnprintf.o)
                0x0800c970                vsnprintf
                0x0800c970                vsniprintf
 .text.memset   0x0800c98c       0x10 /home/majg__/.local/share/stm32cube/bundles/gnu-tools-for-stm32/14.3.1+st.2/bin/../lib/gcc/arm-none-eabi/14.3.1/../../../../arm-none-eabi/lib/thumb/v7-m/nofp/libg_nano.a(libc_a-memset.o)
                0x0800c98c                memset
 .text.__errno  0x0800c99c        0xc /home/majg__/.local/share/stm32cube/bundles/gnu-tools-for-stm32/14.3.1+st.2/bin/../lib/gcc/arm-none-eabi/14.3.1/../../../../arm-none-eabi/lib/thumb/v7-m/nofp/libg_nano.a(libc_a-errno.o)
                0x0800c99c                __errno
 .text.__libc_init_array
                0x0800c9a8       0x48 /home/majg__/.local/share/stm32cube/bundles/gnu-tools-for-stm32/14.3.1+st.2/bin/../lib/gcc/arm-none-eabi/14.3.1/../../../../arm-none-eabi/lib/thumb/v7-m/nofp/libg_nano.a(libc_a-init.o)
                0x0800c9a8                __libc_init_array
 .text.__retarget_lock_acquire_recursive
                0x0800c9f0        0x2 /home/majg__/.local/share/stm32cube/bundles/gnu-tools-for-stm32/14.3.1+st.2/bin/../lib/gcc/arm-none-eabi/14.3.1/../../../../arm-none-eabi/lib/thumb/v7-m/nofp/libg_nano.a(libc_a-lock.o)
                0x0800c9f0                __retarget_lock_acquire_recursive
 .text.__retarget_lock_release_recursive
                0x0800c9f2        0x2 /home/majg__/.local/share/stm32cube/bundles/gnu-tools-for-stm32/14.3.1+st.2/bin/../lib/gcc/arm-none-eabi/14.3.1/../../../../arm-none-eabi/lib/thumb/v7-m/nofp/libg_nano.a(libc_a-lock.o)
                0x0800c9f2                __retarget_lock_release_recursive
 .text.memcpy   0x0800c9f4       0x1c /home/majg__/.local/share/stm32cube/bundles/gnu-tools-for-stm32/14.3.1+st.2/bin/../lib/gcc/arm-none-eabi/14.3.1/../../../../arm-none-eabi/lib/thumb/v7-m/nofp/libg_nano.a(libc_a-memcpy-stub.o)
                0x0800c9f4                memcpy
 .text._free_r  0x0800ca10       0x90 /home/majg__/.local/share/stm32cube/bundles/gnu-tools-for-stm32/14.3.1+st.2/bin/../lib/gcc/arm-none-eabi/14.3.1/../../../../arm-none-eabi/lib/thumb/v7-m/nofp/libg_nano.a(libc_a-freer.o)
                0x0800ca10                _free_r
 .text.sbrk_aligned
                0x0800caa0       0x44 /home/majg__/.local/share/stm32cube/bundles/gnu-tools-for-stm32/14.3.1+st.2/bin/../lib/gcc/arm-none-eabi/14.3.1/../../../../arm-none-eabi/lib/thumb/v7-m/nofp/libg_nano.a(libc_a-mallocr.o)
 .text._malloc_r
                0x0800cae4      0x100 /home/majg__/.local/share/stm32cube/bundles/gnu-tools-for-stm32/14.3.1+st.2/bin/../lib/gcc/arm-none-eabi/14.3.1/../../../../arm-none-eabi/lib/thumb/v7-m/nofp/libg_nano.a(libc_a-mallocr.o)
                0x0800cae4                _malloc_r
 .text.__malloc_lock
                0x0800cbe4        0xc /home/majg__/.local/share/stm32cube/bundles/gnu-tools-for-stm32/14.3.1+st.2/bin/../lib/gcc/arm-none-eabi/14.3.1/../../../../arm-none-eabi/lib/thumb/v7-m/nofp/libg_nano.a(libc_a-mlock.o)
                0x0800cbe4                __malloc_lock
 .text.__malloc_unlock
                0x0800cbf0        0xc /home/majg__/.local/share/stm32cube/bundles/gnu-tools-for-stm32/14.3.1+st.2/bin/../lib/gcc/arm-none-eabi/14.3.1/../../../../arm-none-eabi/lib/thumb/v7-m/nofp/libg_nano.a(libc_a-mlock.o)
                0x0800cbf0                __malloc_unlock
 .text.__ssputs_r
                0x0800cbfc       0xc0 /home/majg__/.local/share/stm32cube/bundles/gnu-tools-for-stm32/14.3.1+st.2/bin/../lib/gcc/arm-none-eabi/14.3.1/../../../../arm-none-eabi/lib/thumb/v7-m/nofp/libg_nano.a(libc_a-nano-svfprintf.o)
                0x0800cbfc                __ssputs_r
 .text._svfprintf_r
                0x0800ccbc      0x1f0 /home/majg__/.local/share/stm32cube/bundles/gnu-tools-for-stm32/14.3.1+st.2/bin/../lib/gcc/arm-none-eabi/14.3.1/../../../../arm-none-eabi/lib/thumb/v7-m/nofp/libg_nano.a(libc_a-nano-svfprintf.o)
                0x0800ccbc                _svfprintf_r
                0x0800ccbc                _svfiprintf_r
 .text._printf_common
                0x0800ceac       0xe4 /home/majg__/.local/share/stm32cube/bundles/gnu-tools-for-stm32/14.3.1+st.2/bin/../lib/gcc/arm-none-eabi/14.3.1/../../../../arm-none-eabi/lib/thumb/v7-m/nofp/libg_nano.a(libc_a-nano-vfprintf_i.o)
                0x0800ceac                _printf_common
 .text._printf_i
                0x0800cf90      0x24c /home/majg__/.local/share/stm32cube/bundles/gnu-tools-for-stm32/14.3.1+st.2/bin/../lib/gcc/arm-none-eabi/14.3.1/../../../../arm-none-eabi/lib/thumb/v7-m/nofp/libg_nano.a(libc_a-nano-vfprintf_i.o)
                0x0800cf90                _printf_i
 .text.memmove  0x0800d1dc       0x32 /home/majg__/.local/share/stm32cube/bundles/gnu-tools-for-stm32/14.3.1+st.2/bin/../lib/gcc/arm-none-eabi/14.3.1/../../../../arm-none-eabi/lib/thumb/v7-m/nofp/libg_nano.a(libc_a-memmove.o)
                0x0800d1dc                memmove
 *fill*         0x0800d20e        0x2 
 .text._sbrk_r  0x0800d210       0x20 /home/majg__/.local/share/stm32cube/bundles/gnu-tools-for-stm32/14.3.1+st.2/bin/../lib/gcc/arm-none-eabi/14.3.1/../../../../arm-none-eabi/lib/thumb/v7-m/nofp/libg_nano.a(libc_a-sbrkr.o)
                0x0800d210                _sbrk_r
 .text.memchr   0x0800d230       0x1c /home/majg__/.local/share/stm32cube/bundles/gnu-tools-for-stm32/14.3.1+st.2/bin/../lib/gcc/arm-none-eabi/14.3.1/../../../../arm-none-eabi/lib/thumb/v7-m/nofp/libg_nano.a(libc_a-memchr-stub.o)
                0x0800d230                memchr
 .text._realloc_r
                0x0800d24c       0x5c /home/majg__/.local/share/stm32cube/bundles/gnu-tools-for-stm32/14.3.1+st.2/bin/../lib/gcc/arm-none-eabi/14.3.1/../../../../arm-none-eabi/lib/thumb/v7-m/nofp/libg_nano.a(libc_a-reallocr.o)
                0x0800d24c                _realloc_r
 .text._malloc_usable_size_r
                0x0800d2a8       0x10 /home/majg__/.local/share/stm32cube/bundles/gnu-tools-for-stm32/14.3.1+st.2/bin/../lib/gcc/arm-none-eabi/14.3.1/../../../../arm-none-eabi/lib/thumb/v7-m/nofp/libg_nano.a(libc_a-msizer.o)
                0x0800d2a8                _malloc_usable_size_r
 *(.glue_7)
 .glue_7        0x0800d2b8        0x0 linker stubs
 *(.glue_7t)
 .glue_7t       0x0800d2b8        0x0 linker stubs
 *(.eh_frame)
 .eh_frame      0x0800d2b8        0x0 /home/majg__/.local/share/stm32cube/bundles/gnu-tools-for-stm32/14.3.1+st.2/bin/../lib/gcc/arm-none-eabi/14.3.1/thumb/v7-m/nofp/crtbegin.o
 *(.init)
 .init          0x0800d2b8        0x4 /home/majg__/.local/share/stm32cube/bundles/gnu-tools-for-stm32/14.3.1+st.2/bin/../lib/gcc/arm-none-eabi/14.3.1/thumb/v7-m/nofp/crti.o
                0x0800d2b8                _init
 .init          0x0800d2bc        0x8 /home/majg__/.local/share/stm32cube/bundles/gnu-tools-for-stm32/14.3.1+st.2/bin/../lib/gcc/arm-none-eabi/14.3.1/thumb/v7-m/nofp/crtn.o
 *(.fini)
 .fini          0x0800d2c4        0x4 /home/majg__/.local/share/stm32cube/bundles/gnu-tools-for-stm32/14.3.1+st.2/bin/../lib/gcc/arm-none-eabi/14.3.1/thumb/v7-m/nofp/crti.o
                0x0800d2c4                _fini
 .fini          0x0800d2c8        0x8 /home/majg__/.local/share/stm32cube/bundles/gnu-tools-for-stm32/14.3.1+st.2/bin/../lib/gcc/arm-none-eabi/14.3.1/thumb/v7-m/nofp/crtn.o
                0x0800d2d0                        . = ALIGN (0x4)
                0x0800d2d0                        _etext = .

.vfp11_veneer   0x0800d2d0        0x0
 .vfp11_veneer  0x0800d2d0        0x0 linker stubs

.v4_bx          0x0800d2d0        0x0
 .v4_bx         0x0800d2d0        0x0 linker stubs

.iplt           0x0800d2d0        0x0
 .iplt          0x0800d2d0        0x0 /home/majg__/.local/share/stm32cube/bundles/gnu-tools-for-stm32/14.3.1+st.2/bin/../lib/gcc/arm-none-eabi/14.3.1/thumb/v7-m/nofp/crtbegin.o

.rodata         0x0800d2d0      0x49c
                0x0800d2d0                        . = ALIGN (0x4)
 *(.rodata)
 .rodata        0x0800d2d0       0x44 cmake/stm32cubemx/CMakeFiles/FatFs.dir/__/__/Middlewares/Third_Party/FatFs/src/ff.c.obj
 .rodata        0x0800d314       0xcc CMakeFiles/active-load.dir/Modules/app/src/app_init.c.obj
 .rodata        0x0800d3e0       0xc0 CMakeFiles/active-load.dir/Modules/control/src/regulator.c.obj
 .rodata        0x0800d4a0      0x13d CMakeFiles/active-load.dir/Modules/logger/src/logger_sd.c.obj
 *fill*         0x0800d5dd        0x3 
 .rodata        0x0800d5e0       0x22 CMakeFiles/active-load.dir/Modules/logger/src/logger_uart.c.obj
 *fill*         0x0800d602        0x2 
 .rodata        0x0800d604       0x18 CMakeFiles/active-load.dir/Modules/measurement/src/adc_current_config.c.obj
 .rodata        0x0800d61c       0x18 CMakeFiles/active-load.dir/Modules/measurement/src/adc_voltage_config.c.obj
 .rodata        0x0800d634       0x36 CMakeFiles/active-load.dir/Modules/ui/src/lcd_ui.c.obj
 *(.rodata*)
 *fill*         0x0800d66a        0x2 
 .rodata.PLLMulTable
                0x0800d66c        0x9 cmake/stm32cubemx/CMakeFiles/STM32_Drivers.dir/__/__/Core/Src/system_stm32l1xx.c.obj
                0x0800d66c                PLLMulTable
 *fill*         0x0800d675        0x3 
 .rodata.AHBPrescTable
                0x0800d678       0x10 cmake/stm32cubemx/CMakeFiles/STM32_Drivers.dir/__/__/Core/Src/system_stm32l1xx.c.obj
                0x0800d678                AHBPrescTable
 .rodata.APBPrescTable
                0x0800d688        0x8 cmake/stm32cubemx/CMakeFiles/STM32_Drivers.dir/__/__/Core/Src/system_stm32l1xx.c.obj
                0x0800d688                APBPrescTable
 .rodata.ExCvt  0x0800d690       0x80 cmake/stm32cubemx/CMakeFiles/FatFs.dir/__/__/Middlewares/Third_Party/FatFs/src/ff.c.obj
 .rodata.a.1    0x0800d710        0x4 CMakeFiles/active-load.dir/Modules/measurement/src/measurement.c.obj
 .rodata.b.0    0x0800d714        0x4 CMakeFiles/active-load.dir/Modules/measurement/src/measurement.c.obj
 .rodata.s_temp_1
                0x0800d718       0x10 CMakeFiles/active-load.dir/Modules/measurement/src/temp_sensor.c.obj
 .rodata.s_temp_3
                0x0800d728       0x10 CMakeFiles/active-load.dir/Modules/measurement/src/temp_sensor.c.obj
 .rodata._svfprintf_r.str1.1
                0x0800d738       0x33 /home/majg__/.local/share/stm32cube/bundles/gnu-tools-for-stm32/14.3.1+st.2/bin/../lib/gcc/arm-none-eabi/14.3.1/../../../../arm-none-eabi/lib/thumb/v7-m/nofp/libg_nano.a(libc_a-nano-svfprintf.o)
                                 0x11 (size before relaxing)
 .rodata._printf_i.str1.1
                0x0800d76b       0x22 /home/majg__/.local/share/stm32cube/bundles/gnu-tools-for-stm32/14.3.1+st.2/bin/../lib/gcc/arm-none-eabi/14.3.1/../../../../arm-none-eabi/lib/thumb/v7-m/nofp/libg_nano.a(libc_a-nano-vfprintf_i.o)
                0x0800d790                        . = ALIGN (0x4)
 *fill*         0x0800d76b        0x1 

.ARM.extab      0x0800d76c        0x0
                0x0800d76c                        . = ALIGN (0x4)
 *(.ARM.extab* .gnu.linkonce.armextab.*)
                0x0800d76c                        . = ALIGN (0x4)

.ARM            0x0800d76c        0x8
                0x0800d76c                        . = ALIGN (0x4)
                0x0800d76c                        __exidx_start = .
 *(.ARM.exidx*)
 .ARM.exidx     0x0800d76c        0x8 /home/majg__/.local/share/stm32cube/bundles/gnu-tools-for-stm32/14.3.1+st.2/bin/../lib/gcc/arm-none-eabi/14.3.1/thumb/v7-m/nofp/libgcc.a(_udivmoddi4.o)
 .ARM.exidx     0x0800d774        0x0 /home/majg__/.local/share/stm32cube/bundles/gnu-tools-for-stm32/14.3.1+st.2/bin/../lib/gcc/arm-none-eabi/14.3.1/../../../../arm-none-eabi/lib/thumb/v7-m/nofp/libg_nano.a(libc_a-strlen.o)
                                  0x8 (size before relaxing)
                0x0800d774                        __exidx_end = .
                0x0800d774                        . = ALIGN (0x4)

.preinit_array  0x0800d774        0x0
                0x0800d774                        . = ALIGN (0x4)
                0x0800d774                        PROVIDE (__preinit_array_start = .)
 *(.preinit_array*)
                0x0800d774                        PROVIDE (__preinit_array_end = .)
                0x0800d774                        . = ALIGN (0x4)

.init_array     0x0800d774        0x4
                0x0800d774                        . = ALIGN (0x4)
                0x0800d774                        PROVIDE (__init_array_start = .)
 *(SORT_BY_NAME(.init_array.*))
 *(.init_array*)
 .init_array    0x0800d774        0x4 /home/majg__/.local/share/stm32cube/bundles/gnu-tools-for-stm32/14.3.1+st.2/bin/../lib/gcc/arm-none-eabi/14.3.1/thumb/v7-m/nofp/crtbegin.o
                0x0800d778                        PROVIDE (__init_array_end = .)
                0x0800d778                        . = ALIGN (0x4)

.fini_array     0x0800d778        0x4
                0x0800d778                        . = ALIGN (0x4)
                [!provide]                        PROVIDE (__fini_array_start = .)
 *(SORT_BY_NAME(.fini_array.*))
 *(.fini_array*)
 .fini_array    0x0800d778        0x4 /home/majg__/.local/share/stm32cube/bundles/gnu-tools-for-stm32/14.3.1+st.2/bin/../lib/gcc/arm-none-eabi/14.3.1/thumb/v7-m/nofp/crtbegin.o
                [!provide]                        PROVIDE (__fini_array_end = .)
                0x0800d77c                        . = ALIGN (0x4)
                0x0800d77c                        _sidata = LOADADDR (.data)

.rel.dyn        0x0800d77c        0x0
 .rel.iplt      0x0800d77c        0x0 /home/majg__/.local/share/stm32cube/bundles/gnu-tools-for-stm32/14.3.1+st.2/bin/../lib/gcc/arm-none-eabi/14.3.1/thumb/v7-m/nofp/crtbegin.o

.data           0x20000000       0x80 load address 0x0800d77c
                0x20000000                        . = ALIGN (0x4)
                0x20000000                        _sdata = .
 *(.data)
 *(.data*)
 .data.SystemCoreClock
                0x20000000        0x4 cmake/stm32cubemx/CMakeFiles/STM32_Drivers.dir/__/__/Core/Src/system_stm32l1xx.c.obj
                0x20000000                SystemCoreClock
 .data.uwTickPrio
                0x20000004        0x4 cmake/stm32cubemx/CMakeFiles/STM32_Drivers.dir/__/__/Drivers/STM32L1xx_HAL_Driver/Src/stm32l1xx_hal.c.obj
                0x20000004                uwTickPrio
 .data.uwTickFreq
                0x20000008        0x4 cmake/stm32cubemx/CMakeFiles/STM32_Drivers.dir/__/__/Drivers/STM32L1xx_HAL_Driver/Src/stm32l1xx_hal.c.obj
                0x20000008                uwTickFreq
 .data.Stat     0x2000000c        0x1 cmake/stm32cubemx/CMakeFiles/FatFs.dir/__/__/FATFS/Target/user_diskio_spi.c.obj
 *fill*         0x2000000d        0x3 
 .data.USER_Driver
                0x20000010       0x14 CMakeFiles/active-load.dir/FATFS/Target/user_diskio.c.obj
                0x20000010                USER_Driver
 .data.TAG      0x20000024        0x4 CMakeFiles/active-load.dir/Modules/app/src/app_init.c.obj
 .data.TAG      0x20000028        0x4 CMakeFiles/active-load.dir/Modules/logger/src/logger_sd.c.obj
 .data.multiplier.7
                0x2000002c        0x2 CMakeFiles/active-load.dir/Modules/ui/src/lcd_ui.c.obj
 .data.prev_mode.4
                0x2000002e        0x1 CMakeFiles/active-load.dir/Modules/ui/src/lcd_ui.c.obj
 *fill*         0x2000002f        0x1 
 .data._impure_ptr
                0x20000030        0x4 /home/majg__/.local/share/stm32cube/bundles/gnu-tools-for-stm32/14.3.1+st.2/bin/../lib/gcc/arm-none-eabi/14.3.1/../../../../arm-none-eabi/lib/thumb/v7-m/nofp/libg_nano.a(libc_a-impure.o)
                0x20000030                _impure_ptr
 .data._impure_data
                0x20000034       0x4c /home/majg__/.local/share/stm32cube/bundles/gnu-tools-for-stm32/14.3.1+st.2/bin/../lib/gcc/arm-none-eabi/14.3.1/../../../../arm-none-eabi/lib/thumb/v7-m/nofp/libg_nano.a(libc_a-impure.o)
                0x20000034                _impure_data
 *(.RamFunc)
 *(.RamFunc*)
                0x20000080                        . = ALIGN (0x4)

.igot.plt       0x20000080        0x0 load address 0x0800d7fc
 .igot.plt      0x20000080        0x0 /home/majg__/.local/share/stm32cube/bundles/gnu-tools-for-stm32/14.3.1+st.2/bin/../lib/gcc/arm-none-eabi/14.3.1/thumb/v7-m/nofp/crtbegin.o

.tdata          0x20000080        0x0 load address 0x0800d7fc
 *(.tdata .tdata.* .gnu.linkonce.td.*)
                0x20000080                        . = ALIGN (0x4)
                0x20000080                        _edata = .
                [!provide]                        PROVIDE (__data_end = .)
                [!provide]                        PROVIDE (__tdata_end = .)
                [!provide]                        PROVIDE (__tdata_start = ADDR (.tdata))
                [!provide]                        PROVIDE (__tdata_size = (__tdata_end - __tdata_start))
                [!provide]                        PROVIDE (__data_start = ADDR (.data))
                [!provide]                        PROVIDE (__data_size = (__data_end - __data_start))
                [!provide]                        PROVIDE (__tdata_source = LOADADDR (.tdata))
                [!provide]                        PROVIDE (__tdata_source_end = (LOADADDR (.tdata) + SIZEOF (.tdata)))
                [!provide]                        PROVIDE (__tdata_source_size = (__tdata_source_end - __tdata_source))
                [!provide]                        PROVIDE (__data_source = LOADADDR (.data))
                [!provide]                        PROVIDE (__data_source_end = __tdata_source_end)
                [!provide]                        PROVIDE (__data_source_size = (__data_source_end - __data_source))

.tbss           0x20000080        0x0 load address 0x0800d7fc
                0x20000080                        _sbss = .
                0x20000080                        __bss_start__ = _sbss
 *(.tbss .tbss.*)
                0x20000080                        . = ALIGN (0x4)
                [!provide]                        PROVIDE (__tbss_end = .)
                [!provide]                        PROVIDE (__tbss_start = ADDR (.tbss))
                [!provide]                        PROVIDE (__tbss_size = (__tbss_end - __tbss_start))
                [!provide]                        PROVIDE (__tbss_offset = (ADDR (.tbss) - ADDR (.tdata)))
                [!provide]                        PROVIDE (__tls_base = __tdata_start)
                [!provide]                        PROVIDE (__tls_end = __tbss_end)
                [!provide]                        PROVIDE (__tls_size = (__tls_end - __tls_base))
                [!provide]                        PROVIDE (__tls_align = MAX (ALIGNOF (.tdata), ALIGNOF (.tbss)))
                [!provide]                        PROVIDE (__tls_size_align = (((__tls_size + __tls_align) - 0x1) & ~ ((__tls_align - 0x1))))
                [!provide]                        PROVIDE (__arm32_tls_tcb_offset = MAX (0x8, __tls_align))
                [!provide]                        PROVIDE (__arm64_tls_tcb_offset = MAX (0x10, __tls_align))

.bss            0x20000080     0x5014 load address 0x0800d7fc
 *(.bss)
 .bss           0x20000080       0x1c /home/majg__/.local/share/stm32cube/bundles/gnu-tools-for-stm32/14.3.1+st.2/bin/../lib/gcc/arm-none-eabi/14.3.1/thumb/v7-m/nofp/crtbegin.o
 *(.bss*)
 .bss.uwTick    0x2000009c        0x4 cmake/stm32cubemx/CMakeFiles/STM32_Drivers.dir/__/__/Drivers/STM32L1xx_HAL_Driver/Src/stm32l1xx_hal.c.obj
                0x2000009c                uwTick
 .bss.pFlash    0x200000a0       0x18 cmake/stm32cubemx/CMakeFiles/STM32_Drivers.dir/__/__/Drivers/STM32L1xx_HAL_Driver/Src/stm32l1xx_hal_flash.c.obj
                0x200000a0                pFlash
 .bss.CardType  0x200000b8        0x1 cmake/stm32cubemx/CMakeFiles/FatFs.dir/__/__/FATFS/Target/user_diskio_spi.c.obj
 *fill*         0x200000b9        0x3 
 .bss.spiTimerTickStart
                0x200000bc        0x4 cmake/stm32cubemx/CMakeFiles/FatFs.dir/__/__/FATFS/Target/user_diskio_spi.c.obj
                0x200000bc                spiTimerTickStart
 .bss.spiTimerTickDelay